Archive member included to satisfy reference by file (symbol)

.pio\build\uno_r4_wifi\lib1f4\libWire.a(Wire.cpp.o)
                              .pio\build\uno_r4_wifi\src\main.cpp.o (TwoWire::begin())
.pio\build\uno_r4_wifi\lib3c8\libLiquidCrystal_I2C.a(LiquidCrystal_I2C.cpp.o)
                              .pio\build\uno_r4_wifi\src\infrastructure\display\LcdDisplay.cpp.o (LiquidCrystal_I2C::LiquidCrystal_I2C(unsigned char, unsigned char, unsigned char))
.pio\build\uno_r4_wifi\libed1\libSoftwareSerial.a(SoftwareSerial.cpp.o)
                              .pio\build\uno_r4_wifi\src\infrastructure\sensors\NPKSensor.cpp.o (SoftwareSerial::available())
.pio\build\uno_r4_wifi\libFrameworkArduinoVariant.a(common_data.c.o)
                              .pio\build\uno_r4_wifi\lib1f4\libWire.a(Wire.cpp.o) (g_ioport_ctrl)
.pio\build\uno_r4_wifi\libFrameworkArduinoVariant.a(main.c.o)
                              c:/users/legion/.platformio/packages/toolchain-gccarmnoneeabi/bin/../lib/gcc/arm-none-eabi/7.2.1/../../../../arm-none-eabi/lib/thumb/v7e-m/fpv4-sp/hard/crt0.o (main)
.pio\build\uno_r4_wifi\libFrameworkArduinoVariant.a(pin_data.c.o)
                              .pio\build\uno_r4_wifi\libFrameworkArduinoVariant.a(common_data.c.o) (g_bsp_pin_cfg)
.pio\build\uno_r4_wifi\libFrameworkArduinoVariant.a(variant.cpp.o)
                              .pio\build\uno_r4_wifi\lib1f4\libWire.a(Wire.cpp.o) (PINCOUNT_fn)
.pio\build\uno_r4_wifi\libFrameworkArduino.a(FspTimer.cpp.o)
                              .pio\build\uno_r4_wifi\libed1\libSoftwareSerial.a(SoftwareSerial.cpp.o) (FspTimer::FspTimer())
.pio\build\uno_r4_wifi\libFrameworkArduino.a(IRQManager.cpp.o)
                              .pio\build\uno_r4_wifi\lib1f4\libWire.a(Wire.cpp.o) (IRQManager::getInstance())
.pio\build\uno_r4_wifi\libFrameworkArduino.a(Interrupts.cpp.o)
                              .pio\build\uno_r4_wifi\libed1\libSoftwareSerial.a(SoftwareSerial.cpp.o) (getIrqIndexFromPin(unsigned long))
.pio\build\uno_r4_wifi\libFrameworkArduino.a(Serial.cpp.o)
                              .pio\build\uno_r4_wifi\src\main.cpp.o (UART::begin(unsigned long))
.pio\build\uno_r4_wifi\libFrameworkArduino.a(SerialObj1.cpp.o)
                              .pio\build\uno_r4_wifi\src\infrastructure\comm\SerialLogger.cpp.o (_UART1_)
.pio\build\uno_r4_wifi\libFrameworkArduino.a(analog.cpp.o)
                              .pio\build\uno_r4_wifi\src\infrastructure\sensors\MoistureSensor.cpp.o (analogRead)
.pio\build\uno_r4_wifi\libFrameworkArduino.a(Common.cpp.o)
                              .pio\build\uno_r4_wifi\src\infrastructure\sensors\MoistureSensor.cpp.o (map(long, long, long, long, long))
.pio\build\uno_r4_wifi\libFrameworkArduino.a(Print.cpp.o)
                              .pio\build\uno_r4_wifi\src\infrastructure\sensors\NPKSensor.cpp.o (arduino::Print::write(unsigned char const*, unsigned int))
.pio\build\uno_r4_wifi\libFrameworkArduino.a(dac.cpp.o)
                              .pio\build\uno_r4_wifi\libFrameworkArduino.a(analog.cpp.o) (CDac::analogWrite(int))
.pio\build\uno_r4_wifi\libFrameworkArduino.a(digital.cpp.o)
                              .pio\build\uno_r4_wifi\src\infrastructure\sensors\MoistureSensor.cpp.o (pinMode)
.pio\build\uno_r4_wifi\libFrameworkArduino.a(main.cpp.o)
                              .pio\build\uno_r4_wifi\libFrameworkArduinoVariant.a(main.c.o) (hal_entry)
.pio\build\uno_r4_wifi\libFrameworkArduino.a(pinDefinitions.cpp.o)
                              .pio\build\uno_r4_wifi\libFrameworkArduino.a(analog.cpp.o) (pinPeripheral(e_bsp_io_port_pin_t, unsigned long))
.pio\build\uno_r4_wifi\libFrameworkArduino.a(pwm.cpp.o)
                              .pio\build\uno_r4_wifi\libFrameworkArduino.a(analog.cpp.o) (PwmOut::PwmOut(int))
.pio\build\uno_r4_wifi\libFrameworkArduino.a(time.cpp.o)
                              .pio\build\uno_r4_wifi\lib3c8\libLiquidCrystal_I2C.a(LiquidCrystal_I2C.cpp.o) (delayMicroseconds)
.pio\build\uno_r4_wifi\libFrameworkArduino.a(variant_helper.cpp.o)
                              .pio\build\uno_r4_wifi\lib1f4\libWire.a(Wire.cpp.o) (getPinCfgs(unsigned char, PinCfgReq_t))
.pio\build\uno_r4_wifi\libFrameworkArduino.a(vector_table.c.o)
                              .pio\build\uno_r4_wifi\libFrameworkArduino.a(main.cpp.o) (g_vector_table)
.pio\build\uno_r4_wifi\libFrameworkArduino.a(cm_backtrace.c.o)
                              .pio\build\uno_r4_wifi\libFrameworkArduino.a(main.cpp.o) (cm_backtrace_init)
.pio\build\uno_r4_wifi\libFrameworkArduino.a(cortex_handlers.c.o)
                              .pio\build\uno_r4_wifi\libFrameworkArduino.a(main.cpp.o) (Stacktrace_Handler)
C:\Users\LEGION\.platformio\packages\framework-arduinorenesas-uno\variants\UNOWIFIR4\libs\libfsp.a(r_spi.o)
                              .pio\build\uno_r4_wifi\libFrameworkArduino.a(IRQManager.cpp.o) (spi_rxi_isr)
C:\Users\LEGION\.platformio\packages\framework-arduinorenesas-uno\variants\UNOWIFIR4\libs\libfsp.a(r_sci_uart.o)
[...]
Memory Configuration

Name             Origin             Length             Attributes
FLASH            0x00004000         0x0003c000         xr
RAM              0x20000000         0x00008000         xrw
DATA_FLASH       0x40100000         0x00002000         xr
OPTION_SETTING   0x00000000         0x00000000         r
OPTION_SETTING_S 0x00000000         0x00000000         r
ID_CODE          0x01010018         0x00000020         xr
*default*        0x00000000         0xffffffff

Linker script and memory map

LOAD c:/users/legion/.platformio/packages/toolchain-gccarmnoneeabi/bin/../lib/gcc/arm-none-eabi/7.2.1/thumb/v7e-m/fpv4-sp/hard/crti.o
LOAD c:/users/legion/.platformio/packages/toolchain-gccarmnoneeabi/bin/../lib/gcc/arm-none-eabi/7.2.1/thumb/v7e-m/fpv4-sp/hard/crtbegin.o
LOAD c:/users/legion/.platformio/packages/toolchain-gccarmnoneeabi/bin/../lib/gcc/arm-none-eabi/7.2.1/../../../../arm-none-eabi/lib/thumb/v7e-m/fpv4-sp/hard/crt0.o
LOAD .pio\build\uno_r4_wifi\src\application\IrrigationService.cpp.o
LOAD .pio\build\uno_r4_wifi\src\application\MonitoringService.cpp.o
LOAD .pio\build\uno_r4_wifi\src\application\SensorService.cpp.o
LOAD .pio\build\uno_r4_wifi\src\domain\IrrigationRules.cpp.o
LOAD .pio\build\uno_r4_wifi\src\domain\IrrigationZone.cpp.o
LOAD .pio\build\uno_r4_wifi\src\domain\SoilMeasurement.cpp.o
LOAD .pio\build\uno_r4_wifi\src\infrastructure\actuators\SolenoidValve.cpp.o
LOAD .pio\build\uno_r4_wifi\src\infrastructure\comm\SerialLogger.cpp.o
LOAD .pio\build\uno_r4_wifi\src\infrastructure\communication\MqttClient.cpp.o
LOAD .pio\build\uno_r4_wifi\src\infrastructure\communication\SerialLogger.cpp.o
LOAD .pio\build\uno_r4_wifi\src\infrastructure\communication\WifiManager.cpp.o
LOAD .pio\build\uno_r4_wifi\src\infrastructure\display\LcdDisplay.cpp.o
LOAD .pio\build\uno_r4_wifi\src\infrastructure\sensors\MoistureSensor.cpp.o
LOAD .pio\build\uno_r4_wifi\src\infrastructure\sensors\NPKSensor.cpp.o
LOAD .pio\build\uno_r4_wifi\src\main.cpp.o
START GROUP
LOAD .pio\build\uno_r4_wifi\lib1f4\libWire.a
LOAD .pio\build\uno_r4_wifi\lib066\libSPI.a
LOAD .pio\build\uno_r4_wifi\libfb7\libAdafruit BusIO.a
LOAD .pio\build\uno_r4_wifi\libe9a\libAdafruit GFX Library.a
LOAD .pio\build\uno_r4_wifi\lib77a\libAdafruit SSD1306.a
LOAD .pio\build\uno_r4_wifi\lib3c8\libLiquidCrystal_I2C.a
LOAD .pio\build\uno_r4_wifi\libed1\libSoftwareSerial.a
LOAD .pio\build\uno_r4_wifi\libFrameworkArduinoVariant.a
LOAD .pio\build\uno_r4_wifi\libFrameworkArduino.a
LOAD C:\Users\LEGION\.platformio\packages\framework-arduinorenesas-uno\variants\UNOWIFIR4\libs\libfsp.a
LOAD c:/users/legion/.platformio/packages/toolchain-gccarmnoneeabi/bin/../lib/gcc/arm-none-eabi/7.2.1/../../../../arm-none-eabi/lib/thumb/v7e-m/fpv4-sp/hard\libstdc++_nano.a
LOAD c:/users/legion/.platformio/packages/toolchain-gccarmnoneeabi/bin/../lib/gcc/arm-none-eabi/7.2.1/../../../../arm-none-eabi/lib/thumb/v7e-m/fpv4-sp/hard\libsupc++_nano.a
LOAD c:/users/legion/.platformio/packages/toolchain-gccarmnoneeabi/bin/../lib/gcc/arm-none-eabi/7.2.1/thumb/v7e-m/fpv4-sp/hard\libgcc.a
LOAD c:/users/legion/.platformio/packages/toolchain-gccarmnoneeabi/bin/../lib/gcc/arm-none-eabi/7.2.1/../../../../arm-none-eabi/lib/thumb/v7e-m/fpv4-sp/hard\libnosys.a
END GROUP
LOAD c:/users/legion/.platformio/packages/toolchain-gccarmnoneeabi/bin/../lib/gcc/arm-none-eabi/7.2.1/../../../../arm-none-eabi/lib/thumb/v7e-m/fpv4-sp/hard\libstdc++_nano.a
LOAD c:/users/legion/.platformio/packages/toolchain-gccarmnoneeabi/bin/../lib/gcc/arm-none-eabi/7.2.1/../../../../arm-none-eabi/lib/thumb/v7e-m/fpv4-sp/hard\libm.a
LOAD c:/users/legion/.platformio/packages/toolchain-gccarmnoneeabi/bin/../lib/gcc/arm-none-eabi/7.2.1/../../../../arm-none-eabi/lib/thumb/v7e-m/fpv4-sp/hard\libc_nano.a
START GROUP
LOAD c:/users/legion/.platformio/packages/toolchain-gccarmnoneeabi/bin/../lib/gcc/arm-none-eabi/7.2.1/thumb/v7e-m/fpv4-sp/hard\libgcc.a
LOAD c:/users/legion/.platformio/packages/toolchain-gccarmnoneeabi/bin/../lib/gcc/arm-none-eabi/7.2.1/../../../../arm-none-eabi/lib/thumb/v7e-m/fpv4-sp/hard\libc_nano.a
END GROUP
START GROUP
LOAD c:/users/legion/.platformio/packages/toolchain-gccarmnoneeabi/bin/../lib/gcc/arm-none-eabi/7.2.1/thumb/v7e-m/fpv4-sp/hard\libgcc.a
LOAD c:/users/legion/.platformio/packages/toolchain-gccarmnoneeabi/bin/../lib/gcc/arm-none-eabi/7.2.1/../../../../arm-none-eabi/lib/thumb/v7e-m/fpv4-sp/hard\libc_nano.a
LOAD c:/users/legion/.platformio/packages/toolchain-gccarmnoneeabi/bin/../lib/gcc/arm-none-eabi/7.2.1/../../../../arm-none-eabi/lib/thumb/v7e-m/fpv4-sp/hard\libnosys.a
END GROUP
START GROUP
LOAD c:/users/legion/.platformio/packages/toolchain-gccarmnoneeabi/bin/../lib/gcc/arm-none-eabi/7.2.1/thumb/v7e-m/fpv4-sp/hard\libgcc.a
LOAD c:/users/legion/.platformio/packages/toolchain-gccarmnoneeabi/bin/../lib/gcc/arm-none-eabi/7.2.1/../../../../arm-none-eabi/lib/thumb/v7e-m/fpv4-sp/hard\libc_nano.a
LOAD c:/users/legion/.platformio/packages/toolchain-gccarmnoneeabi/bin/../lib/gcc/arm-none-eabi/7.2.1/../../../../arm-none-eabi/lib/thumb/v7e-m/fpv4-sp/hard\libnosys.a
END GROUP
LOAD c:/users/legion/.platformio/packages/toolchain-gccarmnoneeabi/bin/../lib/gcc/arm-none-eabi/7.2.1/thumb/v7e-m/fpv4-sp/hard/crtend.o
LOAD c:/users/legion/.platformio/packages/toolchain-gccarmnoneeabi/bin/../lib/gcc/arm-none-eabi/7.2.1/thumb/v7e-m/fpv4-sp/hard/crtn.o
                0x20000000                RAM_START = 0x20000000
                0x00008000                RAM_LENGTH = 0x8000
                0x00000000                FLASH_START = 0x0
                0x00040000                FLASH_LENGTH = 0x40000
                0x40100000                DATA_FLASH_START = 0x40100000
                0x00002000                DATA_FLASH_LENGTH = 0x2000
                0x00000000                OPTION_SETTING_START = 0x0
                0x00000000                OPTION_SETTING_LENGTH = 0x0
                0x00000000                OPTION_SETTING_S_START = 0x0
                0x00000000                OPTION_SETTING_S_LENGTH = 0x0
                0x01010018                ID_CODE_START = 0x1010018
                0x00000020                ID_CODE_LENGTH = 0x20
                0x90000000                SDRAM_START = 0x90000000
                0x00000000                SDRAM_LENGTH = 0x0
                0x60000000                QSPI_FLASH_START = 0x60000000
                0x00000000                QSPI_FLASH_LENGTH = 0x0
                0x68000000                OSPI_DEVICE_0_START = 0x68000000
                0x00000000                OSPI_DEVICE_0_LENGTH = 0x0
                0x70000000                OSPI_DEVICE_1_START = 0x70000000
                0x00000000                OSPI_DEVICE_1_LENGTH = 0x0
                0x00004000                FLASH_IMAGE_START = 0x4000
                0x00000100                VECTOR_TABLE_LENGTH = 0x100
                0x00000400                BSP_CFG_STACK_MAIN_BYTES = 0x400
START GROUP
LOAD c:/users/legion/.platformio/packages/toolchain-gccarmnoneeabi/bin/../lib/gcc/arm-none-eabi/7.2.1/thumb/v7e-m/fpv4-sp/hard\libgcc.a
LOAD c:/users/legion/.platformio/packages/toolchain-gccarmnoneeabi/bin/../lib/gcc/arm-none-eabi/7.2.1/../../../../arm-none-eabi/lib/thumb/v7e-m/fpv4-sp/hard\libc.a
LOAD c:/users/legion/.platformio/packages/toolchain-gccarmnoneeabi/bin/../lib/gcc/arm-none-eabi/7.2.1/../../../../arm-none-eabi/lib/thumb/v7e-m/fpv4-sp/hard\libm.a
LOAD c:/users/legion/.platformio/packages/toolchain-gccarmnoneeabi/bin/../lib/gcc/arm-none-eabi/7.2.1/../../../../arm-none-eabi/lib/thumb/v7e-m/fpv4-sp/hard\libnosys.a
END GROUP

.text           0x00004000     0xbb6c
                0x00000000                __tz_FLASH_S = ABSOLUTE (FLASH_START)
                0x00004000                __ROM_Start = .
 *(.sketch_boot)
                0x00004000                . = ALIGN (0x800)
 *(.fixed_vectors*)
 .fixed_vectors
                0x00004000       0x40 C:\Users\LEGION\.platformio\packages\framework-arduinorenesas-uno\variants\UNOWIFIR4\libs\libfsp.a(startup.o)
                0x00004000                __Vectors
 *(.application_vectors*)
 .application_vectors
                0x00004040       0x80 .pio\build\uno_r4_wifi\libFrameworkArduino.a(vector_table.c.o)
                0x00004040                g_vector_table
                0x000040c0                __Vectors_End = .
 *(.text*)
 .text          0x000040c0       0x40 c:/users/legion/.platformio/packages/toolchain-gccarmnoneeabi/bin/../lib/gcc/arm-none-eabi/7.2.1/thumb/v7e-m/fpv4-sp/hard/crtbegin.o
 .text._ZN12SerialLogger8printNPKERK7NPKData
                0x00004100       0x50 .pio\build\uno_r4_wifi\src\infrastructure\comm\SerialLogger.cpp.o
                0x00004100                SerialLogger::printNPK(NPKData const&)
 .text._ZN10LcdDisplayC2Ehhh
                0x00004150        0xc .pio\build\uno_r4_wifi\src\infrastructure\display\LcdDisplay.cpp.o
                0x00004150                LcdDisplay::LcdDisplay(unsigned char, unsigned char, unsigned char)
                0x00004150                LcdDisplay::LcdDisplay(unsigned char, unsigned char, unsigned char)
 .text._ZN10LcdDisplay5beginEv
                0x0000415c       0x60 .pio\build\uno_r4_wifi\src\infrastructure\display\LcdDisplay.cpp.o
                0x0000415c                LcdDisplay::begin()
 .text._ZN10LcdDisplay6renderE12MoistureDatahhh
                0x000041bc       0xf8 .pio\build\uno_r4_wifi\src\infrastructure\display\LcdDisplay.cpp.o
                0x000041bc                LcdDisplay::render(MoistureData, unsigned char, unsigned char, unsigned char)
 .text._ZN14MoistureSensorC2Eii
                0x000042b4        0x6 .pio\build\uno_r4_wifi\src\infrastructure\sensors\MoistureSensor.cpp.o
                0x000042b4                MoistureSensor::MoistureSensor(int, int)
                0x000042b4                MoistureSensor::MoistureSensor(int, int)
 .text._ZN14MoistureSensor5beginEv
                0x000042ba       0x18 .pio\build\uno_r4_wifi\src\infrastructure\sensors\MoistureSensor.cpp.o
                0x000042ba                MoistureSensor::begin()
 .text._ZN14MoistureSensor4readEv
                0x000042d2       0x4a .pio\build\uno_r4_wifi\src\infrastructure\sensors\MoistureSensor.cpp.o
                0x000042d2                MoistureSensor::read()
 .text._ZN9NPKSensorC2Ehhhh
                0x0000431c       0x54 .pio\build\uno_r4_wifi\src\infrastructure\sensors\NPKSensor.cpp.o
                0x0000431c                NPKSensor::NPKSensor(unsigned char, unsigned char, unsigned char, unsigned char)
                0x0000431c                NPKSensor::NPKSensor(unsigned char, unsigned char, unsigned char, unsigned char)
 .text._ZN9NPKSensor5beginEv
                0x00004370       0x2a .pio\build\uno_r4_wifi\src\infrastructure\sensors\NPKSensor.cpp.o
                0x00004370                NPKSensor::begin()
 .text._ZN9NPKSensor9readValueEPKh
                0x0000439a       0x98 .pio\build\uno_r4_wifi\src\infrastructure\sensors\NPKSensor.cpp.o
                0x0000439a                NPKSensor::readValue(unsigned char const*)
 .text._ZN9NPKSensor4readEv
                0x00004432       0x46 .pio\build\uno_r4_wifi\src\infrastructure\sensors\NPKSensor.cpp.o
                0x00004432                NPKSensor::read()
 .text.loop     0x00004478       0xb8 .pio\build\uno_r4_wifi\src\main.cpp.o
                0x00004478                loop
 .text.startup._GLOBAL__sub_I_soilSensor
                0x00004530       0x3c .pio\build\uno_r4_wifi\src\main.cpp.o
 .text.setup    0x0000456c       0x50 .pio\build\uno_r4_wifi\src\main.cpp.o
                0x0000456c                setup
 .text.exit._GLOBAL__sub_D_soilSensor
                0x000045bc        0xc .pio\build\uno_r4_wifi\src\main.cpp.o
 .text._ZN7arduino5Print17availableForWriteEv
                0x000045c8        0x4 .pio\build\uno_r4_wifi\lib1f4\libWire.a(Wire.cpp.o)
                0x000045c8                arduino::Print::availableForWrite()
 .text.R_BSP_IrqDisable
                0x000045cc       0x24 .pio\build\uno_r4_wifi\lib1f4\libWire.a(Wire.cpp.o)
 .text._ZN7TwoWire21WireSCIMasterCallbackEP27st_i2c_master_callback_args
                0x000045f0       0x38 .pio\build\uno_r4_wifi\lib1f4\libWire.a(Wire.cpp.o)
                0x000045f0                TwoWire::WireSCIMasterCallback(st_i2c_master_callback_args*)
 .text._ZN7TwoWire18WireMasterCallbackEP27st_i2c_master_callback_args
                0x00004628       0x38 .pio\build\uno_r4_wifi\lib1f4\libWire.a(Wire.cpp.o)
                0x00004628                TwoWire::WireMasterCallback(st_i2c_master_callback_args*)
 .text._ZN7TwoWire15endTransmissionEv
                0x00004660        0x8 .pio\build\uno_r4_wifi\lib1f4\libWire.a(Wire.cpp.o)
                0x00004660                TwoWire::endTransmission()
 .text._ZN7TwoWire11requestFromEhj
                0x00004668       0x10 .pio\build\uno_r4_wifi\lib1f4\libWire.a(Wire.cpp.o)
                0x00004668                TwoWire::requestFrom(unsigned char, unsigned int)
 .text._ZN7TwoWire5writeEh
                0x00004678       0x54 .pio\build\uno_r4_wifi\lib1f4\libWire.a(Wire.cpp.o)
                0x00004678                TwoWire::write(unsigned char)
 .text._ZN7TwoWire9onReceiveEPFviE
                0x000046cc        0x6 .pio\build\uno_r4_wifi\lib1f4\libWire.a(Wire.cpp.o)
                0x000046cc                TwoWire::onReceive(void (*)(int))
 .text._ZN7TwoWire9onRequestEPFvvE
                0x000046d2        0x6 .pio\build\uno_r4_wifi\lib1f4\libWire.a(Wire.cpp.o)
                0x000046d2                TwoWire::onRequest(void (*)())
 .text._ZN7TwoWire9availableEv
                0x000046d8        0xc .pio\build\uno_r4_wifi\lib1f4\libWire.a(Wire.cpp.o)
                0x000046d8                TwoWire::available()
 .text._ZN7TwoWire4readEv
                0x000046e4       0x22 .pio\build\uno_r4_wifi\lib1f4\libWire.a(Wire.cpp.o)
                0x000046e4                TwoWire::read()
 .text._ZN7TwoWire4peekEv
                0x00004706       0x18 .pio\build\uno_r4_wifi\lib1f4\libWire.a(Wire.cpp.o)
                0x00004706                TwoWire::peek()
 .text._ZN7TwoWire5flushEv
                0x0000471e       0x12 .pio\build\uno_r4_wifi\lib1f4\libWire.a(Wire.cpp.o)
                0x0000471e                TwoWire::flush()
 .text._ZN7TwoWire3endEv
                0x00004730       0x98 .pio\build\uno_r4_wifi\lib1f4\libWire.a(Wire.cpp.o)
                0x00004730                TwoWire::end()
 .text._ZN7TwoWire5writeEPKhj
                0x000047c8       0x36 .pio\build\uno_r4_wifi\lib1f4\libWire.a(Wire.cpp.o)
                0x000047c8                TwoWire::write(unsigned char const*, unsigned int)
 *fill*         0x000047fe        0x2 ff
 .text._ZN7TwoWire8setClockEm
                0x00004800       0xd8 .pio\build\uno_r4_wifi\lib1f4\libWire.a(Wire.cpp.o)
                0x00004800                TwoWire::setClock(unsigned long)
 .text._ZN7TwoWire10slave_readEm
                0x000048d8       0x28 .pio\build\uno_r4_wifi\lib1f4\libWire.a(Wire.cpp.o)
                0x000048d8                TwoWire::slave_read(unsigned long)
 .text._ZN7TwoWire17WireSlaveCallbackEP26st_i2c_slave_callback_args
                0x00004900      0x104 .pio\build\uno_r4_wifi\lib1f4\libWire.a(Wire.cpp.o)
                0x00004900                TwoWire::WireSlaveCallback(st_i2c_slave_callback_args*)
 .text._ZN7TwoWireC2Eii17WireAddressMode_tb
                0x00004a04       0x98 .pio\build\uno_r4_wifi\lib1f4\libWire.a(Wire.cpp.o)
                0x00004a04                TwoWire::TwoWire(int, int, WireAddressMode_t, bool)
                0x00004a04                TwoWire::TwoWire(int, int, WireAddressMode_t, bool)
 .text._ZN7TwoWire8cfg_pinsEi
                0x00004a9c       0xf4 .pio\build\uno_r4_wifi\lib1f4\libWire.a(Wire.cpp.o)
                0x00004a9c                TwoWire::cfg_pins(int)
 .text._ZN7TwoWire6_beginEv
                0x00004b90      0x244 .pio\build\uno_r4_wifi\lib1f4\libWire.a(Wire.cpp.o)
                0x00004b90                TwoWire::_begin()
 .text._ZN7TwoWire5beginEv
                0x00004dd4       0x18 .pio\build\uno_r4_wifi\lib1f4\libWire.a(Wire.cpp.o)
                0x00004dd4                TwoWire::begin()
 .text._ZN7TwoWire5beginEt
                0x00004dec       0x1e .pio\build\uno_r4_wifi\lib1f4\libWire.a(Wire.cpp.o)
                0x00004dec                TwoWire::begin(unsigned short)
 .text._ZN7TwoWire5beginEh
                0x00004e0a        0x4 .pio\build\uno_r4_wifi\lib1f4\libWire.a(Wire.cpp.o)
                0x00004e0a                TwoWire::begin(unsigned char)
 .text._ZN7TwoWire9read_fromEhPhhjb
                0x00004e0e       0x72 .pio\build\uno_r4_wifi\lib1f4\libWire.a(Wire.cpp.o)
                0x00004e0e                TwoWire::read_from(unsigned char, unsigned char*, unsigned char, unsigned int, bool)
 .text._ZN7TwoWire8write_toEhPhhjb
                0x00004e80       0x92 .pio\build\uno_r4_wifi\lib1f4\libWire.a(Wire.cpp.o)
                0x00004e80                TwoWire::write_to(unsigned char, unsigned char*, unsigned char, unsigned int, bool)
 .text._ZN7TwoWire15endTransmissionEb
                0x00004f12       0x26 .pio\build\uno_r4_wifi\lib1f4\libWire.a(Wire.cpp.o)
                0x00004f12                TwoWire::endTransmission(bool)
 .text._ZN7TwoWire17beginTransmissionEm
                0x00004f38       0x1a .pio\build\uno_r4_wifi\lib1f4\libWire.a(Wire.cpp.o)
                0x00004f38                TwoWire::beginTransmission(unsigned long)
 .text._ZN7TwoWire17beginTransmissionEh
                0x00004f52        0x4 .pio\build\uno_r4_wifi\lib1f4\libWire.a(Wire.cpp.o)
                0x00004f52                TwoWire::beginTransmission(unsigned char)
 .text._ZN7TwoWire11requestFromEhjmhh
                0x00004f56       0x7e .pio\build\uno_r4_wifi\lib1f4\libWire.a(Wire.cpp.o)
                0x00004f56                TwoWire::requestFrom(unsigned char, unsigned int, unsigned long, unsigned char, unsigned char)
 .text._ZN7TwoWire11requestFromEhjb
                0x00004fd4       0x12 .pio\build\uno_r4_wifi\lib1f4\libWire.a(Wire.cpp.o)
                0x00004fd4                TwoWire::requestFrom(unsigned char, unsigned int, bool)
 *fill*         0x00004fe6        0x2 ff
 .text.startup._GLOBAL__sub_I__ZN7TwoWire10g_SCIWiresE
                0x00004fe8       0x2c .pio\build\uno_r4_wifi\lib1f4\libWire.a(Wire.cpp.o)
 .text._ZN7arduino5Print5flushEv
                0x00005014        0x2 .pio\build\uno_r4_wifi\lib3c8\libLiquidCrystal_I2C.a(LiquidCrystal_I2C.cpp.o)
                0x00005014                arduino::Print::flush()
 *fill*         0x00005016        0x2 ff
 .text._ZN17LiquidCrystal_I2CC2Ehhh
                0x00005018       0x1c .pio\build\uno_r4_wifi\lib3c8\libLiquidCrystal_I2C.a(LiquidCrystal_I2C.cpp.o)
                0x00005018                LiquidCrystal_I2C::LiquidCrystal_I2C(unsigned char, unsigned char, unsigned char)
                0x00005018                LiquidCrystal_I2C::LiquidCrystal_I2C(unsigned char, unsigned char, unsigned char)
 .text._ZN17LiquidCrystal_I2C13expanderWriteEh
                0x00005034       0x28 .pio\build\uno_r4_wifi\lib3c8\libLiquidCrystal_I2C.a(LiquidCrystal_I2C.cpp.o)
                0x00005034                LiquidCrystal_I2C::expanderWrite(unsigned char)
 .text._ZN17LiquidCrystal_I2C9backlightEv
                0x0000505c        0xa .pio\build\uno_r4_wifi\lib3c8\libLiquidCrystal_I2C.a(LiquidCrystal_I2C.cpp.o)
                0x0000505c                LiquidCrystal_I2C::backlight()
 .text._ZN17LiquidCrystal_I2C11pulseEnableEh
                0x00005066       0x28 .pio\build\uno_r4_wifi\lib3c8\libLiquidCrystal_I2C.a(LiquidCrystal_I2C.cpp.o)
                0x00005066                LiquidCrystal_I2C::pulseEnable(unsigned char)
 .text._ZN17LiquidCrystal_I2C10write4bitsEh
                0x0000508e       0x16 .pio\build\uno_r4_wifi\lib3c8\libLiquidCrystal_I2C.a(LiquidCrystal_I2C.cpp.o)
                0x0000508e                LiquidCrystal_I2C::write4bits(unsigned char)
 .text._ZN17LiquidCrystal_I2C4sendEhh
                0x000050a4       0x22 .pio\build\uno_r4_wifi\lib3c8\libLiquidCrystal_I2C.a(LiquidCrystal_I2C.cpp.o)
                0x000050a4                LiquidCrystal_I2C::send(unsigned char, unsigned char)
 .text._ZN17LiquidCrystal_I2C5writeEh
                0x000050c6        0xc .pio\build\uno_r4_wifi\lib3c8\libLiquidCrystal_I2C.a(LiquidCrystal_I2C.cpp.o)
                0x000050c6                LiquidCrystal_I2C::write(unsigned char)
 .text._ZN17LiquidCrystal_I2C7commandEh
                0x000050d2        0x6 .pio\build\uno_r4_wifi\lib3c8\libLiquidCrystal_I2C.a(LiquidCrystal_I2C.cpp.o)
                0x000050d2                LiquidCrystal_I2C::command(unsigned char)
 .text._ZN17LiquidCrystal_I2C4homeEv
                0x000050d8       0x14 .pio\build\uno_r4_wifi\lib3c8\libLiquidCrystal_I2C.a(LiquidCrystal_I2C.cpp.o)
                0x000050d8                LiquidCrystal_I2C::home()
 .text._ZN17LiquidCrystal_I2C9setCursorEhh
                0x000050ec       0x40 .pio\build\uno_r4_wifi\lib3c8\libLiquidCrystal_I2C.a(LiquidCrystal_I2C.cpp.o)
                0x000050ec                LiquidCrystal_I2C::setCursor(unsigned char, unsigned char)
 .text._ZN17LiquidCrystal_I2C5clearEv
                0x0000512c       0x26 .pio\build\uno_r4_wifi\lib3c8\libLiquidCrystal_I2C.a(LiquidCrystal_I2C.cpp.o)
                0x0000512c                LiquidCrystal_I2C::clear()
 .text._ZN17LiquidCrystal_I2C7displayEv
                0x00005152       0x14 .pio\build\uno_r4_wifi\lib3c8\libLiquidCrystal_I2C.a(LiquidCrystal_I2C.cpp.o)
                0x00005152                LiquidCrystal_I2C::display()
 .text._ZN17LiquidCrystal_I2C5beginEhhh
                0x00005166       0xa2 .pio\build\uno_r4_wifi\lib3c8\libLiquidCrystal_I2C.a(LiquidCrystal_I2C.cpp.o)
                0x00005166                LiquidCrystal_I2C::begin(unsigned char, unsigned char, unsigned char)
 .text._ZN17LiquidCrystal_I2C9init_privEv
                0x00005208       0x20 .pio\build\uno_r4_wifi\lib3c8\libLiquidCrystal_I2C.a(LiquidCrystal_I2C.cpp.o)
                0x00005208                LiquidCrystal_I2C::init_priv()
 .text._ZN17LiquidCrystal_I2C4initEv
                0x00005228        0x4 .pio\build\uno_r4_wifi\lib3c8\libLiquidCrystal_I2C.a(LiquidCrystal_I2C.cpp.o)
                0x00005228                LiquidCrystal_I2C::init()
 .text._ZN14SoftwareSerial9availableEv
                0x0000522c        0x6 .pio\build\uno_r4_wifi\libed1\libSoftwareSerial.a(SoftwareSerial.cpp.o)
                0x0000522c                SoftwareSerial::available()
 .text._ZN14SoftwareSerial4readEv
                0x00005232       0x54 .pio\build\uno_r4_wifi\libed1\libSoftwareSerial.a(SoftwareSerial.cpp.o)
                0x00005232                SoftwareSerial::read()
 *fill*         0x00005286        0x2 ff
 .text._ZNK14SoftwareSerial7printToERN7arduino5PrintE
                0x00005288       0x5c .pio\build\uno_r4_wifi\libed1\libSoftwareSerial.a(SoftwareSerial.cpp.o)
                0x00005288                SoftwareSerial::printTo(arduino::Print&) const
 .text._ZThn16_NK14SoftwareSerial7printToERN7arduino5PrintE
                0x000052e4        0x8 .pio\build\uno_r4_wifi\libed1\libSoftwareSerial.a(SoftwareSerial.cpp.o)
                0x000052e4                non-virtual thunk to SoftwareSerial::printTo(arduino::Print&) const
 .text._Z15dma_tx_callbackP23st_dmac_callback_args_t
                0x000052ec       0x24 .pio\build\uno_r4_wifi\libed1\libSoftwareSerial.a(SoftwareSerial.cpp.o)
                0x000052ec                dma_tx_callback(st_dmac_callback_args_t*)
 .text._ZL14fsp_tim_configP8FspTimermb
                0x00005310       0x7c .pio\build\uno_r4_wifi\libed1\libSoftwareSerial.a(SoftwareSerial.cpp.o)
 .text._ZN14SoftwareSerial5writeEh
                0x0000538c       0xa8 .pio\build\uno_r4_wifi\libed1\libSoftwareSerial.a(SoftwareSerial.cpp.o)
                0x0000538c                SoftwareSerial::write(unsigned char)
 .text._ZN14SoftwareSerial3endEv
                0x00005434       0x7c .pio\build\uno_r4_wifi\libed1\libSoftwareSerial.a(SoftwareSerial.cpp.o)
                0x00005434                SoftwareSerial::end()
 .text._ZN14SoftwareSerial4peekEv
                0x000054b0       0x30 .pio\build\uno_r4_wifi\libed1\libSoftwareSerial.a(SoftwareSerial.cpp.o)
                0x000054b0                SoftwareSerial::peek()
 .text._ZN14SoftwareSerialC2Ehhj
                0x000054e0       0xcc .pio\build\uno_r4_wifi\libed1\libSoftwareSerial.a(SoftwareSerial.cpp.o)
                0x000054e0                SoftwareSerial::SoftwareSerial(unsigned char, unsigned char, unsigned int)
                0x000054e0                SoftwareSerial::SoftwareSerial(unsigned char, unsigned char, unsigned int)
 .text._ZN14SoftwareSerial5beginEmmb
                0x000055ac      0x37c .pio\build\uno_r4_wifi\libed1\libSoftwareSerial.a(SoftwareSerial.cpp.o)
                0x000055ac                SoftwareSerial::begin(unsigned long, unsigned long, bool)
 .text._ZN14SoftwareSerial10rx_processEv
                0x00005928       0xbc .pio\build\uno_r4_wifi\libed1\libSoftwareSerial.a(SoftwareSerial.cpp.o)
                0x00005928                SoftwareSerial::rx_process()
 .text._Z15dma_rx_callbackP23st_dmac_callback_args_t
                0x000059e4       0x16 .pio\build\uno_r4_wifi\libed1\libSoftwareSerial.a(SoftwareSerial.cpp.o)
                0x000059e4                dma_rx_callback(st_dmac_callback_args_t*)
 .text._ZNSt10unique_ptrIA_hSt14default_deleteIS0_EED2Ev
                0x000059fa       0x10 .pio\build\uno_r4_wifi\libed1\libSoftwareSerial.a(SoftwareSerial.cpp.o)
                0x000059fa                std::unique_ptr<unsigned char [], std::default_delete<unsigned char []> >::~unique_ptr()
                0x000059fa                std::unique_ptr<unsigned char [], std::default_delete<unsigned char []> >::~unique_ptr()
 *fill*         0x00005a0a        0x2 ff
 .text._ZN14SoftwareSerialD2Ev
                0x00005a0c       0x38 .pio\build\uno_r4_wifi\libed1\libSoftwareSerial.a(SoftwareSerial.cpp.o)
                0x00005a0c                SoftwareSerial::~SoftwareSerial()
                0x00005a0c                SoftwareSerial::~SoftwareSerial()
 .text._ZN14SoftwareSerialD0Ev
                0x00005a44       0x16 .pio\build\uno_r4_wifi\libed1\libSoftwareSerial.a(SoftwareSerial.cpp.o)
                0x00005a44                SoftwareSerial::~SoftwareSerial()
 .text.startup.main
                0x00005a5a        0xa .pio\build\uno_r4_wifi\libFrameworkArduinoVariant.a(main.c.o)
                0x00005a5a                main
 .text.PINCOUNT_fn
                0x00005a64        0x4 .pio\build\uno_r4_wifi\libFrameworkArduinoVariant.a(variant.cpp.o)
                0x00005a64                PINCOUNT_fn
 .text._Z17__maybe_start_usbv
                0x00005a68        0x2 .pio\build\uno_r4_wifi\libFrameworkArduinoVariant.a(variant.cpp.o)
                0x00005a68                __maybe_start_usb()
 *fill*         0x00005a6a        0x2 ff
 .text.initVariant
                0x00005a6c       0x9c .pio\build\uno_r4_wifi\libFrameworkArduinoVariant.a(variant.cpp.o)
                0x00005a6c                initVariant
 .text.R_FSP_SystemClockHzGet
                0x00005b08       0x24 .pio\build\uno_r4_wifi\libFrameworkArduino.a(FspTimer.cpp.o)
 .text._ZN8FspTimer17set_period_countsEhfm.part.2
                0x00005b2c      0x158 .pio\build\uno_r4_wifi\libFrameworkArduino.a(FspTimer.cpp.o)
 .text._ZN8FspTimerC2Ev
                0x00005c84       0x18 .pio\build\uno_r4_wifi\libFrameworkArduino.a(FspTimer.cpp.o)
                0x00005c84                FspTimer::FspTimer()
                0x00005c84                FspTimer::FspTimer()
 .text._ZN8FspTimer5beginE12e_timer_modehhmm18e_timer_source_divPFvP22st_timer_callback_argsEPv
                0x00005c9c      0x16c .pio\build\uno_r4_wifi\libFrameworkArduino.a(FspTimer.cpp.o)
                0x00005c9c                FspTimer::begin(e_timer_mode, unsigned char, unsigned char, unsigned long, unsigned long, e_timer_source_div, void (*)(st_timer_callback_args*), void*)
 .text._ZN8FspTimer19get_available_timerERhb
                0x00005e08       0x74 .pio\build\uno_r4_wifi\libFrameworkArduino.a(FspTimer.cpp.o)
                0x00005e08                FspTimer::get_available_timer(unsigned char&, bool)
 .text._ZN8FspTimer17set_period_countsEhfm
                0x00005e7c       0xd8 .pio\build\uno_r4_wifi\libFrameworkArduino.a(FspTimer.cpp.o)
                0x00005e7c                FspTimer::set_period_counts(unsigned char, float, unsigned long)
 .text._ZN8FspTimer5beginE12e_timer_modehhffPFvP22st_timer_callback_argsEPv
                0x00005f54       0xb8 .pio\build\uno_r4_wifi\libFrameworkArduino.a(FspTimer.cpp.o)
                0x00005f54                FspTimer::begin(e_timer_mode, unsigned char, unsigned char, float, float, void (*)(st_timer_callback_args*), void*)
 .text._ZN8FspTimer11get_channelEv
                0x0000600c        0x4 .pio\build\uno_r4_wifi\libFrameworkArduino.a(FspTimer.cpp.o)
                0x0000600c                FspTimer::get_channel()
 .text._ZN8FspTimer4openEv
                0x00006010       0x4e .pio\build\uno_r4_wifi\libFrameworkArduino.a(FspTimer.cpp.o)
                0x00006010                FspTimer::open()
 .text._ZN8FspTimer4stopEv
                0x0000605e       0x2e .pio\build\uno_r4_wifi\libFrameworkArduino.a(FspTimer.cpp.o)
                0x0000605e                FspTimer::stop()
 .text._ZN8FspTimer5resetEv
                0x0000608c       0x2e .pio\build\uno_r4_wifi\libFrameworkArduino.a(FspTimer.cpp.o)
                0x0000608c                FspTimer::reset()
 .text._ZN8FspTimer5startEv
                0x000060ba       0x2e .pio\build\uno_r4_wifi\libFrameworkArduino.a(FspTimer.cpp.o)
                0x000060ba                FspTimer::start()
 .text._ZN8FspTimer5closeEv
                0x000060e8       0x2e .pio\build\uno_r4_wifi\libFrameworkArduino.a(FspTimer.cpp.o)
                0x000060e8                FspTimer::close()
 *fill*         0x00006116        0x2 ff
 .text._ZN8FspTimer3endEv
                0x00006118       0x48 .pio\build\uno_r4_wifi\libFrameworkArduino.a(FspTimer.cpp.o)
                0x00006118                FspTimer::end()
 .text._ZN8FspTimerD2Ev
                0x00006160        0xc .pio\build\uno_r4_wifi\libFrameworkArduino.a(FspTimer.cpp.o)
                0x00006160                FspTimer::~FspTimer()
                0x00006160                FspTimer::~FspTimer()
 .text._ZN8FspTimer16set_source_startE12e_gpt_source
                0x0000616c        0xa .pio\build\uno_r4_wifi\libFrameworkArduino.a(FspTimer.cpp.o)
                0x0000616c                FspTimer::set_source_start(e_gpt_source)
 .text._ZN8FspTimer16set_source_clearE12e_gpt_source
                0x00006176        0xa .pio\build\uno_r4_wifi\libFrameworkArduino.a(FspTimer.cpp.o)
                0x00006176                FspTimer::set_source_clear(e_gpt_source)
 .text._ZN8FspTimer15get_cfg_for_irqEv
                0x00006180       0x14 .pio\build\uno_r4_wifi\libFrameworkArduino.a(FspTimer.cpp.o)
                0x00006180                FspTimer::get_cfg_for_irq()
 .text._ZN8FspTimer9is_openedEv
                0x00006194       0x18 .pio\build\uno_r4_wifi\libFrameworkArduino.a(FspTimer.cpp.o)
                0x00006194                FspTimer::is_opened()
 .text._ZN8FspTimer18setup_overflow_irqEhPFvvE
                0x000061ac       0x4e .pio\build\uno_r4_wifi\libFrameworkArduino.a(FspTimer.cpp.o)
                0x000061ac                FspTimer::setup_overflow_irq(unsigned char, void (*)())
 *fill*         0x000061fa        0x2 ff
 .text.__NVIC_SetPriority
                0x000061fc       0x28 .pio\build\uno_r4_wifi\libFrameworkArduino.a(IRQManager.cpp.o)
 .text.R_BSP_IrqEnable
                0x00006224       0x34 .pio\build\uno_r4_wifi\libFrameworkArduino.a(IRQManager.cpp.o)
 .text.R_BSP_IrqDisable
                0x00006258       0x24 .pio\build\uno_r4_wifi\libFrameworkArduino.a(IRQManager.cpp.o)
 .text.__tcf_0  0x0000627c        0x2 .pio\build\uno_r4_wifi\libFrameworkArduino.a(IRQManager.cpp.o)
 *fill*         0x0000627e        0x2 ff
 .text._ZN10IRQManager11getInstanceEv
                0x00006280       0x38 .pio\build\uno_r4_wifi\libFrameworkArduino.a(IRQManager.cpp.o)
                0x00006280                IRQManager::getInstance()
 .text._ZN10IRQManager18set_ext_link_eventEii
                0x000062b8       0xc8 .pio\build\uno_r4_wifi\libFrameworkArduino.a(IRQManager.cpp.o)
                0x000062b8                IRQManager::set_ext_link_event(int, int)
 .text._ZN10IRQManager23set_gpt_over_link_eventEii
                0x00006380       0x70 .pio\build\uno_r4_wifi\libFrameworkArduino.a(IRQManager.cpp.o)
                0x00006380                IRQManager::set_gpt_over_link_event(int, int)
 .text._ZN10IRQManager18set_agt_link_eventEii
                0x000063f0       0x28 .pio\build\uno_r4_wifi\libFrameworkArduino.a(IRQManager.cpp.o)
                0x000063f0                IRQManager::set_agt_link_event(int, int)
 .text._ZN10IRQManager16addTimerOverflowER5timerPFvvE
                0x00006418       0x80 .pio\build\uno_r4_wifi\libFrameworkArduino.a(IRQManager.cpp.o)
                0x00006418                IRQManager::addTimerOverflow(timer&, void (*)())
 .text._ZN10IRQManager21set_iic_tx_link_eventEii
                0x00006498       0x20 .pio\build\uno_r4_wifi\libFrameworkArduino.a(IRQManager.cpp.o)
                0x00006498                IRQManager::set_iic_tx_link_event(int, int)
 .text._ZN10IRQManager21set_iic_rx_link_eventEii
                0x000064b8       0x20 .pio\build\uno_r4_wifi\libFrameworkArduino.a(IRQManager.cpp.o)
                0x000064b8                IRQManager::set_iic_rx_link_event(int, int)
 .text._ZN10IRQManager22set_iic_tei_link_eventEii
                0x000064d8       0x20 .pio\build\uno_r4_wifi\libFrameworkArduino.a(IRQManager.cpp.o)
                0x000064d8                IRQManager::set_iic_tei_link_event(int, int)
 .text._ZN10IRQManager22set_iic_eri_link_eventEii
                0x000064f8       0x20 .pio\build\uno_r4_wifi\libFrameworkArduino.a(IRQManager.cpp.o)
                0x000064f8                IRQManager::set_iic_eri_link_event(int, int)
 .text._ZN10IRQManager21set_sci_tx_link_eventEii
                0x00006518       0x38 .pio\build\uno_r4_wifi\libFrameworkArduino.a(IRQManager.cpp.o)
                0x00006518                IRQManager::set_sci_tx_link_event(int, int)
 .text._ZN10IRQManager21set_sci_rx_link_eventEii
                0x00006550       0x38 .pio\build\uno_r4_wifi\libFrameworkArduino.a(IRQManager.cpp.o)
                0x00006550                IRQManager::set_sci_rx_link_event(int, int)
 .text._ZN10IRQManager22set_sci_tei_link_eventEii
                0x00006588       0x38 .pio\build\uno_r4_wifi\libFrameworkArduino.a(IRQManager.cpp.o)
                0x00006588                IRQManager::set_sci_tei_link_event(int, int)
 .text._ZN10IRQManager22set_sci_eri_link_eventEii
                0x000065c0       0x38 .pio\build\uno_r4_wifi\libFrameworkArduino.a(IRQManager.cpp.o)
                0x000065c0                IRQManager::set_sci_eri_link_event(int, int)
 .text._ZN10IRQManager21set_spi_tx_link_eventEii
                0x000065f8       0x20 .pio\build\uno_r4_wifi\libFrameworkArduino.a(IRQManager.cpp.o)
                0x000065f8                IRQManager::set_spi_tx_link_event(int, int)
 .text._ZN10IRQManager21set_spi_rx_link_eventEii
                0x00006618       0x20 .pio\build\uno_r4_wifi\libFrameworkArduino.a(IRQManager.cpp.o)
                0x00006618                IRQManager::set_spi_rx_link_event(int, int)
 .text._ZN10IRQManager22set_spi_tei_link_eventEii
                0x00006638       0x20 .pio\build\uno_r4_wifi\libFrameworkArduino.a(IRQManager.cpp.o)
                0x00006638                IRQManager::set_spi_tei_link_event(int, int)
 .text._ZN10IRQManager22set_spi_eri_link_eventEii
                0x00006658       0x20 .pio\build\uno_r4_wifi\libFrameworkArduino.a(IRQManager.cpp.o)
                0x00006658                IRQManager::set_spi_eri_link_event(int, int)
 .text._ZN10IRQManager13addPeripheralE12Peripheral_tPv
                0x00006678      0x904 .pio\build\uno_r4_wifi\libFrameworkArduino.a(IRQManager.cpp.o)
                0x00006678                IRQManager::addPeripheral(Peripheral_t, void*)
 .text._ZN10IRQManager18set_dma_link_eventEii
                0x00006f7c       0x40 .pio\build\uno_r4_wifi\libFrameworkArduino.a(IRQManager.cpp.o)
                0x00006f7c                IRQManager::set_dma_link_event(int, int)
 .text._ZN10IRQManager6addDMAER20st_dmac_extended_cfgPFvvE
                0x00006fbc       0x50 .pio\build\uno_r4_wifi\libFrameworkArduino.a(IRQManager.cpp.o)
                0x00006fbc                IRQManager::addDMA(st_dmac_extended_cfg&, void (*)())
 .text._ZL11IrqCallbackP29st_external_irq_callback_args
                0x0000700c       0x60 .pio\build\uno_r4_wifi\libFrameworkArduino.a(Interrupts.cpp.o)
 .text._ZL14pin2IrqChanneli
                0x0000706c       0x2e .pio\build\uno_r4_wifi\libFrameworkArduino.a(Interrupts.cpp.o)
 *fill*         0x0000709a        0x2 ff
 .text._Z18getIrqIndexFromPinm
                0x0000709c       0x24 .pio\build\uno_r4_wifi\libFrameworkArduino.a(Interrupts.cpp.o)
                0x0000709c                getIrqIndexFromPin(unsigned long)
 .text._Z14attachIrq2Linkm9PinStatus
                0x000070c0       0xb8 .pio\build\uno_r4_wifi\libFrameworkArduino.a(Interrupts.cpp.o)
                0x000070c0                attachIrq2Link(unsigned long, PinStatus)
 .text.startup._GLOBAL__sub_I__Z21digitalPinToInterrupth
                0x00007178       0x14 .pio\build\uno_r4_wifi\libFrameworkArduino.a(Interrupts.cpp.o)
 .text.exit._GLOBAL__sub_D__Z21digitalPinToInterrupth
                0x0000718c       0x24 .pio\build\uno_r4_wifi\libFrameworkArduino.a(Interrupts.cpp.o)
 .text._ZN4UARTcvbEv
                0x000071b0        0x4 .pio\build\uno_r4_wifi\libFrameworkArduino.a(Serial.cpp.o)
                0x000071b0                UART::operator bool()
 .text._ZN4UART5beginEm
                0x000071b4        0xa .pio\build\uno_r4_wifi\libFrameworkArduino.a(Serial.cpp.o)
                0x000071b4                UART::begin(unsigned long)
 .text._ZN4UART5flushEv
                0x000071be        0xa .pio\build\uno_r4_wifi\libFrameworkArduino.a(Serial.cpp.o)
                0x000071be                UART::flush()
 .text._ZN4UART4peekEv
                0x000071c8       0x18 .pio\build\uno_r4_wifi\libFrameworkArduino.a(Serial.cpp.o)
                0x000071c8                UART::peek()
 .text._ZN4UART5writeEh
                0x000071e0       0x34 .pio\build\uno_r4_wifi\libFrameworkArduino.a(Serial.cpp.o)
                0x000071e0                UART::write(unsigned char)
 .text._ZN4UART3endEv
                0x00007214       0x22 .pio\build\uno_r4_wifi\libFrameworkArduino.a(Serial.cpp.o)
                0x00007214                UART::end()
 .text._ZN7__GuardD2Ev
                0x00007236        0xc .pio\build\uno_r4_wifi\libFrameworkArduino.a(Serial.cpp.o)
                0x00007236                __Guard::~__Guard()
                0x00007236                __Guard::~__Guard()
 .text._ZN4UART9availableEv
                0x00007242       0x32 .pio\build\uno_r4_wifi\libFrameworkArduino.a(Serial.cpp.o)
                0x00007242                UART::available()
 .text._ZN4UART15WrapperCallbackEP20st_uart_callback_arg
                0x00007274       0x90 .pio\build\uno_r4_wifi\libFrameworkArduino.a(Serial.cpp.o)
                0x00007274                UART::WrapperCallback(st_uart_callback_arg*)
 .text._ZN4UART4readEv
                0x00007304       0x5c .pio\build\uno_r4_wifi\libFrameworkArduino.a(Serial.cpp.o)
                0x00007304                UART::read()
 .text._ZN4UARTC2Eiiii
                0x00007360       0x78 .pio\build\uno_r4_wifi\libFrameworkArduino.a(Serial.cpp.o)
                0x00007360                UART::UART(int, int, int, int)
                0x00007360                UART::UART(int, int, int, int)
 .text._ZN4UART13setUpUartIrqsER11st_uart_cfg
                0x000073d8       0x14 .pio\build\uno_r4_wifi\libFrameworkArduino.a(Serial.cpp.o)
                0x000073d8                UART::setUpUartIrqs(st_uart_cfg&)
 .text._ZN4UART8cfg_pinsEi
                0x000073ec       0xe8 .pio\build\uno_r4_wifi\libFrameworkArduino.a(Serial.cpp.o)
                0x000073ec                UART::cfg_pins(int)
 .text._ZN4UART5beginEmt
                0x000074d4      0x1a8 .pio\build\uno_r4_wifi\libFrameworkArduino.a(Serial.cpp.o)
                0x000074d4                UART::begin(unsigned long, unsigned short)
 .text._ZN4UART9write_rawEPhj
                0x0000767c       0x1e .pio\build\uno_r4_wifi\libFrameworkArduino.a(Serial.cpp.o)
                0x0000767c                UART::write_raw(unsigned char*, unsigned int)
 *fill*         0x0000769a        0x2 ff
 .text.startup._GLOBAL__sub_I__UART1_
                0x0000769c       0x1c .pio\build\uno_r4_wifi\libFrameworkArduino.a(SerialObj1.cpp.o)
 .text._ZL13readAllGroupAP13ADC_Container
                0x000076b8       0x2c .pio\build\uno_r4_wifi\libFrameworkArduino.a(analog.cpp.o)
 .text._ZL11ADC_irq_cbkP20st_adc_callback_args
                0x000076e4       0x58 .pio\build\uno_r4_wifi\libFrameworkArduino.a(analog.cpp.o)
 .text._ZL10adcConvertP13ADC_Containert
                0x0000773c       0xa4 .pio\build\uno_r4_wifi\libFrameworkArduino.a(analog.cpp.o)
 .text._ZL21get_ADC_container_ptrlRt.constprop.4
                0x000077e0       0x38 .pio\build\uno_r4_wifi\libFrameworkArduino.a(analog.cpp.o)
 .text._ZN13ADC_ContainerC2EhPFvP20st_adc_callback_argsEPv
                0x00007818       0x6e .pio\build\uno_r4_wifi\libFrameworkArduino.a(analog.cpp.o)
                0x00007818                ADC_Container::ADC_Container(unsigned char, void (*)(st_adc_callback_args*), void*)
                0x00007818                ADC_Container::ADC_Container(unsigned char, void (*)(st_adc_callback_args*), void*)
 .text._ZN13ADC_ContainerD2Ev
                0x00007886       0x12 .pio\build\uno_r4_wifi\libFrameworkArduino.a(analog.cpp.o)
                0x00007886                ADC_Container::~ADC_Container()
                0x00007886                ADC_Container::~ADC_Container()
 .text.analogRead
                0x00007898       0x3c .pio\build\uno_r4_wifi\libFrameworkArduino.a(analog.cpp.o)
                0x00007898                analogRead
 .text.analogReference
                0x000078d4       0x5c .pio\build\uno_r4_wifi\libFrameworkArduino.a(analog.cpp.o)
                0x000078d4                analogReference
 .text._Z15analogReferencev
                0x00007930      0x10c .pio\build\uno_r4_wifi\libFrameworkArduino.a(analog.cpp.o)
                0x00007930                analogReference()
 .text._Z23__get_timer_for_channeli
                0x00007a3c       0x2c .pio\build\uno_r4_wifi\libFrameworkArduino.a(analog.cpp.o)
                0x00007a3c                __get_timer_for_channel(int)
 .text.startup._GLOBAL__sub_I__ZN13ADC_ContainerC2EhPFvP20st_adc_callback_argsEPv
                0x00007a68       0x4c .pio\build\uno_r4_wifi\libFrameworkArduino.a(analog.cpp.o)
 .text.exit._GLOBAL__sub_D__ZN13ADC_ContainerC2EhPFvP20st_adc_callback_argsEPv
                0x00007ab4       0x1c .pio\build\uno_r4_wifi\libFrameworkArduino.a(analog.cpp.o)
 .text._Z3maplllll
                0x00007ad0       0x14 .pio\build\uno_r4_wifi\libFrameworkArduino.a(Common.cpp.o)
                0x00007ad0                map(long, long, long, long, long)
 .text._ZN7arduino5Print5writeEPKhj
                0x00007ae4       0x2c .pio\build\uno_r4_wifi\libFrameworkArduino.a(Print.cpp.o)
                0x00007ae4                arduino::Print::write(unsigned char const*, unsigned int)
 .text._ZN7arduino5Print5writeEPKc.part.2
                0x00007b10       0x1e .pio\build\uno_r4_wifi\libFrameworkArduino.a(Print.cpp.o)
 .text._ZN7arduino5Print5writeEPKc
                0x00007b2e        0xa .pio\build\uno_r4_wifi\libFrameworkArduino.a(Print.cpp.o)
                0x00007b2e                arduino::Print::write(char const*)
 .text._ZN7arduino5Print5printEPKc
                0x00007b38        0x8 .pio\build\uno_r4_wifi\libFrameworkArduino.a(Print.cpp.o)
                0x00007b38                arduino::Print::print(char const*)
 .text._ZN7arduino5Print5printEc
                0x00007b40        0x8 .pio\build\uno_r4_wifi\libFrameworkArduino.a(Print.cpp.o)
                0x00007b40                arduino::Print::print(char)
 .text._ZN7arduino5Print7printlnEv
                0x00007b48        0xc .pio\build\uno_r4_wifi\libFrameworkArduino.a(Print.cpp.o)
                0x00007b48                arduino::Print::println()
 .text._ZN7arduino5Print7printlnEPKc
                0x00007b54       0x14 .pio\build\uno_r4_wifi\libFrameworkArduino.a(Print.cpp.o)
                0x00007b54                arduino::Print::println(char const*)
 .text._ZN7arduino5Print11printNumberEmh
                0x00007b68       0x3c .pio\build\uno_r4_wifi\libFrameworkArduino.a(Print.cpp.o)
                0x00007b68                arduino::Print::printNumber(unsigned long, unsigned char)
 .text._ZN7arduino5Print5printEli
                0x00007ba4       0x44 .pio\build\uno_r4_wifi\libFrameworkArduino.a(Print.cpp.o)
                0x00007ba4                arduino::Print::print(long, int)
 .text._ZN7arduino5Print5printEii
                0x00007be8        0x4 .pio\build\uno_r4_wifi\libFrameworkArduino.a(Print.cpp.o)
                0x00007be8                arduino::Print::print(int, int)
 .text._ZN7arduino5Print5printEmi
                0x00007bec       0x1a .pio\build\uno_r4_wifi\libFrameworkArduino.a(Print.cpp.o)
                0x00007bec                arduino::Print::print(unsigned long, int)
 .text._ZN7arduino5Print5printEhi
                0x00007c06        0x4 .pio\build\uno_r4_wifi\libFrameworkArduino.a(Print.cpp.o)
                0x00007c06                arduino::Print::print(unsigned char, int)
 .text._ZN7arduino5Print7printlnEhi
                0x00007c0a       0x14 .pio\build\uno_r4_wifi\libFrameworkArduino.a(Print.cpp.o)
                0x00007c0a                arduino::Print::println(unsigned char, int)
 *fill*         0x00007c1e        0x2 ff
 .text._ZN4CDacC2Eh
                0x00007c20       0x6c .pio\build\uno_r4_wifi\libFrameworkArduino.a(dac.cpp.o)
                0x00007c20                CDac::CDac(unsigned char)
                0x00007c20                CDac::CDac(unsigned char)
 .text.startup._GLOBAL__sub_I__ZN4CDacC2Eh
                0x00007c8c        0xc .pio\build\uno_r4_wifi\libFrameworkArduino.a(dac.cpp.o)
 .text.pinMode  0x00007c98       0x30 .pio\build\uno_r4_wifi\libFrameworkArduino.a(digital.cpp.o)
                0x00007c98                pinMode
 .text.digitalWrite
                0x00007cc8       0x18 .pio\build\uno_r4_wifi\libFrameworkArduino.a(digital.cpp.o)
                0x00007cc8                digitalWrite
 .text.R_BSP_PinAccessEnable
                0x00007ce0       0x2c .pio\build\uno_r4_wifi\libFrameworkArduino.a(main.cpp.o)
 .text.start_freertos_on_header_inclusion
                0x00007d0c        0x2 .pio\build\uno_r4_wifi\libFrameworkArduino.a(main.cpp.o)
                0x00007d0c                start_freertos_on_header_inclusion
 .text.early_start_freertos_on_header_inclusion
                0x00007d0e        0x2 .pio\build\uno_r4_wifi\libFrameworkArduino.a(main.cpp.o)
                0x00007d0e                early_start_freertos_on_header_inclusion
 .text._Z12arduino_mainv
                0x00007d10       0x94 .pio\build\uno_r4_wifi\libFrameworkArduino.a(main.cpp.o)
                0x00007d10                arduino_main()
 .text._write   0x00007da4        0xc .pio\build\uno_r4_wifi\libFrameworkArduino.a(main.cpp.o)
                0x00007da4                _write
 .text.hal_entry
                0x00007db0        0x6 .pio\build\uno_r4_wifi\libFrameworkArduino.a(main.cpp.o)
                0x00007db0                hal_entry
 .text.atexit   0x00007db6        0x4 .pio\build\uno_r4_wifi\libFrameworkArduino.a(main.cpp.o)
                0x00007db6                atexit
 *fill*         0x00007dba        0x2 ff
 .text._Z13pinPeripheral19e_bsp_io_port_pin_tm
                0x00007dbc       0x10 .pio\build\uno_r4_wifi\libFrameworkArduino.a(pinDefinitions.cpp.o)
                0x00007dbc                pinPeripheral(e_bsp_io_port_pin_t, unsigned long)
 .text._ZL21timer_micros_callbackP22st_timer_callback_args
                0x00007dcc       0x10 .pio\build\uno_r4_wifi\libFrameworkArduino.a(time.cpp.o)
 .text.delayMicroseconds
                0x00007ddc        0x6 .pio\build\uno_r4_wifi\libFrameworkArduino.a(time.cpp.o)
                0x00007ddc                delayMicroseconds
 .text.yield    0x00007de2        0x2 .pio\build\uno_r4_wifi\libFrameworkArduino.a(time.cpp.o)
                0x00007de2                yield
 .text.delay    0x00007de4       0x1c .pio\build\uno_r4_wifi\libFrameworkArduino.a(time.cpp.o)
                0x00007de4                delay
 .text._Z8startAgtv
                0x00007e00       0x6c .pio\build\uno_r4_wifi\libFrameworkArduino.a(time.cpp.o)
                0x00007e00                startAgt()
 .text.millis   0x00007e6c        0xc .pio\build\uno_r4_wifi\libFrameworkArduino.a(time.cpp.o)
                0x00007e6c                millis
 .text.startup._GLOBAL__sub_I_delayMicroseconds
                0x00007e78        0xc .pio\build\uno_r4_wifi\libFrameworkArduino.a(time.cpp.o)
 .text.exit._GLOBAL__sub_D_delayMicroseconds
                0x00007e84        0xc .pio\build\uno_r4_wifi\libFrameworkArduino.a(time.cpp.o)
 .text._Z10getPinCfgsh11PinCfgReq_t
                0x00007e90       0xe0 .pio\build\uno_r4_wifi\libFrameworkArduino.a(variant_helper.cpp.o)
                0x00007e90                getPinCfgs(unsigned char, PinCfgReq_t)
 .text.dump_stack
                0x00007f70       0x7c .pio\build\uno_r4_wifi\libFrameworkArduino.a(cm_backtrace.c.o)
 .text.cm_backtrace_init
                0x00007fec       0x74 .pio\build\uno_r4_wifi\libFrameworkArduino.a(cm_backtrace.c.o)
                0x00007fec                cm_backtrace_init
 .text.cm_backtrace_firmware_info
                0x00008060       0x2c .pio\build\uno_r4_wifi\libFrameworkArduino.a(cm_backtrace.c.o)
                0x00008060                cm_backtrace_firmware_info
 .text.cm_backtrace_call_stack
                0x0000808c       0xe4 .pio\build\uno_r4_wifi\libFrameworkArduino.a(cm_backtrace.c.o)
                0x0000808c                cm_backtrace_call_stack
 .text.print_call_stack
                0x00008170       0x94 .pio\build\uno_r4_wifi\libFrameworkArduino.a(cm_backtrace.c.o)
 .text.cm_backtrace_fault
                0x00008204      0x470 .pio\build\uno_r4_wifi\libFrameworkArduino.a(cm_backtrace.c.o)
                0x00008204                cm_backtrace_fault
 .text.Stacktrace_Handler
                0x00008674        0xa .pio\build\uno_r4_wifi\libFrameworkArduino.a(cortex_handlers.c.o)
                0x00008674                Stacktrace_Handler
 *fill*         0x0000867e        0x2 ff
 .text.r_spi_call_callback
                0x00008680       0x40 C:\Users\LEGION\.platformio\packages\framework-arduinorenesas-uno\variants\UNOWIFIR4\libs\libfsp.a(r_spi.o)
 .text.spi_rxi_isr
                0x000086c0       0x9c C:\Users\LEGION\.platformio\packages\framework-arduinorenesas-uno\variants\UNOWIFIR4\libs\libfsp.a(r_spi.o)
                0x000086c0                spi_rxi_isr
 .text.spi_txi_isr
                0x0000875c       0xd8 C:\Users\LEGION\.platformio\packages\framework-arduinorenesas-uno\variants\UNOWIFIR4\libs\libfsp.a(r_spi.o)
                0x0000875c                spi_txi_isr
 .text.spi_tei_isr
                0x00008834       0xe0 C:\Users\LEGION\.platformio\packages\framework-arduinorenesas-uno\variants\UNOWIFIR4\libs\libfsp.a(r_spi.o)
                0x00008834                spi_tei_isr
 .text.spi_eri_isr
                0x00008914       0xdc C:\Users\LEGION\.platformio\packages\framework-arduinorenesas-uno\variants\UNOWIFIR4\libs\libfsp.a(r_spi.o)
                0x00008914                spi_eri_isr
 .text.R_SCI_UART_Write
                0x000089f0       0xb0 C:\Users\LEGION\.platformio\packages\framework-arduinorenesas-uno\variants\UNOWIFIR4\libs\libfsp.a(r_sci_uart.o)
                0x000089f0                R_SCI_UART_Write
 .text.R_SCI_UART_BaudSet
                0x00008aa0       0x44 C:\Users\LEGION\.platformio\packages\framework-arduinorenesas-uno\variants\UNOWIFIR4\libs\libfsp.a(r_sci_uart.o)
                0x00008aa0                R_SCI_UART_BaudSet
 .text.R_SCI_UART_Close
                0x00008ae4       0xd8 C:\Users\LEGION\.platformio\packages\framework-arduinorenesas-uno\variants\UNOWIFIR4\libs\libfsp.a(r_sci_uart.o)
                0x00008ae4                R_SCI_UART_Close
 .text.r_sci_uart_call_callback
                0x00008bbc       0x44 C:\Users\LEGION\.platformio\packages\framework-arduinorenesas-uno\variants\UNOWIFIR4\libs\libfsp.a(r_sci_uart.o)
 .text.r_sci_uart_transfer_configure.isra.0
                0x00008c00       0x38 C:\Users\LEGION\.platformio\packages\framework-arduinorenesas-uno\variants\UNOWIFIR4\libs\libfsp.a(r_sci_uart.o)
 .text.R_SCI_UART_Open
                0x00008c38      0x448 C:\Users\LEGION\.platformio\packages\framework-arduinorenesas-uno\variants\UNOWIFIR4\libs\libfsp.a(r_sci_uart.o)
                0x00008c38                R_SCI_UART_Open
 .text.R_SCI_UART_BaudCalculate
                0x00009080      0x184 C:\Users\LEGION\.platformio\packages\framework-arduinorenesas-uno\variants\UNOWIFIR4\libs\libfsp.a(r_sci_uart.o)
                0x00009080                R_SCI_UART_BaudCalculate
 .text.sci_uart_txi_isr
                0x00009204       0xec C:\Users\LEGION\.platformio\packages\framework-arduinorenesas-uno\variants\UNOWIFIR4\libs\libfsp.a(r_sci_uart.o)
                0x00009204                sci_uart_txi_isr
 .text.sci_uart_rxi_isr
                0x000092f0      0x184 C:\Users\LEGION\.platformio\packages\framework-arduinorenesas-uno\variants\UNOWIFIR4\libs\libfsp.a(r_sci_uart.o)
                0x000092f0                sci_uart_rxi_isr
 .text.sci_uart_tei_isr
                0x00009474       0x40 C:\Users\LEGION\.platformio\packages\framework-arduinorenesas-uno\variants\UNOWIFIR4\libs\libfsp.a(r_sci_uart.o)
                0x00009474                sci_uart_tei_isr
 .text.sci_uart_eri_isr
                0x000094b4       0x78 C:\Users\LEGION\.platformio\packages\framework-arduinorenesas-uno\variants\UNOWIFIR4\libs\libfsp.a(r_sci_uart.o)
                0x000094b4                sci_uart_eri_isr
 .text.r_sci_spi_call_callback
                0x0000952c       0x40 C:\Users\LEGION\.platformio\packages\framework-arduinorenesas-uno\variants\UNOWIFIR4\libs\libfsp.a(r_sci_spi.o)
 .text.sci_spi_txi_isr
                0x0000956c       0x68 C:\Users\LEGION\.platformio\packages\framework-arduinorenesas-uno\variants\UNOWIFIR4\libs\libfsp.a(r_sci_spi.o)
                0x0000956c                sci_spi_txi_isr
 .text.sci_spi_rxi_isr
                0x000095d4       0x74 C:\Users\LEGION\.platformio\packages\framework-arduinorenesas-uno\variants\UNOWIFIR4\libs\libfsp.a(r_sci_spi.o)
                0x000095d4                sci_spi_rxi_isr
 .text.sci_spi_tei_isr
                0x00009648       0x3c C:\Users\LEGION\.platformio\packages\framework-arduinorenesas-uno\variants\UNOWIFIR4\libs\libfsp.a(r_sci_spi.o)
                0x00009648                sci_spi_tei_isr
 .text.sci_spi_eri_isr
                0x00009684       0x44 C:\Users\LEGION\.platformio\packages\framework-arduinorenesas-uno\variants\UNOWIFIR4\libs\libfsp.a(r_sci_spi.o)
                0x00009684                sci_spi_eri_isr
 .text.R_SCI_I2C_Abort
                0x000096c8       0x20 C:\Users\LEGION\.platformio\packages\framework-arduinorenesas-uno\variants\UNOWIFIR4\libs\libfsp.a(r_sci_i2c.o)
                0x000096c8                R_SCI_I2C_Abort
 .text.R_SCI_I2C_SlaveAddressSet
                0x000096e8        0x8 C:\Users\LEGION\.platformio\packages\framework-arduinorenesas-uno\variants\UNOWIFIR4\libs\libfsp.a(r_sci_i2c.o)
                0x000096e8                R_SCI_I2C_SlaveAddressSet
 .text.R_SCI_I2C_CallbackSet
                0x000096f0        0xc C:\Users\LEGION\.platformio\packages\framework-arduinorenesas-uno\variants\UNOWIFIR4\libs\libfsp.a(r_sci_i2c.o)
                0x000096f0                R_SCI_I2C_CallbackSet
 .text.R_SCI_I2C_StatusGet
                0x000096fc       0x18 C:\Users\LEGION\.platformio\packages\framework-arduinorenesas-uno\variants\UNOWIFIR4\libs\libfsp.a(r_sci_i2c.o)
                0x000096fc                R_SCI_I2C_StatusGet
 .text.R_SCI_I2C_Close
                0x00009714       0x70 C:\Users\LEGION\.platformio\packages\framework-arduinorenesas-uno\variants\UNOWIFIR4\libs\libfsp.a(r_sci_i2c.o)
                0x00009714                R_SCI_I2C_Close
 .text.sci_i2c_enable_transfer_support_tx
                0x00009784       0x34 C:\Users\LEGION\.platformio\packages\framework-arduinorenesas-uno\variants\UNOWIFIR4\libs\libfsp.a(r_sci_i2c.o)
 .text.R_SCI_I2C_Write
                0x000097b8       0xec C:\Users\LEGION\.platformio\packages\framework-arduinorenesas-uno\variants\UNOWIFIR4\libs\libfsp.a(r_sci_i2c.o)
                0x000097b8                R_SCI_I2C_Write
 .text.R_SCI_I2C_Read
                0x000098a4       0xf0 C:\Users\LEGION\.platformio\packages\framework-arduinorenesas-uno\variants\UNOWIFIR4\libs\libfsp.a(r_sci_i2c.o)
                0x000098a4                R_SCI_I2C_Read
 .text.R_SCI_I2C_Open
                0x00009994      0x220 C:\Users\LEGION\.platformio\packages\framework-arduinorenesas-uno\variants\UNOWIFIR4\libs\libfsp.a(r_sci_i2c.o)
                0x00009994                R_SCI_I2C_Open
 .text.sci_i2c_notify
                0x00009bb4       0x64 C:\Users\LEGION\.platformio\packages\framework-arduinorenesas-uno\variants\UNOWIFIR4\libs\libfsp.a(r_sci_i2c.o)
                0x00009bb4                sci_i2c_notify
 .text.sci_i2c_rxi_isr
                0x00009c18       0x20 C:\Users\LEGION\.platformio\packages\framework-arduinorenesas-uno\variants\UNOWIFIR4\libs\libfsp.a(r_sci_i2c.o)
                0x00009c18                sci_i2c_rxi_isr
 .text.sci_i2c_txi_isr
                0x00009c38      0x198 C:\Users\LEGION\.platformio\packages\framework-arduinorenesas-uno\variants\UNOWIFIR4\libs\libfsp.a(r_sci_i2c.o)
                0x00009c38                sci_i2c_txi_isr
 .text.sci_i2c_tei_isr
                0x00009dd0       0xf0 C:\Users\LEGION\.platformio\packages\framework-arduinorenesas-uno\variants\UNOWIFIR4\libs\libfsp.a(r_sci_i2c.o)
                0x00009dd0                sci_i2c_tei_isr
 .text.rtc_alarm_periodic_isr
                0x00009ec0       0x68 C:\Users\LEGION\.platformio\packages\framework-arduinorenesas-uno\variants\UNOWIFIR4\libs\libfsp.a(r_rtc.o)
                0x00009ec0                rtc_alarm_periodic_isr
 .text.rtc_carry_isr
                0x00009f28       0x2c C:\Users\LEGION\.platformio\packages\framework-arduinorenesas-uno\variants\UNOWIFIR4\libs\libfsp.a(r_rtc.o)
                0x00009f28                rtc_carry_isr
 .text.R_IOPORT_PinWrite
                0x00009f54       0x20 C:\Users\LEGION\.platformio\packages\framework-arduinorenesas-uno\variants\UNOWIFIR4\libs\libfsp.a(r_ioport.o)
                0x00009f54                R_IOPORT_PinWrite
 .text.bsp_vbatt_init
                0x00009f74       0xac C:\Users\LEGION\.platformio\packages\framework-arduinorenesas-uno\variants\UNOWIFIR4\libs\libfsp.a(r_ioport.o)
 .text.R_IOPORT_PinCfg
                0x0000a020       0xa8 C:\Users\LEGION\.platformio\packages\framework-arduinorenesas-uno\variants\UNOWIFIR4\libs\libfsp.a(r_ioport.o)
                0x0000a020                R_IOPORT_PinCfg
 .text.R_IIC_SLAVE_Read
                0x0000a0c8       0x38 C:\Users\LEGION\.platformio\packages\framework-arduinorenesas-uno\variants\UNOWIFIR4\libs\libfsp.a(r_iic_slave.o)
                0x0000a0c8                R_IIC_SLAVE_Read
 .text.R_IIC_SLAVE_Write
                0x0000a100       0x34 C:\Users\LEGION\.platformio\packages\framework-arduinorenesas-uno\variants\UNOWIFIR4\libs\libfsp.a(r_iic_slave.o)
                0x0000a100                R_IIC_SLAVE_Write
 .text.R_IIC_SLAVE_CallbackSet
                0x0000a134        0xc C:\Users\LEGION\.platformio\packages\framework-arduinorenesas-uno\variants\UNOWIFIR4\libs\libfsp.a(r_iic_slave.o)
                0x0000a134                R_IIC_SLAVE_CallbackSet
 .text.R_IIC_SLAVE_Close
                0x0000a140       0xcc C:\Users\LEGION\.platformio\packages\framework-arduinorenesas-uno\variants\UNOWIFIR4\libs\libfsp.a(r_iic_slave.o)
                0x0000a140                R_IIC_SLAVE_Close
 .text.r_iic_slave_call_callback
                0x0000a20c       0x3c C:\Users\LEGION\.platformio\packages\framework-arduinorenesas-uno\variants\UNOWIFIR4\libs\libfsp.a(r_iic_slave.o)
 .text.iic_slave_initiate_transaction
                0x0000a248       0x74 C:\Users\LEGION\.platformio\packages\framework-arduinorenesas-uno\variants\UNOWIFIR4\libs\libfsp.a(r_iic_slave.o)
 .text.R_IIC_SLAVE_Open
                0x0000a2bc      0x228 C:\Users\LEGION\.platformio\packages\framework-arduinorenesas-uno\variants\UNOWIFIR4\libs\libfsp.a(r_iic_slave.o)
                0x0000a2bc                R_IIC_SLAVE_Open
 .text.iic_slave_rxi_isr
                0x0000a4e4      0x12c C:\Users\LEGION\.platformio\packages\framework-arduinorenesas-uno\variants\UNOWIFIR4\libs\libfsp.a(r_iic_slave.o)
                0x0000a4e4                iic_slave_rxi_isr
 .text.iic_slave_txi_isr
                0x0000a610       0xa8 C:\Users\LEGION\.platformio\packages\framework-arduinorenesas-uno\variants\UNOWIFIR4\libs\libfsp.a(r_iic_slave.o)
                0x0000a610                iic_slave_txi_isr
 .text.iic_slave_tei_isr
                0x0000a6b8       0x94 C:\Users\LEGION\.platformio\packages\framework-arduinorenesas-uno\variants\UNOWIFIR4\libs\libfsp.a(r_iic_slave.o)
                0x0000a6b8                iic_slave_tei_isr
 .text.iic_slave_eri_isr
                0x0000a74c      0x10c C:\Users\LEGION\.platformio\packages\framework-arduinorenesas-uno\variants\UNOWIFIR4\libs\libfsp.a(r_iic_slave.o)
                0x0000a74c                iic_slave_eri_isr
 .text.R_IIC_MASTER_SlaveAddressSet
                0x0000a858        0x8 C:\Users\LEGION\.platformio\packages\framework-arduinorenesas-uno\variants\UNOWIFIR4\libs\libfsp.a(r_iic_master.o)
                0x0000a858                R_IIC_MASTER_SlaveAddressSet
 .text.R_IIC_MASTER_CallbackSet
                0x0000a860        0xc C:\Users\LEGION\.platformio\packages\framework-arduinorenesas-uno\variants\UNOWIFIR4\libs\libfsp.a(r_iic_master.o)
                0x0000a860                R_IIC_MASTER_CallbackSet
 .text.R_IIC_MASTER_StatusGet
                0x0000a86c       0x18 C:\Users\LEGION\.platformio\packages\framework-arduinorenesas-uno\variants\UNOWIFIR4\libs\libfsp.a(r_iic_master.o)
                0x0000a86c                R_IIC_MASTER_StatusGet
 .text.iic_master_notify
                0x0000a884       0x3c C:\Users\LEGION\.platformio\packages\framework-arduinorenesas-uno\variants\UNOWIFIR4\libs\libfsp.a(r_iic_master.o)
 .text.iic_master_run_hw_master
                0x0000a8c0       0xd8 C:\Users\LEGION\.platformio\packages\framework-arduinorenesas-uno\variants\UNOWIFIR4\libs\libfsp.a(r_iic_master.o)
 .text.R_IIC_MASTER_Read
                0x0000a998       0x34 C:\Users\LEGION\.platformio\packages\framework-arduinorenesas-uno\variants\UNOWIFIR4\libs\libfsp.a(r_iic_master.o)
                0x0000a998                R_IIC_MASTER_Read
 .text.R_IIC_MASTER_Write
                0x0000a9cc       0x30 C:\Users\LEGION\.platformio\packages\framework-arduinorenesas-uno\variants\UNOWIFIR4\libs\libfsp.a(r_iic_master.o)
                0x0000a9cc                R_IIC_MASTER_Write
 .text.iic_master_open_hw_master
                0x0000a9fc      0x184 C:\Users\LEGION\.platformio\packages\framework-arduinorenesas-uno\variants\UNOWIFIR4\libs\libfsp.a(r_iic_master.o)
 .text.R_IIC_MASTER_Open
                0x0000ab80       0x7c C:\Users\LEGION\.platformio\packages\framework-arduinorenesas-uno\variants\UNOWIFIR4\libs\libfsp.a(r_iic_master.o)
                0x0000ab80                R_IIC_MASTER_Open
 .text.R_IIC_MASTER_Abort
                0x0000abfc       0x4c C:\Users\LEGION\.platformio\packages\framework-arduinorenesas-uno\variants\UNOWIFIR4\libs\libfsp.a(r_iic_master.o)
                0x0000abfc                R_IIC_MASTER_Abort
 .text.R_IIC_MASTER_Close
                0x0000ac48      0x104 C:\Users\LEGION\.platformio\packages\framework-arduinorenesas-uno\variants\UNOWIFIR4\libs\libfsp.a(r_iic_master.o)
                0x0000ac48                R_IIC_MASTER_Close
 .text.iic_master_rxi_isr
                0x0000ad4c      0x13c C:\Users\LEGION\.platformio\packages\framework-arduinorenesas-uno\variants\UNOWIFIR4\libs\libfsp.a(r_iic_master.o)
                0x0000ad4c                iic_master_rxi_isr
 .text.iic_master_txi_isr
                0x0000ae88       0xec C:\Users\LEGION\.platformio\packages\framework-arduinorenesas-uno\variants\UNOWIFIR4\libs\libfsp.a(r_iic_master.o)
                0x0000ae88                iic_master_txi_isr
 .text.iic_master_tei_isr
                0x0000af74       0xc4 C:\Users\LEGION\.platformio\packages\framework-arduinorenesas-uno\variants\UNOWIFIR4\libs\libfsp.a(r_iic_master.o)
                0x0000af74                iic_master_tei_isr
 .text.iic_master_eri_isr
                0x0000b038      0x140 C:\Users\LEGION\.platformio\packages\framework-arduinorenesas-uno\variants\UNOWIFIR4\libs\libfsp.a(r_iic_master.o)
                0x0000b038                iic_master_eri_isr
 .text.R_ICU_ExternalIrqOpen
                0x0000b178       0x80 C:\Users\LEGION\.platformio\packages\framework-arduinorenesas-uno\variants\UNOWIFIR4\libs\libfsp.a(r_icu.o)
                0x0000b178                R_ICU_ExternalIrqOpen
 .text.R_ICU_ExternalIrqEnable
                0x0000b1f8       0x40 C:\Users\LEGION\.platformio\packages\framework-arduinorenesas-uno\variants\UNOWIFIR4\libs\libfsp.a(r_icu.o)
                0x0000b1f8                R_ICU_ExternalIrqEnable
 .text.r_icu_isr
                0x0000b238       0x6c C:\Users\LEGION\.platformio\packages\framework-arduinorenesas-uno\variants\UNOWIFIR4\libs\libfsp.a(r_icu.o)
                0x0000b238                r_icu_isr
 .text.R_GPT_Stop
                0x0000b2a4        0xc C:\Users\LEGION\.platformio\packages\framework-arduinorenesas-uno\variants\UNOWIFIR4\libs\libfsp.a(r_gpt.o)
                0x0000b2a4                R_GPT_Stop
 .text.R_GPT_Start
                0x0000b2b0        0xc C:\Users\LEGION\.platformio\packages\framework-arduinorenesas-uno\variants\UNOWIFIR4\libs\libfsp.a(r_gpt.o)
                0x0000b2b0                R_GPT_Start
 .text.R_GPT_Reset
                0x0000b2bc        0xc C:\Users\LEGION\.platformio\packages\framework-arduinorenesas-uno\variants\UNOWIFIR4\libs\libfsp.a(r_gpt.o)
                0x0000b2bc                R_GPT_Reset
 .text.R_GPT_Enable
                0x0000b2c8       0x30 C:\Users\LEGION\.platformio\packages\framework-arduinorenesas-uno\variants\UNOWIFIR4\libs\libfsp.a(r_gpt.o)
                0x0000b2c8                R_GPT_Enable
 .text.r_gpt_enable_irq
                0x0000b2f8       0x5c C:\Users\LEGION\.platformio\packages\framework-arduinorenesas-uno\variants\UNOWIFIR4\libs\libfsp.a(r_gpt.o)
 .text.r_gpt_call_callback
                0x0000b354       0x3c C:\Users\LEGION\.platformio\packages\framework-arduinorenesas-uno\variants\UNOWIFIR4\libs\libfsp.a(r_gpt.o)
 .text.gpt_calculate_duty_cycle.isra.0
                0x0000b390       0x78 C:\Users\LEGION\.platformio\packages\framework-arduinorenesas-uno\variants\UNOWIFIR4\libs\libfsp.a(r_gpt.o)
 .text.R_GPT_Open
                0x0000b408      0x264 C:\Users\LEGION\.platformio\packages\framework-arduinorenesas-uno\variants\UNOWIFIR4\libs\libfsp.a(r_gpt.o)
                0x0000b408                R_GPT_Open
 .text.R_GPT_Close
                0x0000b66c       0xd4 C:\Users\LEGION\.platformio\packages\framework-arduinorenesas-uno\variants\UNOWIFIR4\libs\libfsp.a(r_gpt.o)
                0x0000b66c                R_GPT_Close
 .text.gpt_counter_overflow_isr
                0x0000b740       0x78 C:\Users\LEGION\.platformio\packages\framework-arduinorenesas-uno\variants\UNOWIFIR4\libs\libfsp.a(r_gpt.o)
                0x0000b740                gpt_counter_overflow_isr
 .text.R_ELC_Open
                0x0000b7b8       0x5c C:\Users\LEGION\.platformio\packages\framework-arduinorenesas-uno\variants\UNOWIFIR4\libs\libfsp.a(r_elc.o)
                0x0000b7b8                R_ELC_Open
 .text.R_ELC_Close
                0x0000b814       0x10 C:\Users\LEGION\.platformio\packages\framework-arduinorenesas-uno\variants\UNOWIFIR4\libs\libfsp.a(r_elc.o)
                0x0000b814                R_ELC_Close
 .text.R_ELC_LinkSet
                0x0000b824       0x10 C:\Users\LEGION\.platformio\packages\framework-arduinorenesas-uno\variants\UNOWIFIR4\libs\libfsp.a(r_elc.o)
                0x0000b824                R_ELC_LinkSet
 .text.R_ELC_Enable
                0x0000b834       0x10 C:\Users\LEGION\.platformio\packages\framework-arduinorenesas-uno\variants\UNOWIFIR4\libs\libfsp.a(r_elc.o)
                0x0000b834                R_ELC_Enable
 .text.R_ELC_Disable
                0x0000b844        0xc C:\Users\LEGION\.platformio\packages\framework-arduinorenesas-uno\variants\UNOWIFIR4\libs\libfsp.a(r_elc.o)
                0x0000b844                R_ELC_Disable
 .text.R_DMAC_SoftwareStart
                0x0000b850       0x10 C:\Users\LEGION\.platformio\packages\framework-arduinorenesas-uno\variants\UNOWIFIR4\libs\libfsp.a(r_dmac.o)
                0x0000b850                R_DMAC_SoftwareStart
 .text.R_DMAC_SoftwareStop
                0x0000b860        0xc C:\Users\LEGION\.platformio\packages\framework-arduinorenesas-uno\variants\UNOWIFIR4\libs\libfsp.a(r_dmac.o)
                0x0000b860                R_DMAC_SoftwareStop
 .text.R_DMAC_Enable
                0x0000b86c        0xc C:\Users\LEGION\.platformio\packages\framework-arduinorenesas-uno\variants\UNOWIFIR4\libs\libfsp.a(r_dmac.o)
                0x0000b86c                R_DMAC_Enable
 .text.R_DMAC_InfoGet
                0x0000b878       0x2c C:\Users\LEGION\.platformio\packages\framework-arduinorenesas-uno\variants\UNOWIFIR4\libs\libfsp.a(r_dmac.o)
                0x0000b878                R_DMAC_InfoGet
 .text.R_DMAC_Close
                0x0000b8a4       0x60 C:\Users\LEGION\.platformio\packages\framework-arduinorenesas-uno\variants\UNOWIFIR4\libs\libfsp.a(r_dmac.o)
                0x0000b8a4                R_DMAC_Close
 .text.r_dmac_config_transfer_info
                0x0000b904      0x138 C:\Users\LEGION\.platformio\packages\framework-arduinorenesas-uno\variants\UNOWIFIR4\libs\libfsp.a(r_dmac.o)
 .text.R_DMAC_Open
                0x0000ba3c       0x50 C:\Users\LEGION\.platformio\packages\framework-arduinorenesas-uno\variants\UNOWIFIR4\libs\libfsp.a(r_dmac.o)
                0x0000ba3c                R_DMAC_Open
 .text.R_DMAC_Reconfigure
                0x0000ba8c       0x14 C:\Users\LEGION\.platformio\packages\framework-arduinorenesas-uno\variants\UNOWIFIR4\libs\libfsp.a(r_dmac.o)
                0x0000ba8c                R_DMAC_Reconfigure
 .text.R_DMAC_Disable
                0x0000baa0       0x2c C:\Users\LEGION\.platformio\packages\framework-arduinorenesas-uno\variants\UNOWIFIR4\libs\libfsp.a(r_dmac.o)
                0x0000baa0                R_DMAC_Disable
 .text.R_DMAC_Reset
                0x0000bacc       0x54 C:\Users\LEGION\.platformio\packages\framework-arduinorenesas-uno\variants\UNOWIFIR4\libs\libfsp.a(r_dmac.o)
                0x0000bacc                R_DMAC_Reset
 .text.dmac_int_isr
                0x0000bb20       0x48 C:\Users\LEGION\.platformio\packages\framework-arduinorenesas-uno\variants\UNOWIFIR4\libs\libfsp.a(r_dmac.o)
                0x0000bb20                dmac_int_isr
 .text.R_DAC_Open
                0x0000bb68       0x88 C:\Users\LEGION\.platformio\packages\framework-arduinorenesas-uno\variants\UNOWIFIR4\libs\libfsp.a(r_dac.o)
                0x0000bb68                R_DAC_Open
 .text.R_DAC_Write
                0x0000bbf0        0xc C:\Users\LEGION\.platformio\packages\framework-arduinorenesas-uno\variants\UNOWIFIR4\libs\libfsp.a(r_dac.o)
                0x0000bbf0                R_DAC_Write
 .text.R_DAC_Start
                0x0000bbfc       0x30 C:\Users\LEGION\.platformio\packages\framework-arduinorenesas-uno\variants\UNOWIFIR4\libs\libfsp.a(r_dac.o)
                0x0000bbfc                R_DAC_Start
 .text.R_DAC_Stop
                0x0000bc2c       0x34 C:\Users\LEGION\.platformio\packages\framework-arduinorenesas-uno\variants\UNOWIFIR4\libs\libfsp.a(r_dac.o)
                0x0000bc2c                R_DAC_Stop
 .text.R_DAC_Close
                0x0000bc60       0x40 C:\Users\LEGION\.platformio\packages\framework-arduinorenesas-uno\variants\UNOWIFIR4\libs\libfsp.a(r_dac.o)
                0x0000bc60                R_DAC_Close
 .text.r_can_call_callback
                0x0000bca0       0x68 C:\Users\LEGION\.platformio\packages\framework-arduinorenesas-uno\variants\UNOWIFIR4\libs\libfsp.a(r_can.o)
 .text.can_error_isr
                0x0000bd08       0xd4 C:\Users\LEGION\.platformio\packages\framework-arduinorenesas-uno\variants\UNOWIFIR4\libs\libfsp.a(r_can.o)
                0x0000bd08                can_error_isr
 .text.can_rx_isr
                0x0000bddc      0x118 C:\Users\LEGION\.platformio\packages\framework-arduinorenesas-uno\variants\UNOWIFIR4\libs\libfsp.a(r_can.o)
                0x0000bddc                can_rx_isr
 .text.can_tx_isr
                0x0000bef4       0xa0 C:\Users\LEGION\.platformio\packages\framework-arduinorenesas-uno\variants\UNOWIFIR4\libs\libfsp.a(r_can.o)
                0x0000bef4                can_tx_isr
 .text.R_AGT_Start
                0x0000bf94       0x38 C:\Users\LEGION\.platformio\packages\framework-arduinorenesas-uno\variants\UNOWIFIR4\libs\libfsp.a(r_agt.o)
                0x0000bf94                R_AGT_Start
 .text.R_AGT_Stop
                0x0000bfcc       0x1c C:\Users\LEGION\.platformio\packages\framework-arduinorenesas-uno\variants\UNOWIFIR4\libs\libfsp.a(r_agt.o)
                0x0000bfcc                R_AGT_Stop
 .text.R_AGT_Reset
                0x0000bfe8       0x20 C:\Users\LEGION\.platformio\packages\framework-arduinorenesas-uno\variants\UNOWIFIR4\libs\libfsp.a(r_agt.o)
                0x0000bfe8                R_AGT_Reset
 .text.R_AGT_Enable
                0x0000c008       0x14 C:\Users\LEGION\.platformio\packages\framework-arduinorenesas-uno\variants\UNOWIFIR4\libs\libfsp.a(r_agt.o)
                0x0000c008                R_AGT_Enable
 .text.R_AGT_Close
                0x0000c01c       0x84 C:\Users\LEGION\.platformio\packages\framework-arduinorenesas-uno\variants\UNOWIFIR4\libs\libfsp.a(r_agt.o)
                0x0000c01c                R_AGT_Close
 .text.R_AGT_Open
                0x0000c0a0      0x118 C:\Users\LEGION\.platformio\packages\framework-arduinorenesas-uno\variants\UNOWIFIR4\libs\libfsp.a(r_agt.o)
                0x0000c0a0                R_AGT_Open
 .text.agt_int_isr
                0x0000c1b8       0x88 C:\Users\LEGION\.platformio\packages\framework-arduinorenesas-uno\variants\UNOWIFIR4\libs\libfsp.a(r_agt.o)
                0x0000c1b8                agt_int_isr
 .text.R_ADC_ScanStart
                0x0000c240        0xc C:\Users\LEGION\.platformio\packages\framework-arduinorenesas-uno\variants\UNOWIFIR4\libs\libfsp.a(r_adc.o)
                0x0000c240                R_ADC_ScanStart
 .text.R_ADC_StatusGet
                0x0000c24c       0x10 C:\Users\LEGION\.platformio\packages\framework-arduinorenesas-uno\variants\UNOWIFIR4\libs\libfsp.a(r_adc.o)
                0x0000c24c                R_ADC_StatusGet
 .text.R_ADC_Read
                0x0000c25c       0x10 C:\Users\LEGION\.platformio\packages\framework-arduinorenesas-uno\variants\UNOWIFIR4\libs\libfsp.a(r_adc.o)
                0x0000c25c                R_ADC_Read
 .text.R_ADC_ScanCfg
                0x0000c26c      0x1a0 C:\Users\LEGION\.platformio\packages\framework-arduinorenesas-uno\variants\UNOWIFIR4\libs\libfsp.a(r_adc.o)
                0x0000c26c                R_ADC_ScanCfg
 .text.R_ADC_Open
                0x0000c40c      0x240 C:\Users\LEGION\.platformio\packages\framework-arduinorenesas-uno\variants\UNOWIFIR4\libs\libfsp.a(r_adc.o)
                0x0000c40c                R_ADC_Open
 .text.R_ADC_Close
                0x0000c64c       0xfc C:\Users\LEGION\.platformio\packages\framework-arduinorenesas-uno\variants\UNOWIFIR4\libs\libfsp.a(r_adc.o)
                0x0000c64c                R_ADC_Close
 .text.SystemCoreClockUpdate
                0x0000c748       0x28 C:\Users\LEGION\.platformio\packages\framework-arduinorenesas-uno\variants\UNOWIFIR4\libs\libfsp.a(bsp_clocks.o)
                0x0000c748                SystemCoreClockUpdate
 .text.bsp_clock_init
                0x0000c770      0x12c C:\Users\LEGION\.platformio\packages\framework-arduinorenesas-uno\variants\UNOWIFIR4\libs\libfsp.a(bsp_clocks.o)
                0x0000c770                bsp_clock_init
 .text.bsp_init_internal
                0x0000c89c        0x4 C:\Users\LEGION\.platformio\packages\framework-arduinorenesas-uno\variants\UNOWIFIR4\libs\libfsp.a(bsp_common.o)
                0x0000c89c                bsp_init_internal
                0x0000c89c                bsp_init
 .text.__assert_func
                0x0000c8a0        0x4 C:\Users\LEGION\.platformio\packages\framework-arduinorenesas-uno\variants\UNOWIFIR4\libs\libfsp.a(bsp_common.o)
                0x0000c8a0                __assert_func
 .text.bsp_prv_software_delay_loop
                0x0000c8a4        0xc C:\Users\LEGION\.platformio\packages\framework-arduinorenesas-uno\variants\UNOWIFIR4\libs\libfsp.a(bsp_delay.o)
                0x0000c8a4                bsp_prv_software_delay_loop
 .text.R_BSP_SoftwareDelay
                0x0000c8b0       0x5c C:\Users\LEGION\.platformio\packages\framework-arduinorenesas-uno\variants\UNOWIFIR4\libs\libfsp.a(bsp_delay.o)
                0x0000c8b0                R_BSP_SoftwareDelay
 .text.NMI_Handler
                0x0000c90c       0x38 C:\Users\LEGION\.platformio\packages\framework-arduinorenesas-uno\variants\UNOWIFIR4\libs\libfsp.a(bsp_group_irq.o)
                0x0000c90c                NMI_Handler
 .text.bsp_irq_cfg
                0x0000c944       0x2c C:\Users\LEGION\.platformio\packages\framework-arduinorenesas-uno\variants\UNOWIFIR4\libs\libfsp.a(bsp_irq.o)
                0x0000c944                bsp_irq_cfg
 .text.R_BSP_RegisterProtectEnable
                0x0000c970       0x60 C:\Users\LEGION\.platformio\packages\framework-arduinorenesas-uno\variants\UNOWIFIR4\libs\libfsp.a(bsp_register_protection.o)
                0x0000c970                R_BSP_RegisterProtectEnable
 .text.R_BSP_RegisterProtectDisable
                0x0000c9d0       0x54 C:\Users\LEGION\.platformio\packages\framework-arduinorenesas-uno\variants\UNOWIFIR4\libs\libfsp.a(bsp_register_protection.o)
                0x0000c9d0                R_BSP_RegisterProtectDisable
 .text.Default_Handler
                0x0000ca24        0x4 C:\Users\LEGION\.platformio\packages\framework-arduinorenesas-uno\variants\UNOWIFIR4\libs\libfsp.a(startup.o)
                0x0000ca24                DebugMon_Handler
                0x0000ca24                HardFault_Handler
                0x0000ca24                SysTick_Handler
                0x0000ca24                PendSV_Handler
                0x0000ca24                UsageFault_Handler
                0x0000ca24                SecureFault_Handler
                0x0000ca24                Default_Handler
                0x0000ca24                MemManage_Handler
                0x0000ca24                SVC_Handler
                0x0000ca24                BusFault_Handler
 .text.Reset_Handler
                0x0000ca28        0xc C:\Users\LEGION\.platformio\packages\framework-arduinorenesas-uno\variants\UNOWIFIR4\libs\libfsp.a(startup.o)
                0x0000ca28                Reset_Handler
 .text.R_BSP_WarmStart
                0x0000ca34        0x4 C:\Users\LEGION\.platformio\packages\framework-arduinorenesas-uno\variants\UNOWIFIR4\libs\libfsp.a(system.o)
                0x0000ca34                R_BSP_WarmStart
 .text.SystemInit
                0x0000ca38      0x15c C:\Users\LEGION\.platformio\packages\framework-arduinorenesas-uno\variants\UNOWIFIR4\libs\libfsp.a(system.o)
                0x0000ca38                SystemInit
 .text._Znwj    0x0000cb94       0x22 c:/users/legion/.platformio/packages/toolchain-gccarmnoneeabi/bin/../lib/gcc/arm-none-eabi/7.2.1/../../../../arm-none-eabi/lib/thumb/v7e-m/fpv4-sp/hard\libstdc++_nano.a(new_op.o)
                0x0000cb94                operator new(unsigned int)
 .text.__cxa_guard_acquire
                0x0000cbb6       0x18 c:/users/legion/.platformio/packages/toolchain-gccarmnoneeabi/bin/../lib/gcc/arm-none-eabi/7.2.1/../../../../arm-none-eabi/lib/thumb/v7e-m/fpv4-sp/hard\libstdc++_nano.a(guard.o)
                0x0000cbb6                __cxa_guard_acquire
 .text.__cxa_guard_release
                0x0000cbce        0x6 c:/users/legion/.platformio/packages/toolchain-gccarmnoneeabi/bin/../lib/gcc/arm-none-eabi/7.2.1/../../../../arm-none-eabi/lib/thumb/v7e-m/fpv4-sp/hard\libstdc++_nano.a(guard.o)
                0x0000cbce                __cxa_guard_release
 .text._ZdaPv   0x0000cbd4        0x4 c:/users/legion/.platformio/packages/toolchain-gccarmnoneeabi/bin/../lib/gcc/arm-none-eabi/7.2.1/../../../../arm-none-eabi/lib/thumb/v7e-m/fpv4-sp/hard\libstdc++_nano.a(del_opv.o)
                0x0000cbd4                operator delete[](void*)
 .text._ZSt15get_new_handlerv
                0x0000cbd8       0x10 c:/users/legion/.platformio/packages/toolchain-gccarmnoneeabi/bin/../lib/gcc/arm-none-eabi/7.2.1/../../../../arm-none-eabi/lib/thumb/v7e-m/fpv4-sp/hard\libstdc++_nano.a(new_handler.o)
                0x0000cbd8                std::get_new_handler()
 .text._ZdlPvj  0x0000cbe8        0x4 c:/users/legion/.platformio/packages/toolchain-gccarmnoneeabi/bin/../lib/gcc/arm-none-eabi/7.2.1/../../../../arm-none-eabi/lib/thumb/v7e-m/fpv4-sp/hard\libstdc++_nano.a(del_ops.o)
                0x0000cbe8                operator delete(void*, unsigned int)
 .text._Znaj    0x0000cbec        0x4 c:/users/legion/.platformio/packages/toolchain-gccarmnoneeabi/bin/../lib/gcc/arm-none-eabi/7.2.1/../../../../arm-none-eabi/lib/thumb/v7e-m/fpv4-sp/hard\libstdc++_nano.a(new_opv.o)
                0x0000cbec                operator new[](unsigned int)
 .text._ZdlPv   0x0000cbf0        0x4 c:/users/legion/.platformio/packages/toolchain-gccarmnoneeabi/bin/../lib/gcc/arm-none-eabi/7.2.1/../../../../arm-none-eabi/lib/thumb/v7e-m/fpv4-sp/hard\libstdc++_nano.a(del_op.o)
                0x0000cbf0                operator delete(void*)
 .text          0x0000cbf4      0x378 c:/users/legion/.platformio/packages/toolchain-gccarmnoneeabi/bin/../lib/gcc/arm-none-eabi/7.2.1/thumb/v7e-m/fpv4-sp/hard\libgcc.a(_arm_addsubdf3.o)
                0x0000cbf4                __aeabi_drsub
                0x0000cbfc                __aeabi_dsub
                0x0000cbfc                __subdf3
                0x0000cc00                __aeabi_dadd
                0x0000cc00                __adddf3
                0x0000ce78                __floatunsidf
                0x0000ce78                __aeabi_ui2d
                0x0000ce98                __floatsidf
                0x0000ce98                __aeabi_i2d
                0x0000cebc                __aeabi_f2d
                0x0000cebc                __extendsfdf2
                0x0000cf00                __floatundidf
                0x0000cf00                __aeabi_ul2d
                0x0000cf10                __floatdidf
                0x0000cf10                __aeabi_l2d
 .text          0x0000cf6c      0x424 c:/users/legion/.platformio/packages/toolchain-gccarmnoneeabi/bin/../lib/gcc/arm-none-eabi/7.2.1/thumb/v7e-m/fpv4-sp/hard\libgcc.a(_arm_muldivdf3.o)
                0x0000cf6c                __aeabi_dmul
                0x0000cf6c                __muldf3
                0x0000d1c0                __divdf3
                0x0000d1c0                __aeabi_ddiv
 .text          0x0000d390      0x110 c:/users/legion/.platformio/packages/toolchain-gccarmnoneeabi/bin/../lib/gcc/arm-none-eabi/7.2.1/thumb/v7e-m/fpv4-sp/hard\libgcc.a(_arm_cmpdf2.o)
                0x0000d390                __gtdf2
                0x0000d390                __gedf2
                0x0000d398                __ltdf2
                0x0000d398                __ledf2
                0x0000d3a0                __nedf2
                0x0000d3a0                __eqdf2
                0x0000d3a0                __cmpdf2
                0x0000d41c                __aeabi_cdrcmple
                0x0000d42c                __aeabi_cdcmpeq
                0x0000d42c                __aeabi_cdcmple
                0x0000d43c                __aeabi_dcmpeq
                0x0000d450                __aeabi_dcmplt
                0x0000d464                __aeabi_dcmple
                0x0000d478                __aeabi_dcmpge
                0x0000d48c                __aeabi_dcmpgt
 .text          0x0000d4a0       0x40 c:/users/legion/.platformio/packages/toolchain-gccarmnoneeabi/bin/../lib/gcc/arm-none-eabi/7.2.1/thumb/v7e-m/fpv4-sp/hard\libgcc.a(_arm_fixunsdfsi.o)
                0x0000d4a0                __aeabi_d2uiz
                0x0000d4a0                __fixunsdfsi
 .text          0x0000d4e0       0xa0 c:/users/legion/.platformio/packages/toolchain-gccarmnoneeabi/bin/../lib/gcc/arm-none-eabi/7.2.1/thumb/v7e-m/fpv4-sp/hard\libgcc.a(_arm_truncdfsf2.o)
                0x0000d4e0                __truncdfsf2
                0x0000d4e0                __aeabi_d2f
 .text          0x0000d580       0xa0 c:/users/legion/.platformio/packages/toolchain-gccarmnoneeabi/bin/../lib/gcc/arm-none-eabi/7.2.1/thumb/v7e-m/fpv4-sp/hard\libgcc.a(_aeabi_ldivmod.o)
                0x0000d580                __aeabi_ldivmod
 .text          0x0000d620      0x2cc c:/users/legion/.platformio/packages/toolchain-gccarmnoneeabi/bin/../lib/gcc/arm-none-eabi/7.2.1/thumb/v7e-m/fpv4-sp/hard\libgcc.a(_udivmoddi4.o)
                0x0000d620                __udivmoddi4
 .text          0x0000d8ec        0x4 c:/users/legion/.platformio/packages/toolchain-gccarmnoneeabi/bin/../lib/gcc/arm-none-eabi/7.2.1/thumb/v7e-m/fpv4-sp/hard\libgcc.a(_dvmd_tls.o)
                0x0000d8ec                __aeabi_idiv0
                0x0000d8ec                __aeabi_ldiv0
 .text.abort    0x0000d8f0        0xe c:/users/legion/.platformio/packages/toolchain-gccarmnoneeabi/bin/../lib/gcc/arm-none-eabi/7.2.1/../../../../arm-none-eabi/lib/thumb/v7e-m/fpv4-sp/hard\libc_nano.a(lib_a-abort.o)
                0x0000d8f0                abort
 *fill*         0x0000d8fe        0x2 ff
 .text.malloc   0x0000d900       0x10 c:/users/legion/.platformio/packages/toolchain-gccarmnoneeabi/bin/../lib/gcc/arm-none-eabi/7.2.1/../../../../arm-none-eabi/lib/thumb/v7e-m/fpv4-sp/hard\libc_nano.a(lib_a-malloc.o)
                0x0000d900                malloc
 .text.free     0x0000d910       0x10 c:/users/legion/.platformio/packages/toolchain-gccarmnoneeabi/bin/../lib/gcc/arm-none-eabi/7.2.1/../../../../arm-none-eabi/lib/thumb/v7e-m/fpv4-sp/hard\libc_nano.a(lib_a-malloc.o)
                0x0000d910                free
 .text.memcpy   0x0000d920       0x16 c:/users/legion/.platformio/packages/toolchain-gccarmnoneeabi/bin/../lib/gcc/arm-none-eabi/7.2.1/../../../../arm-none-eabi/lib/thumb/v7e-m/fpv4-sp/hard\libc_nano.a(lib_a-memcpy-stub.o)
                0x0000d920                memcpy
 .text.memset   0x0000d936       0x10 c:/users/legion/.platformio/packages/toolchain-gccarmnoneeabi/bin/../lib/gcc/arm-none-eabi/7.2.1/../../../../arm-none-eabi/lib/thumb/v7e-m/fpv4-sp/hard\libc_nano.a(lib_a-memset.o)
                0x0000d936                memset
 *fill*         0x0000d946        0x2 ff
 .text._free_r  0x0000d948       0x9c c:/users/legion/.platformio/packages/toolchain-gccarmnoneeabi/bin/../lib/gcc/arm-none-eabi/7.2.1/../../../../arm-none-eabi/lib/thumb/v7e-m/fpv4-sp/hard\libc_nano.a(lib_a-nano-freer.o)
                0x0000d948                _free_r
 .text._malloc_r
                0x0000d9e4       0xb4 c:/users/legion/.platformio/packages/toolchain-gccarmnoneeabi/bin/../lib/gcc/arm-none-eabi/7.2.1/../../../../arm-none-eabi/lib/thumb/v7e-m/fpv4-sp/hard\libc_nano.a(lib_a-nano-mallocr.o)
                0x0000d9e4                _malloc_r
 .text.printf   0x0000da98       0x30 c:/users/legion/.platformio/packages/toolchain-gccarmnoneeabi/bin/../lib/gcc/arm-none-eabi/7.2.1/../../../../arm-none-eabi/lib/thumb/v7e-m/fpv4-sp/hard\libc_nano.a(lib_a-printf.o)
                0x0000da98                iprintf
                0x0000da98                printf
 .text._sbrk_r  0x0000dac8       0x20 c:/users/legion/.platformio/packages/toolchain-gccarmnoneeabi/bin/../lib/gcc/arm-none-eabi/7.2.1/../../../../arm-none-eabi/lib/thumb/v7e-m/fpv4-sp/hard\libc_nano.a(lib_a-sbrkr.o)
                0x0000dac8                _sbrk_r
 .text._raise_r
                0x0000dae8       0x50 c:/users/legion/.platformio/packages/toolchain-gccarmnoneeabi/bin/../lib/gcc/arm-none-eabi/7.2.1/../../../../arm-none-eabi/lib/thumb/v7e-m/fpv4-sp/hard\libc_nano.a(lib_a-signal.o)
                0x0000dae8                _raise_r
 .text.raise    0x0000db38       0x10 c:/users/legion/.platformio/packages/toolchain-gccarmnoneeabi/bin/../lib/gcc/arm-none-eabi/7.2.1/../../../../arm-none-eabi/lib/thumb/v7e-m/fpv4-sp/hard\libc_nano.a(lib_a-signal.o)
                0x0000db38                raise
 .text._kill_r  0x0000db48       0x24 c:/users/legion/.platformio/packages/toolchain-gccarmnoneeabi/bin/../lib/gcc/arm-none-eabi/7.2.1/../../../../arm-none-eabi/lib/thumb/v7e-m/fpv4-sp/hard\libc_nano.a(lib_a-signalr.o)
                0x0000db48                _kill_r
 .text._getpid_r
                0x0000db6c        0x4 c:/users/legion/.platformio/packages/toolchain-gccarmnoneeabi/bin/../lib/gcc/arm-none-eabi/7.2.1/../../../../arm-none-eabi/lib/thumb/v7e-m/fpv4-sp/hard\libc_nano.a(lib_a-signalr.o)
                0x0000db6c                _getpid_r
 .text.sprintf  0x0000db70       0x40 c:/users/legion/.platformio/packages/toolchain-gccarmnoneeabi/bin/../lib/gcc/arm-none-eabi/7.2.1/../../../../arm-none-eabi/lib/thumb/v7e-m/fpv4-sp/hard\libc_nano.a(lib_a-sprintf.o)
                0x0000db70                siprintf
                0x0000db70                sprintf
 .text          0x0000dbb0       0x10 c:/users/legion/.platformio/packages/toolchain-gccarmnoneeabi/bin/../lib/gcc/arm-none-eabi/7.2.1/../../../../arm-none-eabi/lib/thumb/v7e-m/fpv4-sp/hard\libc_nano.a(lib_a-strlen.o)
                0x0000dbb0                strlen
 .text.std      0x0000dbc0       0x48 c:/users/legion/.platformio/packages/toolchain-gccarmnoneeabi/bin/../lib/gcc/arm-none-eabi/7.2.1/../../../../arm-none-eabi/lib/thumb/v7e-m/fpv4-sp/hard\libc_nano.a(lib_a-findfp.o)
 .text._cleanup_r
                0x0000dc08        0xc c:/users/legion/.platformio/packages/toolchain-gccarmnoneeabi/bin/../lib/gcc/arm-none-eabi/7.2.1/../../../../arm-none-eabi/lib/thumb/v7e-m/fpv4-sp/hard\libc_nano.a(lib_a-findfp.o)
                0x0000dc08                _cleanup_r
 .text.__sfmoreglue
                0x0000dc14       0x2c c:/users/legion/.platformio/packages/toolchain-gccarmnoneeabi/bin/../lib/gcc/arm-none-eabi/7.2.1/../../../../arm-none-eabi/lib/thumb/v7e-m/fpv4-sp/hard\libc_nano.a(lib_a-findfp.o)
                0x0000dc14                __sfmoreglue
 .text.__sinit  0x0000dc40       0x60 c:/users/legion/.platformio/packages/toolchain-gccarmnoneeabi/bin/../lib/gcc/arm-none-eabi/7.2.1/../../../../arm-none-eabi/lib/thumb/v7e-m/fpv4-sp/hard\libc_nano.a(lib_a-findfp.o)
                0x0000dc40                __sinit
 .text.__sfp    0x0000dca0       0x78 c:/users/legion/.platformio/packages/toolchain-gccarmnoneeabi/bin/../lib/gcc/arm-none-eabi/7.2.1/../../../../arm-none-eabi/lib/thumb/v7e-m/fpv4-sp/hard\libc_nano.a(lib_a-findfp.o)
                0x0000dca0                __sfp
 .text._fwalk_reent
                0x0000dd18       0x3c c:/users/legion/.platformio/packages/toolchain-gccarmnoneeabi/bin/../lib/gcc/arm-none-eabi/7.2.1/../../../../arm-none-eabi/lib/thumb/v7e-m/fpv4-sp/hard\libc_nano.a(lib_a-fwalk.o)
                0x0000dd18                _fwalk_reent
 .text.__malloc_lock
                0x0000dd54        0x2 c:/users/legion/.platformio/packages/toolchain-gccarmnoneeabi/bin/../lib/gcc/arm-none-eabi/7.2.1/../../../../arm-none-eabi/lib/thumb/v7e-m/fpv4-sp/hard\libc_nano.a(lib_a-mlock.o)
                0x0000dd54                __malloc_lock
 .text.__malloc_unlock
                0x0000dd56        0x2 c:/users/legion/.platformio/packages/toolchain-gccarmnoneeabi/bin/../lib/gcc/arm-none-eabi/7.2.1/../../../../arm-none-eabi/lib/thumb/v7e-m/fpv4-sp/hard\libc_nano.a(lib_a-mlock.o)
                0x0000dd56                __malloc_unlock
 .text.__ssputs_r
                0x0000dd58       0xb4 c:/users/legion/.platformio/packages/toolchain-gccarmnoneeabi/bin/../lib/gcc/arm-none-eabi/7.2.1/../../../../arm-none-eabi/lib/thumb/v7e-m/fpv4-sp/hard\libc_nano.a(lib_a-nano-svfprintf.o)
                0x0000dd58                __ssputs_r
 .text._svfprintf_r
                0x0000de0c      0x1ec c:/users/legion/.platformio/packages/toolchain-gccarmnoneeabi/bin/../lib/gcc/arm-none-eabi/7.2.1/../../../../arm-none-eabi/lib/thumb/v7e-m/fpv4-sp/hard\libc_nano.a(lib_a-nano-svfprintf.o)
                0x0000de0c                _svfiprintf_r
                0x0000de0c                _svfprintf_r
 .text.__sfputc_r
                0x0000dff8       0x2e c:/users/legion/.platformio/packages/toolchain-gccarmnoneeabi/bin/../lib/gcc/arm-none-eabi/7.2.1/../../../../arm-none-eabi/lib/thumb/v7e-m/fpv4-sp/hard\libc_nano.a(lib_a-nano-vfprintf.o)
 .text.__sfputs_r
                0x0000e026       0x24 c:/users/legion/.platformio/packages/toolchain-gccarmnoneeabi/bin/../lib/gcc/arm-none-eabi/7.2.1/../../../../arm-none-eabi/lib/thumb/v7e-m/fpv4-sp/hard\libc_nano.a(lib_a-nano-vfprintf.o)