Archive member included to satisfy reference by file (symbol)

.pio\build\uno_r4_wifi\lib1f4\libWire.a(Wire.cpp.o)
                              .pio\build\uno_r4_wifi\src\infrastructure\display\OledDisplay.cpp.o (Wire)
.pio\build\uno_r4_wifi\libe9a\libAdafruit GFX Library.a(Adafruit_GFX.cpp.o)
                              .pio\build\uno_r4_wifi\src\infrastructure\display\OledDisplay.cpp.o (Adafruit_GFX::drawLine(short, short, short, short, unsigned short))
.pio\build\uno_r4_wifi\lib77a\libAdafruit SSD1306.a(Adafruit_SSD1306.cpp.o)
                              .pio\build\uno_r4_wifi\src\infrastructure\display\OledDisplay.cpp.o (Adafruit_SSD1306::Adafruit_SSD1306(unsigned char, unsigned char, TwoWire*, signed char, unsigned long, unsigned long))
.pio\build\uno_r4_wifi\libed1\libSoftwareSerial.a(SoftwareSerial.cpp.o)
                              .pio\build\uno_r4_wifi\src\infrastructure\sensors\NPKSensor.cpp.o (SoftwareSerial::available())
.pio\build\uno_r4_wifi\libFrameworkArduinoVariant.a(common_data.c.o)
                              .pio\build\uno_r4_wifi\lib1f4\libWire.a(Wire.cpp.o) (g_ioport_ctrl)
.pio\build\uno_r4_wifi\libFrameworkArduinoVariant.a(main.c.o)
                              c:/users/legion/.platformio/packages/toolchain-gccarmnoneeabi/bin/../lib/gcc/arm-none-eabi/7.2.1/../../../../arm-none-eabi/lib/thumb/v7e-m/fpv4-sp/hard/crt0.o (main)
.pio\build\uno_r4_wifi\libFrameworkArduinoVariant.a(pin_data.c.o)
                              .pio\build\uno_r4_wifi\libFrameworkArduinoVariant.a(common_data.c.o) (g_bsp_pin_cfg)
.pio\build\uno_r4_wifi\libFrameworkArduinoVariant.a(variant.cpp.o)
                              .pio\build\uno_r4_wifi\lib1f4\libWire.a(Wire.cpp.o) (PINCOUNT_fn)
.pio\build\uno_r4_wifi\libFrameworkArduino.a(FspTimer.cpp.o)
                              .pio\build\uno_r4_wifi\libed1\libSoftwareSerial.a(SoftwareSerial.cpp.o) (FspTimer::FspTimer())
.pio\build\uno_r4_wifi\libFrameworkArduino.a(IRQManager.cpp.o)
                              .pio\build\uno_r4_wifi\lib1f4\libWire.a(Wire.cpp.o) (IRQManager::getInstance())
.pio\build\uno_r4_wifi\libFrameworkArduino.a(Interrupts.cpp.o)
                              .pio\build\uno_r4_wifi\libed1\libSoftwareSerial.a(SoftwareSerial.cpp.o) (getIrqIndexFromPin(unsigned long))
.pio\build\uno_r4_wifi\libFrameworkArduino.a(Serial.cpp.o)
                              .pio\build\uno_r4_wifi\src\main.cpp.o (UART::begin(unsigned long))
.pio\build\uno_r4_wifi\libFrameworkArduino.a(SerialObj1.cpp.o)
                              .pio\build\uno_r4_wifi\src\infrastructure\comm\SerialLogger.cpp.o (_UART1_)
.pio\build\uno_r4_wifi\libFrameworkArduino.a(analog.cpp.o)
                              .pio\build\uno_r4_wifi\src\infrastructure\sensors\MoistureSensor.cpp.o (analogRead)
.pio\build\uno_r4_wifi\libFrameworkArduino.a(Common.cpp.o)
                              .pio\build\uno_r4_wifi\src\infrastructure\display\OledDisplay.cpp.o (map(long, long, long, long, long))
.pio\build\uno_r4_wifi\libFrameworkArduino.a(Print.cpp.o)
                              .pio\build\uno_r4_wifi\src\infrastructure\sensors\NPKSensor.cpp.o (arduino::Print::write(unsigned char const*, unsigned int))
.pio\build\uno_r4_wifi\libFrameworkArduino.a(dac.cpp.o)
                              .pio\build\uno_r4_wifi\libFrameworkArduino.a(analog.cpp.o) (CDac::analogWrite(int))
.pio\build\uno_r4_wifi\libFrameworkArduino.a(digital.cpp.o)
                              .pio\build\uno_r4_wifi\src\infrastructure\sensors\MoistureSensor.cpp.o (pinMode)
.pio\build\uno_r4_wifi\libFrameworkArduino.a(main.cpp.o)
                              .pio\build\uno_r4_wifi\libFrameworkArduinoVariant.a(main.c.o) (hal_entry)
.pio\build\uno_r4_wifi\libFrameworkArduino.a(pinDefinitions.cpp.o)
                              .pio\build\uno_r4_wifi\libFrameworkArduino.a(analog.cpp.o) (pinPeripheral(e_bsp_io_port_pin_t, unsigned long))
.pio\build\uno_r4_wifi\libFrameworkArduino.a(pwm.cpp.o)
                              .pio\build\uno_r4_wifi\libFrameworkArduino.a(analog.cpp.o) (PwmOut::PwmOut(int))
.pio\build\uno_r4_wifi\libFrameworkArduino.a(time.cpp.o)
                              .pio\build\uno_r4_wifi\libFrameworkArduino.a(analog.cpp.o) (delayMicroseconds)
.pio\build\uno_r4_wifi\libFrameworkArduino.a(variant_helper.cpp.o)
                              .pio\build\uno_r4_wifi\lib1f4\libWire.a(Wire.cpp.o) (getPinCfgs(unsigned char, PinCfgReq_t))
.pio\build\uno_r4_wifi\libFrameworkArduino.a(vector_table.c.o)
                              .pio\build\uno_r4_wifi\libFrameworkArduino.a(main.cpp.o) (g_vector_table)
.pio\build\uno_r4_wifi\libFrameworkArduino.a(cm_backtrace.c.o)
                              .pio\build\uno_r4_wifi\libFrameworkArduino.a(main.cpp.o) (cm_backtrace_init)
.pio\build\uno_r4_wifi\libFrameworkArduino.a(cortex_handlers.c.o)
                              .pio\build\uno_r4_wifi\libFrameworkArduino.a(main.cpp.o) (Stacktrace_Handler)
[...]
Memory Configuration

Name             Origin             Length             Attributes
FLASH            0x00004000         0x0003c000         xr
RAM              0x20000000         0x00008000         xrw
DATA_FLASH       0x40100000         0x00002000         xr
OPTION_SETTING   0x00000000         0x00000000         r
OPTION_SETTING_S 0x00000000         0x00000000         r
ID_CODE          0x01010018         0x00000020         xr
*default*        0x00000000         0xffffffff

Linker script and memory map

LOAD c:/users/legion/.platformio/packages/toolchain-gccarmnoneeabi/bin/../lib/gcc/arm-none-eabi/7.2.1/thumb/v7e-m/fpv4-sp/hard/crti.o
LOAD c:/users/legion/.platformio/packages/toolchain-gccarmnoneeabi/bin/../lib/gcc/arm-none-eabi/7.2.1/thumb/v7e-m/fpv4-sp/hard/crtbegin.o
LOAD c:/users/legion/.platformio/packages/toolchain-gccarmnoneeabi/bin/../lib/gcc/arm-none-eabi/7.2.1/../../../../arm-none-eabi/lib/thumb/v7e-m/fpv4-sp/hard/crt0.o
LOAD .pio\build\uno_r4_wifi\src\application\IrrigationService.cpp.o
LOAD .pio\build\uno_r4_wifi\src\application\MonitoringService.cpp.o
LOAD .pio\build\uno_r4_wifi\src\application\SensorService.cpp.o
LOAD .pio\build\uno_r4_wifi\src\domain\IrrigationRules.cpp.o
LOAD .pio\build\uno_r4_wifi\src\domain\IrrigationZone.cpp.o
LOAD .pio\build\uno_r4_wifi\src\domain\SoilMeasurement.cpp.o
LOAD .pio\build\uno_r4_wifi\src\infrastructure\actuators\SolenoidValve.cpp.o
LOAD .pio\build\uno_r4_wifi\src\infrastructure\comm\SerialLogger.cpp.o
LOAD .pio\build\uno_r4_wifi\src\infrastructure\communication\MqttClient.cpp.o
LOAD .pio\build\uno_r4_wifi\src\infrastructure\communication\SerialLogger.cpp.o
LOAD .pio\build\uno_r4_wifi\src\infrastructure\communication\WifiManager.cpp.o
LOAD .pio\build\uno_r4_wifi\src\infrastructure\display\OledDisplay.cpp.o
LOAD .pio\build\uno_r4_wifi\src\infrastructure\sensors\MoistureSensor.cpp.o
LOAD .pio\build\uno_r4_wifi\src\infrastructure\sensors\NPKSensor.cpp.o
LOAD .pio\build\uno_r4_wifi\src\main.cpp.o
START GROUP
LOAD .pio\build\uno_r4_wifi\lib1f4\libWire.a
LOAD .pio\build\uno_r4_wifi\lib066\libSPI.a
LOAD .pio\build\uno_r4_wifi\libfb7\libAdafruit BusIO.a
LOAD .pio\build\uno_r4_wifi\libe9a\libAdafruit GFX Library.a
LOAD .pio\build\uno_r4_wifi\lib77a\libAdafruit SSD1306.a
LOAD .pio\build\uno_r4_wifi\libed1\libSoftwareSerial.a
LOAD .pio\build\uno_r4_wifi\libFrameworkArduinoVariant.a
LOAD .pio\build\uno_r4_wifi\libFrameworkArduino.a
LOAD C:\Users\LEGION\.platformio\packages\framework-arduinorenesas-uno\variants\UNOWIFIR4\libs\libfsp.a
LOAD c:/users/legion/.platformio/packages/toolchain-gccarmnoneeabi/bin/../lib/gcc/arm-none-eabi/7.2.1/../../../../arm-none-eabi/lib/thumb/v7e-m/fpv4-sp/hard\libstdc++_nano.a
LOAD c:/users/legion/.platformio/packages/toolchain-gccarmnoneeabi/bin/../lib/gcc/arm-none-eabi/7.2.1/../../../../arm-none-eabi/lib/thumb/v7e-m/fpv4-sp/hard\libsupc++_nano.a
LOAD c:/users/legion/.platformio/packages/toolchain-gccarmnoneeabi/bin/../lib/gcc/arm-none-eabi/7.2.1/thumb/v7e-m/fpv4-sp/hard\libgcc.a
LOAD c:/users/legion/.platformio/packages/toolchain-gccarmnoneeabi/bin/../lib/gcc/arm-none-eabi/7.2.1/../../../../arm-none-eabi/lib/thumb/v7e-m/fpv4-sp/hard\libnosys.a
END GROUP
LOAD c:/users/legion/.platformio/packages/toolchain-gccarmnoneeabi/bin/../lib/gcc/arm-none-eabi/7.2.1/../../../../arm-none-eabi/lib/thumb/v7e-m/fpv4-sp/hard\libstdc++_nano.a
LOAD c:/users/legion/.platformio/packages/toolchain-gccarmnoneeabi/bin/../lib/gcc/arm-none-eabi/7.2.1/../../../../arm-none-eabi/lib/thumb/v7e-m/fpv4-sp/hard\libm.a
LOAD c:/users/legion/.platformio/packages/toolchain-gccarmnoneeabi/bin/../lib/gcc/arm-none-eabi/7.2.1/../../../../arm-none-eabi/lib/thumb/v7e-m/fpv4-sp/hard\libc_nano.a
START GROUP
LOAD c:/users/legion/.platformio/packages/toolchain-gccarmnoneeabi/bin/../lib/gcc/arm-none-eabi/7.2.1/thumb/v7e-m/fpv4-sp/hard\libgcc.a
LOAD c:/users/legion/.platformio/packages/toolchain-gccarmnoneeabi/bin/../lib/gcc/arm-none-eabi/7.2.1/../../../../arm-none-eabi/lib/thumb/v7e-m/fpv4-sp/hard\libc_nano.a
END GROUP
START GROUP
LOAD c:/users/legion/.platformio/packages/toolchain-gccarmnoneeabi/bin/../lib/gcc/arm-none-eabi/7.2.1/thumb/v7e-m/fpv4-sp/hard\libgcc.a
LOAD c:/users/legion/.platformio/packages/toolchain-gccarmnoneeabi/bin/../lib/gcc/arm-none-eabi/7.2.1/../../../../arm-none-eabi/lib/thumb/v7e-m/fpv4-sp/hard\libc_nano.a
LOAD c:/users/legion/.platformio/packages/toolchain-gccarmnoneeabi/bin/../lib/gcc/arm-none-eabi/7.2.1/../../../../arm-none-eabi/lib/thumb/v7e-m/fpv4-sp/hard\libnosys.a
END GROUP
START GROUP
LOAD c:/users/legion/.platformio/packages/toolchain-gccarmnoneeabi/bin/../lib/gcc/arm-none-eabi/7.2.1/thumb/v7e-m/fpv4-sp/hard\libgcc.a
LOAD c:/users/legion/.platformio/packages/toolchain-gccarmnoneeabi/bin/../lib/gcc/arm-none-eabi/7.2.1/../../../../arm-none-eabi/lib/thumb/v7e-m/fpv4-sp/hard\libc_nano.a
LOAD c:/users/legion/.platformio/packages/toolchain-gccarmnoneeabi/bin/../lib/gcc/arm-none-eabi/7.2.1/../../../../arm-none-eabi/lib/thumb/v7e-m/fpv4-sp/hard\libnosys.a
END GROUP
LOAD c:/users/legion/.platformio/packages/toolchain-gccarmnoneeabi/bin/../lib/gcc/arm-none-eabi/7.2.1/thumb/v7e-m/fpv4-sp/hard/crtend.o
LOAD c:/users/legion/.platformio/packages/toolchain-gccarmnoneeabi/bin/../lib/gcc/arm-none-eabi/7.2.1/thumb/v7e-m/fpv4-sp/hard/crtn.o
                0x20000000                RAM_START = 0x20000000
                0x00008000                RAM_LENGTH = 0x8000
                0x00000000                FLASH_START = 0x0
                0x00040000                FLASH_LENGTH = 0x40000
                0x40100000                DATA_FLASH_START = 0x40100000
                0x00002000                DATA_FLASH_LENGTH = 0x2000
                0x00000000                OPTION_SETTING_START = 0x0
                0x00000000                OPTION_SETTING_LENGTH = 0x0
                0x00000000                OPTION_SETTING_S_START = 0x0
                0x00000000                OPTION_SETTING_S_LENGTH = 0x0
                0x01010018                ID_CODE_START = 0x1010018
                0x00000020                ID_CODE_LENGTH = 0x20
                0x90000000                SDRAM_START = 0x90000000
                0x00000000                SDRAM_LENGTH = 0x0
                0x60000000                QSPI_FLASH_START = 0x60000000
                0x00000000                QSPI_FLASH_LENGTH = 0x0
                0x68000000                OSPI_DEVICE_0_START = 0x68000000
                0x00000000                OSPI_DEVICE_0_LENGTH = 0x0
                0x70000000                OSPI_DEVICE_1_START = 0x70000000
                0x00000000                OSPI_DEVICE_1_LENGTH = 0x0
                0x00004000                FLASH_IMAGE_START = 0x4000
                0x00000100                VECTOR_TABLE_LENGTH = 0x100
                0x00000400                BSP_CFG_STACK_MAIN_BYTES = 0x400
START GROUP
LOAD c:/users/legion/.platformio/packages/toolchain-gccarmnoneeabi/bin/../lib/gcc/arm-none-eabi/7.2.1/thumb/v7e-m/fpv4-sp/hard\libgcc.a
LOAD c:/users/legion/.platformio/packages/toolchain-gccarmnoneeabi/bin/../lib/gcc/arm-none-eabi/7.2.1/../../../../arm-none-eabi/lib/thumb/v7e-m/fpv4-sp/hard\libc.a
LOAD c:/users/legion/.platformio/packages/toolchain-gccarmnoneeabi/bin/../lib/gcc/arm-none-eabi/7.2.1/../../../../arm-none-eabi/lib/thumb/v7e-m/fpv4-sp/hard\libm.a
LOAD c:/users/legion/.platformio/packages/toolchain-gccarmnoneeabi/bin/../lib/gcc/arm-none-eabi/7.2.1/../../../../arm-none-eabi/lib/thumb/v7e-m/fpv4-sp/hard\libnosys.a
END GROUP

.text           0x00004000     0xe6b8
                0x00000000                __tz_FLASH_S = ABSOLUTE (FLASH_START)
                0x00004000                __ROM_Start = .
 *(.sketch_boot)
                0x00004000                . = ALIGN (0x800)
 *(.fixed_vectors*)
 .fixed_vectors
                0x00004000       0x40 C:\Users\LEGION\.platformio\packages\framework-arduinorenesas-uno\variants\UNOWIFIR4\libs\libfsp.a(startup.o)
                0x00004000                __Vectors
 *(.application_vectors*)
 .application_vectors
                0x00004040       0x80 .pio\build\uno_r4_wifi\libFrameworkArduino.a(vector_table.c.o)
                0x00004040                g_vector_table
                0x000040c0                __Vectors_End = .
 *(.text*)
 .text          0x000040c0       0x40 c:/users/legion/.platformio/packages/toolchain-gccarmnoneeabi/bin/../lib/gcc/arm-none-eabi/7.2.1/thumb/v7e-m/fpv4-sp/hard/crtbegin.o
 .text._ZN12SerialLogger8printNPKERK7NPKData
                0x00004100       0x50 .pio\build\uno_r4_wifi\src\infrastructure\comm\SerialLogger.cpp.o
                0x00004100                SerialLogger::printNPK(NPKData const&)
 .text._ZN11OledDisplayC2Ev
                0x00004150       0x30 .pio\build\uno_r4_wifi\src\infrastructure\display\OledDisplay.cpp.o
                0x00004150                OledDisplay::OledDisplay()
                0x00004150                OledDisplay::OledDisplay()
 .text._ZN11OledDisplay5beginEv
                0x00004180       0x64 .pio\build\uno_r4_wifi\src\infrastructure\display\OledDisplay.cpp.o
                0x00004180                OledDisplay::begin()
 .text._ZN14MoistureSensorC2Eii
                0x000041e4        0x6 .pio\build\uno_r4_wifi\src\infrastructure\sensors\MoistureSensor.cpp.o
                0x000041e4                MoistureSensor::MoistureSensor(int, int)
                0x000041e4                MoistureSensor::MoistureSensor(int, int)
 .text._ZN14MoistureSensor5beginEv
                0x000041ea       0x18 .pio\build\uno_r4_wifi\src\infrastructure\sensors\MoistureSensor.cpp.o
                0x000041ea                MoistureSensor::begin()
 .text._ZN14MoistureSensor4readEv
                0x00004202       0x4c .pio\build\uno_r4_wifi\src\infrastructure\sensors\MoistureSensor.cpp.o
                0x00004202                MoistureSensor::read()
 *fill*         0x0000424e        0x2 ff
 .text._ZN9NPKSensorC2Ehhhh
                0x00004250       0x54 .pio\build\uno_r4_wifi\src\infrastructure\sensors\NPKSensor.cpp.o
                0x00004250                NPKSensor::NPKSensor(unsigned char, unsigned char, unsigned char, unsigned char)
                0x00004250                NPKSensor::NPKSensor(unsigned char, unsigned char, unsigned char, unsigned char)
 .text._ZN9NPKSensor5beginEv
                0x000042a4       0x2a .pio\build\uno_r4_wifi\src\infrastructure\sensors\NPKSensor.cpp.o
                0x000042a4                NPKSensor::begin()
 .text._ZN9NPKSensor9readValueEPKh
                0x000042ce       0x98 .pio\build\uno_r4_wifi\src\infrastructure\sensors\NPKSensor.cpp.o
                0x000042ce                NPKSensor::readValue(unsigned char const*)
 .text._ZN9NPKSensor4readEv
                0x00004366       0x46 .pio\build\uno_r4_wifi\src\infrastructure\sensors\NPKSensor.cpp.o
                0x00004366                NPKSensor::read()
 .text.loop     0x000043ac       0x7c .pio\build\uno_r4_wifi\src\main.cpp.o
                0x000043ac                loop
 .text.startup._GLOBAL__sub_I_soilSensor
                0x00004428       0x34 .pio\build\uno_r4_wifi\src\main.cpp.o
 .text.setup    0x0000445c       0x34 .pio\build\uno_r4_wifi\src\main.cpp.o
                0x0000445c                setup
 .text.exit._GLOBAL__sub_D_soilSensor
                0x00004490       0x1c .pio\build\uno_r4_wifi\src\main.cpp.o
 .text._ZN7arduino5Print17availableForWriteEv
                0x000044ac        0x4 .pio\build\uno_r4_wifi\lib1f4\libWire.a(Wire.cpp.o)
                0x000044ac                arduino::Print::availableForWrite()
 .text.R_BSP_IrqDisable
                0x000044b0       0x24 .pio\build\uno_r4_wifi\lib1f4\libWire.a(Wire.cpp.o)
 .text._ZN7TwoWire21WireSCIMasterCallbackEP27st_i2c_master_callback_args
                0x000044d4       0x38 .pio\build\uno_r4_wifi\lib1f4\libWire.a(Wire.cpp.o)
                0x000044d4                TwoWire::WireSCIMasterCallback(st_i2c_master_callback_args*)
 .text._ZN7TwoWire18WireMasterCallbackEP27st_i2c_master_callback_args
                0x0000450c       0x38 .pio\build\uno_r4_wifi\lib1f4\libWire.a(Wire.cpp.o)
                0x0000450c                TwoWire::WireMasterCallback(st_i2c_master_callback_args*)
 .text._ZN7TwoWire15endTransmissionEv
                0x00004544        0x8 .pio\build\uno_r4_wifi\lib1f4\libWire.a(Wire.cpp.o)
                0x00004544                TwoWire::endTransmission()
 .text._ZN7TwoWire11requestFromEhj
                0x0000454c       0x10 .pio\build\uno_r4_wifi\lib1f4\libWire.a(Wire.cpp.o)
                0x0000454c                TwoWire::requestFrom(unsigned char, unsigned int)
 .text._ZN7TwoWire5writeEh
                0x0000455c       0x54 .pio\build\uno_r4_wifi\lib1f4\libWire.a(Wire.cpp.o)
                0x0000455c                TwoWire::write(unsigned char)
 .text._ZN7TwoWire9onReceiveEPFviE
                0x000045b0        0x6 .pio\build\uno_r4_wifi\lib1f4\libWire.a(Wire.cpp.o)
                0x000045b0                TwoWire::onReceive(void (*)(int))
 .text._ZN7TwoWire9onRequestEPFvvE
                0x000045b6        0x6 .pio\build\uno_r4_wifi\lib1f4\libWire.a(Wire.cpp.o)
                0x000045b6                TwoWire::onRequest(void (*)())
 .text._ZN7TwoWire9availableEv
                0x000045bc        0xc .pio\build\uno_r4_wifi\lib1f4\libWire.a(Wire.cpp.o)
                0x000045bc                TwoWire::available()
 .text._ZN7TwoWire4readEv
                0x000045c8       0x22 .pio\build\uno_r4_wifi\lib1f4\libWire.a(Wire.cpp.o)
                0x000045c8                TwoWire::read()
 .text._ZN7TwoWire4peekEv
                0x000045ea       0x18 .pio\build\uno_r4_wifi\lib1f4\libWire.a(Wire.cpp.o)
                0x000045ea                TwoWire::peek()
 .text._ZN7TwoWire5flushEv
                0x00004602       0x12 .pio\build\uno_r4_wifi\lib1f4\libWire.a(Wire.cpp.o)
                0x00004602                TwoWire::flush()
 .text._ZN7TwoWire3endEv
                0x00004614       0x98 .pio\build\uno_r4_wifi\lib1f4\libWire.a(Wire.cpp.o)
                0x00004614                TwoWire::end()
 .text._ZN7TwoWire5writeEPKhj
                0x000046ac       0x36 .pio\build\uno_r4_wifi\lib1f4\libWire.a(Wire.cpp.o)
                0x000046ac                TwoWire::write(unsigned char const*, unsigned int)
 *fill*         0x000046e2        0x2 ff
 .text._ZN7TwoWire8setClockEm
                0x000046e4       0xd8 .pio\build\uno_r4_wifi\lib1f4\libWire.a(Wire.cpp.o)
                0x000046e4                TwoWire::setClock(unsigned long)
 .text._ZN7TwoWire10slave_readEm
                0x000047bc       0x28 .pio\build\uno_r4_wifi\lib1f4\libWire.a(Wire.cpp.o)
                0x000047bc                TwoWire::slave_read(unsigned long)
 .text._ZN7TwoWire17WireSlaveCallbackEP26st_i2c_slave_callback_args
                0x000047e4      0x104 .pio\build\uno_r4_wifi\lib1f4\libWire.a(Wire.cpp.o)
                0x000047e4                TwoWire::WireSlaveCallback(st_i2c_slave_callback_args*)
 .text._ZN7TwoWireC2Eii17WireAddressMode_tb
                0x000048e8       0x98 .pio\build\uno_r4_wifi\lib1f4\libWire.a(Wire.cpp.o)
                0x000048e8                TwoWire::TwoWire(int, int, WireAddressMode_t, bool)
                0x000048e8                TwoWire::TwoWire(int, int, WireAddressMode_t, bool)
 .text._ZN7TwoWire8cfg_pinsEi
                0x00004980       0xf4 .pio\build\uno_r4_wifi\lib1f4\libWire.a(Wire.cpp.o)
                0x00004980                TwoWire::cfg_pins(int)
 .text._ZN7TwoWire6_beginEv
                0x00004a74      0x244 .pio\build\uno_r4_wifi\lib1f4\libWire.a(Wire.cpp.o)
                0x00004a74                TwoWire::_begin()
 .text._ZN7TwoWire5beginEv
                0x00004cb8       0x18 .pio\build\uno_r4_wifi\lib1f4\libWire.a(Wire.cpp.o)
                0x00004cb8                TwoWire::begin()
 .text._ZN7TwoWire5beginEt
                0x00004cd0       0x1e .pio\build\uno_r4_wifi\lib1f4\libWire.a(Wire.cpp.o)
                0x00004cd0                TwoWire::begin(unsigned short)
 .text._ZN7TwoWire5beginEh
                0x00004cee        0x4 .pio\build\uno_r4_wifi\lib1f4\libWire.a(Wire.cpp.o)
                0x00004cee                TwoWire::begin(unsigned char)
 .text._ZN7TwoWire9read_fromEhPhhjb
                0x00004cf2       0x72 .pio\build\uno_r4_wifi\lib1f4\libWire.a(Wire.cpp.o)
                0x00004cf2                TwoWire::read_from(unsigned char, unsigned char*, unsigned char, unsigned int, bool)
 .text._ZN7TwoWire8write_toEhPhhjb
                0x00004d64       0x92 .pio\build\uno_r4_wifi\lib1f4\libWire.a(Wire.cpp.o)
                0x00004d64                TwoWire::write_to(unsigned char, unsigned char*, unsigned char, unsigned int, bool)
 .text._ZN7TwoWire15endTransmissionEb
                0x00004df6       0x26 .pio\build\uno_r4_wifi\lib1f4\libWire.a(Wire.cpp.o)
                0x00004df6                TwoWire::endTransmission(bool)
 .text._ZN7TwoWire17beginTransmissionEm
                0x00004e1c       0x1a .pio\build\uno_r4_wifi\lib1f4\libWire.a(Wire.cpp.o)
                0x00004e1c                TwoWire::beginTransmission(unsigned long)
 .text._ZN7TwoWire17beginTransmissionEh
                0x00004e36        0x4 .pio\build\uno_r4_wifi\lib1f4\libWire.a(Wire.cpp.o)
                0x00004e36                TwoWire::beginTransmission(unsigned char)
 .text._ZN7TwoWire17beginTransmissionEi
                0x00004e3a        0x4 .pio\build\uno_r4_wifi\lib1f4\libWire.a(Wire.cpp.o)
                0x00004e3a                TwoWire::beginTransmission(int)
 .text._ZN7TwoWire11requestFromEhjmhh
                0x00004e3e       0x7e .pio\build\uno_r4_wifi\lib1f4\libWire.a(Wire.cpp.o)
                0x00004e3e                TwoWire::requestFrom(unsigned char, unsigned int, unsigned long, unsigned char, unsigned char)
 .text._ZN7TwoWire11requestFromEhjb
                0x00004ebc       0x12 .pio\build\uno_r4_wifi\lib1f4\libWire.a(Wire.cpp.o)
                0x00004ebc                TwoWire::requestFrom(unsigned char, unsigned int, bool)
 *fill*         0x00004ece        0x2 ff
 .text.startup._GLOBAL__sub_I__ZN7TwoWire10g_SCIWiresE
                0x00004ed0       0x2c .pio\build\uno_r4_wifi\lib1f4\libWire.a(Wire.cpp.o)
 .text._ZN7arduino5Print5flushEv
                0x00004efc        0x2 .pio\build\uno_r4_wifi\libe9a\libAdafruit GFX Library.a(Adafruit_GFX.cpp.o)
                0x00004efc                arduino::Print::flush()
 .text._ZN12Adafruit_GFX9writeLineEsssst
                0x00004efe       0xbc .pio\build\uno_r4_wifi\libe9a\libAdafruit GFX Library.a(Adafruit_GFX.cpp.o)
                0x00004efe                Adafruit_GFX::writeLine(short, short, short, short, unsigned short)
 .text._ZN12Adafruit_GFX10startWriteEv
                0x00004fba        0x2 .pio\build\uno_r4_wifi\libe9a\libAdafruit GFX Library.a(Adafruit_GFX.cpp.o)
                0x00004fba                Adafruit_GFX::startWrite()
                0x00004fba                Adafruit_GFX::endWrite()
 .text._ZN12Adafruit_GFX10writePixelEsst
                0x00004fbc        0xe .pio\build\uno_r4_wifi\libe9a\libAdafruit GFX Library.a(Adafruit_GFX.cpp.o)
                0x00004fbc                Adafruit_GFX::writePixel(short, short, unsigned short)
 .text._ZN12Adafruit_GFX14writeFastVLineEssst
                0x00004fca       0x12 .pio\build\uno_r4_wifi\libe9a\libAdafruit GFX Library.a(Adafruit_GFX.cpp.o)
                0x00004fca                Adafruit_GFX::writeFastVLine(short, short, short, unsigned short)
 .text._ZN12Adafruit_GFX14writeFastHLineEssst
                0x00004fdc       0x12 .pio\build\uno_r4_wifi\libe9a\libAdafruit GFX Library.a(Adafruit_GFX.cpp.o)
                0x00004fdc                Adafruit_GFX::writeFastHLine(short, short, short, unsigned short)
 .text._ZN12Adafruit_GFX13writeFillRectEsssst
                0x00004fee       0x18 .pio\build\uno_r4_wifi\libe9a\libAdafruit GFX Library.a(Adafruit_GFX.cpp.o)
                0x00004fee                Adafruit_GFX::writeFillRect(short, short, short, short, unsigned short)
 .text._ZN12Adafruit_GFX13drawFastVLineEssst
                0x00005006       0x3e .pio\build\uno_r4_wifi\libe9a\libAdafruit GFX Library.a(Adafruit_GFX.cpp.o)
                0x00005006                Adafruit_GFX::drawFastVLine(short, short, short, unsigned short)
 .text._ZN12Adafruit_GFX13drawFastHLineEssst
                0x00005044       0x3a .pio\build\uno_r4_wifi\libe9a\libAdafruit GFX Library.a(Adafruit_GFX.cpp.o)
                0x00005044                Adafruit_GFX::drawFastHLine(short, short, short, unsigned short)
 .text._ZN12Adafruit_GFX8fillRectEsssst
                0x0000507e       0x46 .pio\build\uno_r4_wifi\libe9a\libAdafruit GFX Library.a(Adafruit_GFX.cpp.o)
                0x0000507e                Adafruit_GFX::fillRect(short, short, short, short, unsigned short)
 .text._ZN12Adafruit_GFX10fillScreenEt
                0x000050c4       0x1c .pio\build\uno_r4_wifi\libe9a\libAdafruit GFX Library.a(Adafruit_GFX.cpp.o)
                0x000050c4                Adafruit_GFX::fillScreen(unsigned short)
 .text._ZN12Adafruit_GFX8drawRectEsssst
                0x000050e0       0x78 .pio\build\uno_r4_wifi\libe9a\libAdafruit GFX Library.a(Adafruit_GFX.cpp.o)
                0x000050e0                Adafruit_GFX::drawRect(short, short, short, short, unsigned short)
 .text._ZN12Adafruit_GFX13invertDisplayEb
                0x00005158        0x2 .pio\build\uno_r4_wifi\libe9a\libAdafruit GFX Library.a(Adafruit_GFX.cpp.o)
                0x00005158                Adafruit_GFX::invertDisplay(bool)
 .text._ZN12Adafruit_GFX8drawLineEsssst
                0x0000515a       0x88 .pio\build\uno_r4_wifi\libe9a\libAdafruit GFX Library.a(Adafruit_GFX.cpp.o)
                0x0000515a                Adafruit_GFX::drawLine(short, short, short, short, unsigned short)
 .text._ZN12Adafruit_GFX11setRotationEh
                0x000051e2       0x22 .pio\build\uno_r4_wifi\libe9a\libAdafruit GFX Library.a(Adafruit_GFX.cpp.o)
                0x000051e2                Adafruit_GFX::setRotation(unsigned char)
 .text._ZN12Adafruit_GFXC2Ess
                0x00005204       0x30 .pio\build\uno_r4_wifi\libe9a\libAdafruit GFX Library.a(Adafruit_GFX.cpp.o)
                0x00005204                Adafruit_GFX::Adafruit_GFX(short, short)
                0x00005204                Adafruit_GFX::Adafruit_GFX(short, short)
 .text._ZN12Adafruit_GFX10drawBitmapEssPKhsst
                0x00005234       0xa4 .pio\build\uno_r4_wifi\libe9a\libAdafruit GFX Library.a(Adafruit_GFX.cpp.o)
                0x00005234                Adafruit_GFX::drawBitmap(short, short, unsigned char const*, short, short, unsigned short)
 .text._ZN12Adafruit_GFX8drawCharEsshtthh
                0x000052d8      0x2ac .pio\build\uno_r4_wifi\libe9a\libAdafruit GFX Library.a(Adafruit_GFX.cpp.o)
                0x000052d8                Adafruit_GFX::drawChar(short, short, unsigned char, unsigned short, unsigned short, unsigned char, unsigned char)
 .text._ZN12Adafruit_GFX5writeEh
                0x00005584      0x102 .pio\build\uno_r4_wifi\libe9a\libAdafruit GFX Library.a(Adafruit_GFX.cpp.o)
                0x00005584                Adafruit_GFX::write(unsigned char)
 .text._ZN12Adafruit_GFX11setTextSizeEhh
                0x00005686       0x12 .pio\build\uno_r4_wifi\libe9a\libAdafruit GFX Library.a(Adafruit_GFX.cpp.o)
                0x00005686                Adafruit_GFX::setTextSize(unsigned char, unsigned char)
 .text._ZN12Adafruit_GFX11setTextSizeEh
                0x00005698        0x6 .pio\build\uno_r4_wifi\libe9a\libAdafruit GFX Library.a(Adafruit_GFX.cpp.o)
                0x00005698                Adafruit_GFX::setTextSize(unsigned char)
 .text._ZN16Adafruit_SSD13069drawPixelEsst
                0x0000569e       0xb4 .pio\build\uno_r4_wifi\lib77a\libAdafruit SSD1306.a(Adafruit_SSD1306.cpp.o)
                0x0000569e                Adafruit_SSD1306::drawPixel(short, short, unsigned short)
 *fill*         0x00005752        0x2 ff
 .text._ZN16Adafruit_SSD1306C2EhhP7TwoWireamm
                0x00005754       0x60 .pio\build\uno_r4_wifi\lib77a\libAdafruit SSD1306.a(Adafruit_SSD1306.cpp.o)
                0x00005754                Adafruit_SSD1306::Adafruit_SSD1306(unsigned char, unsigned char, TwoWire*, signed char, unsigned long, unsigned long)
                0x00005754                Adafruit_SSD1306::Adafruit_SSD1306(unsigned char, unsigned char, TwoWire*, signed char, unsigned long, unsigned long)
 .text._ZN16Adafruit_SSD1306D2Ev
                0x000057b4       0x18 .pio\build\uno_r4_wifi\lib77a\libAdafruit SSD1306.a(Adafruit_SSD1306.cpp.o)
                0x000057b4                Adafruit_SSD1306::~Adafruit_SSD1306()
                0x000057b4                Adafruit_SSD1306::~Adafruit_SSD1306()
 .text._ZN16Adafruit_SSD130616ssd1306_command1Eh
                0x000057cc       0x82 .pio\build\uno_r4_wifi\lib77a\libAdafruit SSD1306.a(Adafruit_SSD1306.cpp.o)
                0x000057cc                Adafruit_SSD1306::ssd1306_command1(unsigned char)
 .text._ZN16Adafruit_SSD130613invertDisplayEb
                0x0000584e       0x6a .pio\build\uno_r4_wifi\lib77a\libAdafruit SSD1306.a(Adafruit_SSD1306.cpp.o)
                0x0000584e                Adafruit_SSD1306::invertDisplay(bool)
 .text._ZN16Adafruit_SSD130619ssd1306_commandListEPKhh
                0x000058b8       0xd0 .pio\build\uno_r4_wifi\lib77a\libAdafruit SSD1306.a(Adafruit_SSD1306.cpp.o)
                0x000058b8                Adafruit_SSD1306::ssd1306_commandList(unsigned char const*, unsigned char)
 .text._ZN16Adafruit_SSD130612clearDisplayEv
                0x00005988       0x1a .pio\build\uno_r4_wifi\lib77a\libAdafruit SSD1306.a(Adafruit_SSD1306.cpp.o)
                0x00005988                Adafruit_SSD1306::clearDisplay()
 *fill*         0x000059a2        0x2 ff
 .text._ZN16Adafruit_SSD13065beginEhhbb
                0x000059a4      0x32c .pio\build\uno_r4_wifi\lib77a\libAdafruit SSD1306.a(Adafruit_SSD1306.cpp.o)
                0x000059a4                Adafruit_SSD1306::begin(unsigned char, unsigned char, bool, bool)
 .text._ZN16Adafruit_SSD130621drawFastHLineInternalEssst
                0x00005cd0       0x8c .pio\build\uno_r4_wifi\lib77a\libAdafruit SSD1306.a(Adafruit_SSD1306.cpp.o)
                0x00005cd0                Adafruit_SSD1306::drawFastHLineInternal(short, short, short, unsigned short)
 .text._ZN16Adafruit_SSD130621drawFastVLineInternalEssst
                0x00005d5c      0x11c .pio\build\uno_r4_wifi\lib77a\libAdafruit SSD1306.a(Adafruit_SSD1306.cpp.o)
                0x00005d5c                Adafruit_SSD1306::drawFastVLineInternal(short, short, short, unsigned short)
 .text._ZN16Adafruit_SSD130613drawFastHLineEssst
                0x00005e78       0x4e .pio\build\uno_r4_wifi\lib77a\libAdafruit SSD1306.a(Adafruit_SSD1306.cpp.o)
                0x00005e78                Adafruit_SSD1306::drawFastHLine(short, short, short, unsigned short)
 .text._ZN16Adafruit_SSD130613drawFastVLineEssst
                0x00005ec6       0x4e .pio\build\uno_r4_wifi\lib77a\libAdafruit SSD1306.a(Adafruit_SSD1306.cpp.o)
                0x00005ec6                Adafruit_SSD1306::drawFastVLine(short, short, short, unsigned short)
 .text._ZN16Adafruit_SSD13067displayEv
                0x00005f14      0x170 .pio\build\uno_r4_wifi\lib77a\libAdafruit SSD1306.a(Adafruit_SSD1306.cpp.o)
                0x00005f14                Adafruit_SSD1306::display()
 .text._ZN14SoftwareSerial9availableEv
                0x00006084        0x6 .pio\build\uno_r4_wifi\libed1\libSoftwareSerial.a(SoftwareSerial.cpp.o)
                0x00006084                SoftwareSerial::available()
 .text._ZN14SoftwareSerial4readEv
                0x0000608a       0x54 .pio\build\uno_r4_wifi\libed1\libSoftwareSerial.a(SoftwareSerial.cpp.o)
                0x0000608a                SoftwareSerial::read()
 *fill*         0x000060de        0x2 ff
 .text._ZNK14SoftwareSerial7printToERN7arduino5PrintE
                0x000060e0       0x5c .pio\build\uno_r4_wifi\libed1\libSoftwareSerial.a(SoftwareSerial.cpp.o)
                0x000060e0                SoftwareSerial::printTo(arduino::Print&) const
 .text._ZThn16_NK14SoftwareSerial7printToERN7arduino5PrintE
                0x0000613c        0x8 .pio\build\uno_r4_wifi\libed1\libSoftwareSerial.a(SoftwareSerial.cpp.o)
                0x0000613c                non-virtual thunk to SoftwareSerial::printTo(arduino::Print&) const
 .text._Z15dma_tx_callbackP23st_dmac_callback_args_t
                0x00006144       0x24 .pio\build\uno_r4_wifi\libed1\libSoftwareSerial.a(SoftwareSerial.cpp.o)
                0x00006144                dma_tx_callback(st_dmac_callback_args_t*)
 .text._ZL14fsp_tim_configP8FspTimermb
                0x00006168       0x7c .pio\build\uno_r4_wifi\libed1\libSoftwareSerial.a(SoftwareSerial.cpp.o)
 .text._ZN14SoftwareSerial5writeEh
                0x000061e4       0xa8 .pio\build\uno_r4_wifi\libed1\libSoftwareSerial.a(SoftwareSerial.cpp.o)
                0x000061e4                SoftwareSerial::write(unsigned char)
 .text._ZN14SoftwareSerial3endEv
                0x0000628c       0x7c .pio\build\uno_r4_wifi\libed1\libSoftwareSerial.a(SoftwareSerial.cpp.o)
                0x0000628c                SoftwareSerial::end()
 .text._ZN14SoftwareSerial4peekEv
                0x00006308       0x30 .pio\build\uno_r4_wifi\libed1\libSoftwareSerial.a(SoftwareSerial.cpp.o)
                0x00006308                SoftwareSerial::peek()
 .text._ZN14SoftwareSerialC2Ehhj
                0x00006338       0xcc .pio\build\uno_r4_wifi\libed1\libSoftwareSerial.a(SoftwareSerial.cpp.o)
                0x00006338                SoftwareSerial::SoftwareSerial(unsigned char, unsigned char, unsigned int)
                0x00006338                SoftwareSerial::SoftwareSerial(unsigned char, unsigned char, unsigned int)
 .text._ZN14SoftwareSerial5beginEmmb
                0x00006404      0x37c .pio\build\uno_r4_wifi\libed1\libSoftwareSerial.a(SoftwareSerial.cpp.o)
                0x00006404                SoftwareSerial::begin(unsigned long, unsigned long, bool)
 .text._ZN14SoftwareSerial10rx_processEv
                0x00006780       0xbc .pio\build\uno_r4_wifi\libed1\libSoftwareSerial.a(SoftwareSerial.cpp.o)
                0x00006780                SoftwareSerial::rx_process()
 .text._Z15dma_rx_callbackP23st_dmac_callback_args_t
                0x0000683c       0x16 .pio\build\uno_r4_wifi\libed1\libSoftwareSerial.a(SoftwareSerial.cpp.o)
                0x0000683c                dma_rx_callback(st_dmac_callback_args_t*)
 .text._ZNSt10unique_ptrIA_hSt14default_deleteIS0_EED2Ev
                0x00006852       0x10 .pio\build\uno_r4_wifi\libed1\libSoftwareSerial.a(SoftwareSerial.cpp.o)
                0x00006852                std::unique_ptr<unsigned char [], std::default_delete<unsigned char []> >::~unique_ptr()
                0x00006852                std::unique_ptr<unsigned char [], std::default_delete<unsigned char []> >::~unique_ptr()
 *fill*         0x00006862        0x2 ff
 .text._ZN14SoftwareSerialD2Ev
                0x00006864       0x38 .pio\build\uno_r4_wifi\libed1\libSoftwareSerial.a(SoftwareSerial.cpp.o)
                0x00006864                SoftwareSerial::~SoftwareSerial()
                0x00006864                SoftwareSerial::~SoftwareSerial()
 .text._ZN14SoftwareSerialD0Ev
                0x0000689c       0x16 .pio\build\uno_r4_wifi\libed1\libSoftwareSerial.a(SoftwareSerial.cpp.o)
                0x0000689c                SoftwareSerial::~SoftwareSerial()
 .text.startup.main
                0x000068b2        0xa .pio\build\uno_r4_wifi\libFrameworkArduinoVariant.a(main.c.o)
                0x000068b2                main
 .text.PINCOUNT_fn
                0x000068bc        0x4 .pio\build\uno_r4_wifi\libFrameworkArduinoVariant.a(variant.cpp.o)
                0x000068bc                PINCOUNT_fn
 .text._Z17__maybe_start_usbv
                0x000068c0        0x2 .pio\build\uno_r4_wifi\libFrameworkArduinoVariant.a(variant.cpp.o)
                0x000068c0                __maybe_start_usb()
 *fill*         0x000068c2        0x2 ff
 .text.initVariant
                0x000068c4       0x9c .pio\build\uno_r4_wifi\libFrameworkArduinoVariant.a(variant.cpp.o)
                0x000068c4                initVariant
 .text.R_FSP_SystemClockHzGet
                0x00006960       0x24 .pio\build\uno_r4_wifi\libFrameworkArduino.a(FspTimer.cpp.o)
 .text._ZN8FspTimer17set_period_countsEhfm.part.2
                0x00006984      0x158 .pio\build\uno_r4_wifi\libFrameworkArduino.a(FspTimer.cpp.o)
 .text._ZN8FspTimerC2Ev
                0x00006adc       0x18 .pio\build\uno_r4_wifi\libFrameworkArduino.a(FspTimer.cpp.o)
                0x00006adc                FspTimer::FspTimer()
                0x00006adc                FspTimer::FspTimer()
 .text._ZN8FspTimer5beginE12e_timer_modehhmm18e_timer_source_divPFvP22st_timer_callback_argsEPv
                0x00006af4      0x16c .pio\build\uno_r4_wifi\libFrameworkArduino.a(FspTimer.cpp.o)
                0x00006af4                FspTimer::begin(e_timer_mode, unsigned char, unsigned char, unsigned long, unsigned long, e_timer_source_div, void (*)(st_timer_callback_args*), void*)
 .text._ZN8FspTimer19get_available_timerERhb
                0x00006c60       0x74 .pio\build\uno_r4_wifi\libFrameworkArduino.a(FspTimer.cpp.o)
                0x00006c60                FspTimer::get_available_timer(unsigned char&, bool)
 .text._ZN8FspTimer17set_period_countsEhfm
                0x00006cd4       0xd8 .pio\build\uno_r4_wifi\libFrameworkArduino.a(FspTimer.cpp.o)
                0x00006cd4                FspTimer::set_period_counts(unsigned char, float, unsigned long)
 .text._ZN8FspTimer5beginE12e_timer_modehhffPFvP22st_timer_callback_argsEPv
                0x00006dac       0xb8 .pio\build\uno_r4_wifi\libFrameworkArduino.a(FspTimer.cpp.o)
                0x00006dac                FspTimer::begin(e_timer_mode, unsigned char, unsigned char, float, float, void (*)(st_timer_callback_args*), void*)
 .text._ZN8FspTimer11get_channelEv
                0x00006e64        0x4 .pio\build\uno_r4_wifi\libFrameworkArduino.a(FspTimer.cpp.o)
                0x00006e64                FspTimer::get_channel()
 .text._ZN8FspTimer4openEv
                0x00006e68       0x4e .pio\build\uno_r4_wifi\libFrameworkArduino.a(FspTimer.cpp.o)
                0x00006e68                FspTimer::open()
 .text._ZN8FspTimer4stopEv
                0x00006eb6       0x2e .pio\build\uno_r4_wifi\libFrameworkArduino.a(FspTimer.cpp.o)
                0x00006eb6                FspTimer::stop()
 .text._ZN8FspTimer5resetEv
                0x00006ee4       0x2e .pio\build\uno_r4_wifi\libFrameworkArduino.a(FspTimer.cpp.o)
                0x00006ee4                FspTimer::reset()
 .text._ZN8FspTimer5startEv
                0x00006f12       0x2e .pio\build\uno_r4_wifi\libFrameworkArduino.a(FspTimer.cpp.o)
                0x00006f12                FspTimer::start()
 .text._ZN8FspTimer5closeEv
                0x00006f40       0x2e .pio\build\uno_r4_wifi\libFrameworkArduino.a(FspTimer.cpp.o)
                0x00006f40                FspTimer::close()
 *fill*         0x00006f6e        0x2 ff
 .text._ZN8FspTimer3endEv
                0x00006f70       0x48 .pio\build\uno_r4_wifi\libFrameworkArduino.a(FspTimer.cpp.o)
                0x00006f70                FspTimer::end()
 .text._ZN8FspTimerD2Ev
                0x00006fb8        0xc .pio\build\uno_r4_wifi\libFrameworkArduino.a(FspTimer.cpp.o)
                0x00006fb8                FspTimer::~FspTimer()
                0x00006fb8                FspTimer::~FspTimer()
 .text._ZN8FspTimer16set_source_startE12e_gpt_source
                0x00006fc4        0xa .pio\build\uno_r4_wifi\libFrameworkArduino.a(FspTimer.cpp.o)
                0x00006fc4                FspTimer::set_source_start(e_gpt_source)
 .text._ZN8FspTimer16set_source_clearE12e_gpt_source
                0x00006fce        0xa .pio\build\uno_r4_wifi\libFrameworkArduino.a(FspTimer.cpp.o)
                0x00006fce                FspTimer::set_source_clear(e_gpt_source)
 .text._ZN8FspTimer15get_cfg_for_irqEv
                0x00006fd8       0x14 .pio\build\uno_r4_wifi\libFrameworkArduino.a(FspTimer.cpp.o)
                0x00006fd8                FspTimer::get_cfg_for_irq()
 .text._ZN8FspTimer9is_openedEv
                0x00006fec       0x18 .pio\build\uno_r4_wifi\libFrameworkArduino.a(FspTimer.cpp.o)
                0x00006fec                FspTimer::is_opened()
 .text._ZN8FspTimer18setup_overflow_irqEhPFvvE
                0x00007004       0x4e .pio\build\uno_r4_wifi\libFrameworkArduino.a(FspTimer.cpp.o)
                0x00007004                FspTimer::setup_overflow_irq(unsigned char, void (*)())
 *fill*         0x00007052        0x2 ff
 .text.__NVIC_SetPriority
                0x00007054       0x28 .pio\build\uno_r4_wifi\libFrameworkArduino.a(IRQManager.cpp.o)
 .text.R_BSP_IrqEnable
                0x0000707c       0x34 .pio\build\uno_r4_wifi\libFrameworkArduino.a(IRQManager.cpp.o)
 .text.R_BSP_IrqDisable
                0x000070b0       0x24 .pio\build\uno_r4_wifi\libFrameworkArduino.a(IRQManager.cpp.o)
 .text.__tcf_0  0x000070d4        0x2 .pio\build\uno_r4_wifi\libFrameworkArduino.a(IRQManager.cpp.o)
 *fill*         0x000070d6        0x2 ff
 .text._ZN10IRQManager11getInstanceEv
                0x000070d8       0x38 .pio\build\uno_r4_wifi\libFrameworkArduino.a(IRQManager.cpp.o)
                0x000070d8                IRQManager::getInstance()
 .text._ZN10IRQManager18set_ext_link_eventEii
                0x00007110       0xc8 .pio\build\uno_r4_wifi\libFrameworkArduino.a(IRQManager.cpp.o)
                0x00007110                IRQManager::set_ext_link_event(int, int)
 .text._ZN10IRQManager23set_gpt_over_link_eventEii
                0x000071d8       0x70 .pio\build\uno_r4_wifi\libFrameworkArduino.a(IRQManager.cpp.o)
                0x000071d8                IRQManager::set_gpt_over_link_event(int, int)
 .text._ZN10IRQManager18set_agt_link_eventEii
                0x00007248       0x28 .pio\build\uno_r4_wifi\libFrameworkArduino.a(IRQManager.cpp.o)
                0x00007248                IRQManager::set_agt_link_event(int, int)
 .text._ZN10IRQManager16addTimerOverflowER5timerPFvvE
                0x00007270       0x80 .pio\build\uno_r4_wifi\libFrameworkArduino.a(IRQManager.cpp.o)
                0x00007270                IRQManager::addTimerOverflow(timer&, void (*)())
 .text._ZN10IRQManager21set_iic_tx_link_eventEii
                0x000072f0       0x20 .pio\build\uno_r4_wifi\libFrameworkArduino.a(IRQManager.cpp.o)
                0x000072f0                IRQManager::set_iic_tx_link_event(int, int)
 .text._ZN10IRQManager21set_iic_rx_link_eventEii
                0x00007310       0x20 .pio\build\uno_r4_wifi\libFrameworkArduino.a(IRQManager.cpp.o)
                0x00007310                IRQManager::set_iic_rx_link_event(int, int)
 .text._ZN10IRQManager22set_iic_tei_link_eventEii
                0x00007330       0x20 .pio\build\uno_r4_wifi\libFrameworkArduino.a(IRQManager.cpp.o)
                0x00007330                IRQManager::set_iic_tei_link_event(int, int)
 .text._ZN10IRQManager22set_iic_eri_link_eventEii
                0x00007350       0x20 .pio\build\uno_r4_wifi\libFrameworkArduino.a(IRQManager.cpp.o)
                0x00007350                IRQManager::set_iic_eri_link_event(int, int)
 .text._ZN10IRQManager21set_sci_tx_link_eventEii
                0x00007370       0x38 .pio\build\uno_r4_wifi\libFrameworkArduino.a(IRQManager.cpp.o)
                0x00007370                IRQManager::set_sci_tx_link_event(int, int)
 .text._ZN10IRQManager21set_sci_rx_link_eventEii
                0x000073a8       0x38 .pio\build\uno_r4_wifi\libFrameworkArduino.a(IRQManager.cpp.o)
                0x000073a8                IRQManager::set_sci_rx_link_event(int, int)
 .text._ZN10IRQManager22set_sci_tei_link_eventEii
                0x000073e0       0x38 .pio\build\uno_r4_wifi\libFrameworkArduino.a(IRQManager.cpp.o)
                0x000073e0                IRQManager::set_sci_tei_link_event(int, int)
 .text._ZN10IRQManager22set_sci_eri_link_eventEii
                0x00007418       0x38 .pio\build\uno_r4_wifi\libFrameworkArduino.a(IRQManager.cpp.o)
                0x00007418                IRQManager::set_sci_eri_link_event(int, int)
 .text._ZN10IRQManager21set_spi_tx_link_eventEii
                0x00007450       0x20 .pio\build\uno_r4_wifi\libFrameworkArduino.a(IRQManager.cpp.o)
                0x00007450                IRQManager::set_spi_tx_link_event(int, int)
 .text._ZN10IRQManager21set_spi_rx_link_eventEii
                0x00007470       0x20 .pio\build\uno_r4_wifi\libFrameworkArduino.a(IRQManager.cpp.o)
                0x00007470                IRQManager::set_spi_rx_link_event(int, int)
 .text._ZN10IRQManager22set_spi_tei_link_eventEii
                0x00007490       0x20 .pio\build\uno_r4_wifi\libFrameworkArduino.a(IRQManager.cpp.o)
                0x00007490                IRQManager::set_spi_tei_link_event(int, int)
 .text._ZN10IRQManager22set_spi_eri_link_eventEii
                0x000074b0       0x20 .pio\build\uno_r4_wifi\libFrameworkArduino.a(IRQManager.cpp.o)
                0x000074b0                IRQManager::set_spi_eri_link_event(int, int)
 .text._ZN10IRQManager13addPeripheralE12Peripheral_tPv
                0x000074d0      0x904 .pio\build\uno_r4_wifi\libFrameworkArduino.a(IRQManager.cpp.o)
                0x000074d0                IRQManager::addPeripheral(Peripheral_t, void*)
 .text._ZN10IRQManager18set_dma_link_eventEii
                0x00007dd4       0x40 .pio\build\uno_r4_wifi\libFrameworkArduino.a(IRQManager.cpp.o)
                0x00007dd4                IRQManager::set_dma_link_event(int, int)
 .text._ZN10IRQManager6addDMAER20st_dmac_extended_cfgPFvvE
                0x00007e14       0x50 .pio\build\uno_r4_wifi\libFrameworkArduino.a(IRQManager.cpp.o)
                0x00007e14                IRQManager::addDMA(st_dmac_extended_cfg&, void (*)())
 .text._ZL11IrqCallbackP29st_external_irq_callback_args
                0x00007e64       0x60 .pio\build\uno_r4_wifi\libFrameworkArduino.a(Interrupts.cpp.o)
 .text._ZL14pin2IrqChanneli
                0x00007ec4       0x2e .pio\build\uno_r4_wifi\libFrameworkArduino.a(Interrupts.cpp.o)
 *fill*         0x00007ef2        0x2 ff
 .text._Z18getIrqIndexFromPinm
                0x00007ef4       0x24 .pio\build\uno_r4_wifi\libFrameworkArduino.a(Interrupts.cpp.o)
                0x00007ef4                getIrqIndexFromPin(unsigned long)
 .text._Z14attachIrq2Linkm9PinStatus
                0x00007f18       0xb8 .pio\build\uno_r4_wifi\libFrameworkArduino.a(Interrupts.cpp.o)
                0x00007f18                attachIrq2Link(unsigned long, PinStatus)
 .text.startup._GLOBAL__sub_I__Z21digitalPinToInterrupth
                0x00007fd0       0x14 .pio\build\uno_r4_wifi\libFrameworkArduino.a(Interrupts.cpp.o)
 .text.exit._GLOBAL__sub_D__Z21digitalPinToInterrupth
                0x00007fe4       0x24 .pio\build\uno_r4_wifi\libFrameworkArduino.a(Interrupts.cpp.o)
 .text._ZN4UARTcvbEv
                0x00008008        0x4 .pio\build\uno_r4_wifi\libFrameworkArduino.a(Serial.cpp.o)
                0x00008008                UART::operator bool()
 .text._ZN4UART5beginEm
                0x0000800c        0xa .pio\build\uno_r4_wifi\libFrameworkArduino.a(Serial.cpp.o)
                0x0000800c                UART::begin(unsigned long)
 .text._ZN4UART5flushEv
                0x00008016        0xa .pio\build\uno_r4_wifi\libFrameworkArduino.a(Serial.cpp.o)
                0x00008016                UART::flush()
 .text._ZN4UART4peekEv
                0x00008020       0x18 .pio\build\uno_r4_wifi\libFrameworkArduino.a(Serial.cpp.o)
                0x00008020                UART::peek()
 .text._ZN4UART5writeEh
                0x00008038       0x34 .pio\build\uno_r4_wifi\libFrameworkArduino.a(Serial.cpp.o)
                0x00008038                UART::write(unsigned char)
 .text._ZN4UART3endEv
                0x0000806c       0x22 .pio\build\uno_r4_wifi\libFrameworkArduino.a(Serial.cpp.o)
                0x0000806c                UART::end()
 .text._ZN7__GuardD2Ev
                0x0000808e        0xc .pio\build\uno_r4_wifi\libFrameworkArduino.a(Serial.cpp.o)
                0x0000808e                __Guard::~__Guard()
                0x0000808e                __Guard::~__Guard()
 .text._ZN4UART9availableEv
                0x0000809a       0x32 .pio\build\uno_r4_wifi\libFrameworkArduino.a(Serial.cpp.o)
                0x0000809a                UART::available()
 .text._ZN4UART15WrapperCallbackEP20st_uart_callback_arg
                0x000080cc       0x90 .pio\build\uno_r4_wifi\libFrameworkArduino.a(Serial.cpp.o)
                0x000080cc                UART::WrapperCallback(st_uart_callback_arg*)
 .text._ZN4UART4readEv
                0x0000815c       0x5c .pio\build\uno_r4_wifi\libFrameworkArduino.a(Serial.cpp.o)
                0x0000815c                UART::read()
 .text._ZN4UARTC2Eiiii
                0x000081b8       0x78 .pio\build\uno_r4_wifi\libFrameworkArduino.a(Serial.cpp.o)
                0x000081b8                UART::UART(int, int, int, int)
                0x000081b8                UART::UART(int, int, int, int)
 .text._ZN4UART13setUpUartIrqsER11st_uart_cfg
                0x00008230       0x14 .pio\build\uno_r4_wifi\libFrameworkArduino.a(Serial.cpp.o)
                0x00008230                UART::setUpUartIrqs(st_uart_cfg&)
 .text._ZN4UART8cfg_pinsEi
                0x00008244       0xe8 .pio\build\uno_r4_wifi\libFrameworkArduino.a(Serial.cpp.o)
                0x00008244                UART::cfg_pins(int)
 .text._ZN4UART5beginEmt
                0x0000832c      0x1a8 .pio\build\uno_r4_wifi\libFrameworkArduino.a(Serial.cpp.o)
                0x0000832c                UART::begin(unsigned long, unsigned short)
 .text._ZN4UART9write_rawEPhj
                0x000084d4       0x1e .pio\build\uno_r4_wifi\libFrameworkArduino.a(Serial.cpp.o)
                0x000084d4                UART::write_raw(unsigned char*, unsigned int)
 *fill*         0x000084f2        0x2 ff
 .text.startup._GLOBAL__sub_I__UART1_
                0x000084f4       0x1c .pio\build\uno_r4_wifi\libFrameworkArduino.a(SerialObj1.cpp.o)
 .text._ZL13readAllGroupAP13ADC_Container
                0x00008510       0x2c .pio\build\uno_r4_wifi\libFrameworkArduino.a(analog.cpp.o)
 .text._ZL11ADC_irq_cbkP20st_adc_callback_args
                0x0000853c       0x58 .pio\build\uno_r4_wifi\libFrameworkArduino.a(analog.cpp.o)
 .text._ZL10adcConvertP13ADC_Containert
                0x00008594       0xa4 .pio\build\uno_r4_wifi\libFrameworkArduino.a(analog.cpp.o)
 .text._ZL21get_ADC_container_ptrlRt.constprop.4
                0x00008638       0x38 .pio\build\uno_r4_wifi\libFrameworkArduino.a(analog.cpp.o)
 .text._ZN13ADC_ContainerC2EhPFvP20st_adc_callback_argsEPv
                0x00008670       0x6e .pio\build\uno_r4_wifi\libFrameworkArduino.a(analog.cpp.o)
                0x00008670                ADC_Container::ADC_Container(unsigned char, void (*)(st_adc_callback_args*), void*)
                0x00008670                ADC_Container::ADC_Container(unsigned char, void (*)(st_adc_callback_args*), void*)
 .text._ZN13ADC_ContainerD2Ev
                0x000086de       0x12 .pio\build\uno_r4_wifi\libFrameworkArduino.a(analog.cpp.o)
                0x000086de                ADC_Container::~ADC_Container()
                0x000086de                ADC_Container::~ADC_Container()
 .text.analogRead
                0x000086f0       0x3c .pio\build\uno_r4_wifi\libFrameworkArduino.a(analog.cpp.o)
                0x000086f0                analogRead
 .text.analogReference
                0x0000872c       0x5c .pio\build\uno_r4_wifi\libFrameworkArduino.a(analog.cpp.o)
                0x0000872c                analogReference
 .text._Z15analogReferencev
                0x00008788      0x10c .pio\build\uno_r4_wifi\libFrameworkArduino.a(analog.cpp.o)
                0x00008788                analogReference()
 .text._Z23__get_timer_for_channeli
                0x00008894       0x2c .pio\build\uno_r4_wifi\libFrameworkArduino.a(analog.cpp.o)
                0x00008894                __get_timer_for_channel(int)
 .text.startup._GLOBAL__sub_I__ZN13ADC_ContainerC2EhPFvP20st_adc_callback_argsEPv
                0x000088c0       0x4c .pio\build\uno_r4_wifi\libFrameworkArduino.a(analog.cpp.o)
 .text.exit._GLOBAL__sub_D__ZN13ADC_ContainerC2EhPFvP20st_adc_callback_argsEPv
                0x0000890c       0x1c .pio\build\uno_r4_wifi\libFrameworkArduino.a(analog.cpp.o)
 .text._Z3maplllll
                0x00008928       0x14 .pio\build\uno_r4_wifi\libFrameworkArduino.a(Common.cpp.o)
                0x00008928                map(long, long, long, long, long)
 .text._ZN7arduino5Print5writeEPKhj
                0x0000893c       0x2c .pio\build\uno_r4_wifi\libFrameworkArduino.a(Print.cpp.o)
                0x0000893c                arduino::Print::write(unsigned char const*, unsigned int)
 .text._ZN7arduino5Print5writeEPKc.part.2
                0x00008968       0x1e .pio\build\uno_r4_wifi\libFrameworkArduino.a(Print.cpp.o)
 .text._ZN7arduino5Print5writeEPKc
                0x00008986        0xa .pio\build\uno_r4_wifi\libFrameworkArduino.a(Print.cpp.o)
                0x00008986                arduino::Print::write(char const*)
 .text._ZN7arduino5Print5printEPKc
                0x00008990        0x8 .pio\build\uno_r4_wifi\libFrameworkArduino.a(Print.cpp.o)
                0x00008990                arduino::Print::print(char const*)
 .text._ZN7arduino5Print5printEc
                0x00008998        0x8 .pio\build\uno_r4_wifi\libFrameworkArduino.a(Print.cpp.o)
                0x00008998                arduino::Print::print(char)
 .text._ZN7arduino5Print7printlnEv
                0x000089a0        0xc .pio\build\uno_r4_wifi\libFrameworkArduino.a(Print.cpp.o)
                0x000089a0                arduino::Print::println()
 .text._ZN7arduino5Print7printlnEPKc
                0x000089ac       0x14 .pio\build\uno_r4_wifi\libFrameworkArduino.a(Print.cpp.o)
                0x000089ac                arduino::Print::println(char const*)
 .text._ZN7arduino5Print11printNumberEmh
                0x000089c0       0x3c .pio\build\uno_r4_wifi\libFrameworkArduino.a(Print.cpp.o)
                0x000089c0                arduino::Print::printNumber(unsigned long, unsigned char)
 .text._ZN7arduino5Print5printEli
                0x000089fc       0x44 .pio\build\uno_r4_wifi\libFrameworkArduino.a(Print.cpp.o)
                0x000089fc                arduino::Print::print(long, int)
 .text._ZN7arduino5Print5printEii
                0x00008a40        0x4 .pio\build\uno_r4_wifi\libFrameworkArduino.a(Print.cpp.o)
                0x00008a40                arduino::Print::print(int, int)
 .text._ZN7arduino5Print5printEmi
                0x00008a44       0x1a .pio\build\uno_r4_wifi\libFrameworkArduino.a(Print.cpp.o)
                0x00008a44                arduino::Print::print(unsigned long, int)
 .text._ZN7arduino5Print5printEhi
                0x00008a5e        0x4 .pio\build\uno_r4_wifi\libFrameworkArduino.a(Print.cpp.o)
                0x00008a5e                arduino::Print::print(unsigned char, int)
 .text._ZN7arduino5Print7printlnEhi
                0x00008a62       0x14 .pio\build\uno_r4_wifi\libFrameworkArduino.a(Print.cpp.o)
                0x00008a62                arduino::Print::println(unsigned char, int)
 *fill*         0x00008a76        0x2 ff
 .text._ZN4CDacC2Eh
                0x00008a78       0x6c .pio\build\uno_r4_wifi\libFrameworkArduino.a(dac.cpp.o)
                0x00008a78                CDac::CDac(unsigned char)
                0x00008a78                CDac::CDac(unsigned char)
 .text.startup._GLOBAL__sub_I__ZN4CDacC2Eh
                0x00008ae4        0xc .pio\build\uno_r4_wifi\libFrameworkArduino.a(dac.cpp.o)
 .text.pinMode  0x00008af0       0x30 .pio\build\uno_r4_wifi\libFrameworkArduino.a(digital.cpp.o)
                0x00008af0                pinMode
 .text.digitalWrite
                0x00008b20       0x18 .pio\build\uno_r4_wifi\libFrameworkArduino.a(digital.cpp.o)
                0x00008b20                digitalWrite
 .text.R_BSP_PinAccessEnable
                0x00008b38       0x2c .pio\build\uno_r4_wifi\libFrameworkArduino.a(main.cpp.o)
 .text.start_freertos_on_header_inclusion
                0x00008b64        0x2 .pio\build\uno_r4_wifi\libFrameworkArduino.a(main.cpp.o)
                0x00008b64                start_freertos_on_header_inclusion
 .text.early_start_freertos_on_header_inclusion
                0x00008b66        0x2 .pio\build\uno_r4_wifi\libFrameworkArduino.a(main.cpp.o)
                0x00008b66                early_start_freertos_on_header_inclusion
 .text._Z12arduino_mainv
                0x00008b68       0x94 .pio\build\uno_r4_wifi\libFrameworkArduino.a(main.cpp.o)
                0x00008b68                arduino_main()
 .text._write   0x00008bfc        0xc .pio\build\uno_r4_wifi\libFrameworkArduino.a(main.cpp.o)
                0x00008bfc                _write
 .text.hal_entry
                0x00008c08        0x6 .pio\build\uno_r4_wifi\libFrameworkArduino.a(main.cpp.o)
                0x00008c08                hal_entry
 .text.atexit   0x00008c0e        0x4 .pio\build\uno_r4_wifi\libFrameworkArduino.a(main.cpp.o)
                0x00008c0e                atexit
 .text.__cxa_pure_virtual
                0x00008c12        0x8 .pio\build\uno_r4_wifi\libFrameworkArduino.a(main.cpp.o)
                0x00008c12                __cxa_pure_virtual
 *fill*         0x00008c1a        0x2 ff
 .text._Z13pinPeripheral19e_bsp_io_port_pin_tm
                0x00008c1c       0x10 .pio\build\uno_r4_wifi\libFrameworkArduino.a(pinDefinitions.cpp.o)
                0x00008c1c                pinPeripheral(e_bsp_io_port_pin_t, unsigned long)
 .text._ZL21timer_micros_callbackP22st_timer_callback_args
                0x00008c2c       0x10 .pio\build\uno_r4_wifi\libFrameworkArduino.a(time.cpp.o)
 .text.delayMicroseconds
                0x00008c3c        0x6 .pio\build\uno_r4_wifi\libFrameworkArduino.a(time.cpp.o)
                0x00008c3c                delayMicroseconds
 .text.yield    0x00008c42        0x2 .pio\build\uno_r4_wifi\libFrameworkArduino.a(time.cpp.o)
                0x00008c42                yield
 .text.delay    0x00008c44       0x1c .pio\build\uno_r4_wifi\libFrameworkArduino.a(time.cpp.o)
                0x00008c44                delay
 .text._Z8startAgtv
                0x00008c60       0x6c .pio\build\uno_r4_wifi\libFrameworkArduino.a(time.cpp.o)
                0x00008c60                startAgt()
 .text.millis   0x00008ccc        0xc .pio\build\uno_r4_wifi\libFrameworkArduino.a(time.cpp.o)
                0x00008ccc                millis
 .text.startup._GLOBAL__sub_I_delayMicroseconds
                0x00008cd8        0xc .pio\build\uno_r4_wifi\libFrameworkArduino.a(time.cpp.o)
 .text.exit._GLOBAL__sub_D_delayMicroseconds
                0x00008ce4        0xc .pio\build\uno_r4_wifi\libFrameworkArduino.a(time.cpp.o)
 .text._Z10getPinCfgsh11PinCfgReq_t
                0x00008cf0       0xe0 .pio\build\uno_r4_wifi\libFrameworkArduino.a(variant_helper.cpp.o)
                0x00008cf0                getPinCfgs(unsigned char, PinCfgReq_t)
 .text.dump_stack
                0x00008dd0       0x7c .pio\build\uno_r4_wifi\libFrameworkArduino.a(cm_backtrace.c.o)
 .text.cm_backtrace_init
                0x00008e4c       0x74 .pio\build\uno_r4_wifi\libFrameworkArduino.a(cm_backtrace.c.o)
                0x00008e4c                cm_backtrace_init
 .text.cm_backtrace_firmware_info
                0x00008ec0       0x2c .pio\build\uno_r4_wifi\libFrameworkArduino.a(cm_backtrace.c.o)
                0x00008ec0                cm_backtrace_firmware_info
 .text.cm_backtrace_call_stack
                0x00008eec       0xe4 .pio\build\uno_r4_wifi\libFrameworkArduino.a(cm_backtrace.c.o)
                0x00008eec                cm_backtrace_call_stack
 .text.print_call_stack
                0x00008fd0       0x94 .pio\build\uno_r4_wifi\libFrameworkArduino.a(cm_backtrace.c.o)
 .text.cm_backtrace_fault
                0x00009064      0x470 .pio\build\uno_r4_wifi\libFrameworkArduino.a(cm_backtrace.c.o)
                0x00009064                cm_backtrace_fault
 .text.Stacktrace_Handler
                0x000094d4        0xa .pio\build\uno_r4_wifi\libFrameworkArduino.a(cortex_handlers.c.o)
                0x000094d4                Stacktrace_Handler
 *fill*         0x000094de        0x2 ff
 .text.R_SPI_Close
                0x000094e0       0xc8 C:\Users\LEGION\.platformio\packages\framework-arduinorenesas-uno\variants\UNOWIFIR4\libs\libfsp.a(r_spi.o)
                0x000094e0                R_SPI_Close
 .text.r_spi_call_callback
                0x000095a8       0x40 C:\Users\LEGION\.platformio\packages\framework-arduinorenesas-uno\variants\UNOWIFIR4\libs\libfsp.a(r_spi.o)
 .text.r_spi_write_read_common
                0x000095e8      0x160 C:\Users\LEGION\.platformio\packages\framework-arduinorenesas-uno\variants\UNOWIFIR4\libs\libfsp.a(r_spi.o)
 .text.R_SPI_WriteRead
                0x00009748       0x10 C:\Users\LEGION\.platformio\packages\framework-arduinorenesas-uno\variants\UNOWIFIR4\libs\libfsp.a(r_spi.o)
                0x00009748                R_SPI_WriteRead
 .text.R_SPI_Open
                0x00009758      0x2e4 C:\Users\LEGION\.platformio\packages\framework-arduinorenesas-uno\variants\UNOWIFIR4\libs\libfsp.a(r_spi.o)
                0x00009758                R_SPI_Open
 .text.R_SPI_CalculateBitrate
                0x00009a3c       0x90 C:\Users\LEGION\.platformio\packages\framework-arduinorenesas-uno\variants\UNOWIFIR4\libs\libfsp.a(r_spi.o)
                0x00009a3c                R_SPI_CalculateBitrate
 .text.spi_rxi_isr
                0x00009acc       0x9c C:\Users\LEGION\.platformio\packages\framework-arduinorenesas-uno\variants\UNOWIFIR4\libs\libfsp.a(r_spi.o)
                0x00009acc                spi_rxi_isr
 .text.spi_txi_isr
                0x00009b68       0xd8 C:\Users\LEGION\.platformio\packages\framework-arduinorenesas-uno\variants\UNOWIFIR4\libs\libfsp.a(r_spi.o)
                0x00009b68                spi_txi_isr
 .text.spi_tei_isr
                0x00009c40       0xe0 C:\Users\LEGION\.platformio\packages\framework-arduinorenesas-uno\variants\UNOWIFIR4\libs\libfsp.a(r_spi.o)
                0x00009c40                spi_tei_isr
 .text.spi_eri_isr
                0x00009d20       0xdc C:\Users\LEGION\.platformio\packages\framework-arduinorenesas-uno\variants\UNOWIFIR4\libs\libfsp.a(r_spi.o)
                0x00009d20                spi_eri_isr
 .text.R_SCI_UART_Write
                0x00009dfc       0xb0 C:\Users\LEGION\.platformio\packages\framework-arduinorenesas-uno\variants\UNOWIFIR4\libs\libfsp.a(r_sci_uart.o)
                0x00009dfc                R_SCI_UART_Write
 .text.R_SCI_UART_BaudSet
                0x00009eac       0x44 C:\Users\LEGION\.platformio\packages\framework-arduinorenesas-uno\variants\UNOWIFIR4\libs\libfsp.a(r_sci_uart.o)
                0x00009eac                R_SCI_UART_BaudSet
 .text.R_SCI_UART_Close
                0x00009ef0       0xd8 C:\Users\LEGION\.platformio\packages\framework-arduinorenesas-uno\variants\UNOWIFIR4\libs\libfsp.a(r_sci_uart.o)
                0x00009ef0                R_SCI_UART_Close
 .text.r_sci_uart_call_callback
                0x00009fc8       0x44 C:\Users\LEGION\.platformio\packages\framework-arduinorenesas-uno\variants\UNOWIFIR4\libs\libfsp.a(r_sci_uart.o)
 .text.r_sci_uart_transfer_configure.isra.0
                0x0000a00c       0x38 C:\Users\LEGION\.platformio\packages\framework-arduinorenesas-uno\variants\UNOWIFIR4\libs\libfsp.a(r_sci_uart.o)
 .text.R_SCI_UART_Open
                0x0000a044      0x448 C:\Users\LEGION\.platformio\packages\framework-arduinorenesas-uno\variants\UNOWIFIR4\libs\libfsp.a(r_sci_uart.o)
                0x0000a044                R_SCI_UART_Open
 .text.R_SCI_UART_BaudCalculate
                0x0000a48c      0x184 C:\Users\LEGION\.platformio\packages\framework-arduinorenesas-uno\variants\UNOWIFIR4\libs\libfsp.a(r_sci_uart.o)
                0x0000a48c                R_SCI_UART_BaudCalculate
 .text.sci_uart_txi_isr
                0x0000a610       0xec C:\Users\LEGION\.platformio\packages\framework-arduinorenesas-uno\variants\UNOWIFIR4\libs\libfsp.a(r_sci_uart.o)
                0x0000a610                sci_uart_txi_isr
 .text.sci_uart_rxi_isr
                0x0000a6fc      0x184 C:\Users\LEGION\.platformio\packages\framework-arduinorenesas-uno\variants\UNOWIFIR4\libs\libfsp.a(r_sci_uart.o)
                0x0000a6fc                sci_uart_rxi_isr
 .text.sci_uart_tei_isr
                0x0000a880       0x40 C:\Users\LEGION\.platformio\packages\framework-arduinorenesas-uno\variants\UNOWIFIR4\libs\libfsp.a(r_sci_uart.o)
                0x0000a880                sci_uart_tei_isr
 .text.sci_uart_eri_isr
                0x0000a8c0       0x78 C:\Users\LEGION\.platformio\packages\framework-arduinorenesas-uno\variants\UNOWIFIR4\libs\libfsp.a(r_sci_uart.o)
                0x0000a8c0                sci_uart_eri_isr
 .text.R_SCI_SPI_Close
                0x0000a938       0xdc C:\Users\LEGION\.platformio\packages\framework-arduinorenesas-uno\variants\UNOWIFIR4\libs\libfsp.a(r_sci_spi.o)
                0x0000a938                R_SCI_SPI_Close
 .text.r_sci_spi_call_callback
                0x0000aa14       0x40 C:\Users\LEGION\.platformio\packages\framework-arduinorenesas-uno\variants\UNOWIFIR4\libs\libfsp.a(r_sci_spi.o)
 .text.R_SCI_SPI_Open
                0x0000aa54      0x2b0 C:\Users\LEGION\.platformio\packages\framework-arduinorenesas-uno\variants\UNOWIFIR4\libs\libfsp.a(r_sci_spi.o)
                0x0000aa54                R_SCI_SPI_Open
 .text.r_sci_spi_write_read_common
                0x0000ad04      0x130 C:\Users\LEGION\.platformio\packages\framework-arduinorenesas-uno\variants\UNOWIFIR4\libs\libfsp.a(r_sci_spi.o)
 .text.R_SCI_SPI_WriteRead
                0x0000ae34        0x4 C:\Users\LEGION\.platformio\packages\framework-arduinorenesas-uno\variants\UNOWIFIR4\libs\libfsp.a(r_sci_spi.o)
                0x0000ae34                R_SCI_SPI_WriteRead
 .text.R_SCI_SPI_CalculateBitrate
                0x0000ae38       0x8c C:\Users\LEGION\.platformio\packages\framework-arduinorenesas-uno\variants\UNOWIFIR4\libs\libfsp.a(r_sci_spi.o)
                0x0000ae38                R_SCI_SPI_CalculateBitrate
 .text.sci_spi_txi_isr
                0x0000aec4       0x68 C:\Users\LEGION\.platformio\packages\framework-arduinorenesas-uno\variants\UNOWIFIR4\libs\libfsp.a(r_sci_spi.o)
                0x0000aec4                sci_spi_txi_isr
 .text.sci_spi_rxi_isr
                0x0000af2c       0x74 C:\Users\LEGION\.platformio\packages\framework-arduinorenesas-uno\variants\UNOWIFIR4\libs\libfsp.a(r_sci_spi.o)
                0x0000af2c                sci_spi_rxi_isr
 .text.sci_spi_tei_isr
                0x0000afa0       0x3c C:\Users\LEGION\.platformio\packages\framework-arduinorenesas-uno\variants\UNOWIFIR4\libs\libfsp.a(r_sci_spi.o)
                0x0000afa0                sci_spi_tei_isr
 .text.sci_spi_eri_isr
                0x0000afdc       0x44 C:\Users\LEGION\.platformio\packages\framework-arduinorenesas-uno\variants\UNOWIFIR4\libs\libfsp.a(r_sci_spi.o)
                0x0000afdc                sci_spi_eri_isr
 .text.R_SCI_I2C_Abort
                0x0000b020       0x20 C:\Users\LEGION\.platformio\packages\framework-arduinorenesas-uno\variants\UNOWIFIR4\libs\libfsp.a(r_sci_i2c.o)
                0x0000b020                R_SCI_I2C_Abort
 .text.R_SCI_I2C_SlaveAddressSet
                0x0000b040        0x8 C:\Users\LEGION\.platformio\packages\framework-arduinorenesas-uno\variants\UNOWIFIR4\libs\libfsp.a(r_sci_i2c.o)
                0x0000b040                R_SCI_I2C_SlaveAddressSet
 .text.R_SCI_I2C_CallbackSet
                0x0000b048        0xc C:\Users\LEGION\.platformio\packages\framework-arduinorenesas-uno\variants\UNOWIFIR4\libs\libfsp.a(r_sci_i2c.o)
                0x0000b048                R_SCI_I2C_CallbackSet
 .text.R_SCI_I2C_StatusGet
                0x0000b054       0x18 C:\Users\LEGION\.platformio\packages\framework-arduinorenesas-uno\variants\UNOWIFIR4\libs\libfsp.a(r_sci_i2c.o)
                0x0000b054                R_SCI_I2C_StatusGet
 .text.R_SCI_I2C_Close
                0x0000b06c       0x70 C:\Users\LEGION\.platformio\packages\framework-arduinorenesas-uno\variants\UNOWIFIR4\libs\libfsp.a(r_sci_i2c.o)
                0x0000b06c                R_SCI_I2C_Close
 .text.sci_i2c_enable_transfer_support_tx
                0x0000b0dc       0x34 C:\Users\LEGION\.platformio\packages\framework-arduinorenesas-uno\variants\UNOWIFIR4\libs\libfsp.a(r_sci_i2c.o)
 .text.R_SCI_I2C_Write
                0x0000b110       0xec C:\Users\LEGION\.platformio\packages\framework-arduinorenesas-uno\variants\UNOWIFIR4\libs\libfsp.a(r_sci_i2c.o)
                0x0000b110                R_SCI_I2C_Write
 .text.R_SCI_I2C_Read
                0x0000b1fc       0xf0 C:\Users\LEGION\.platformio\packages\framework-arduinorenesas-uno\variants\UNOWIFIR4\libs\libfsp.a(r_sci_i2c.o)
                0x0000b1fc                R_SCI_I2C_Read
 .text.R_SCI_I2C_Open
                0x0000b2ec      0x220 C:\Users\LEGION\.platformio\packages\framework-arduinorenesas-uno\variants\UNOWIFIR4\libs\libfsp.a(r_sci_i2c.o)
                0x0000b2ec                R_SCI_I2C_Open
 .text.sci_i2c_notify
                0x0000b50c       0x64 C:\Users\LEGION\.platformio\packages\framework-arduinorenesas-uno\variants\UNOWIFIR4\libs\libfsp.a(r_sci_i2c.o)
                0x0000b50c                sci_i2c_notify
 .text.sci_i2c_rxi_isr
                0x0000b570       0x20 C:\Users\LEGION\.platformio\packages\framework-arduinorenesas-uno\variants\UNOWIFIR4\libs\libfsp.a(r_sci_i2c.o)
                0x0000b570                sci_i2c_rxi_isr
 .text.sci_i2c_txi_isr
                0x0000b590      0x198 C:\Users\LEGION\.platformio\packages\framework-arduinorenesas-uno\variants\UNOWIFIR4\libs\libfsp.a(r_sci_i2c.o)
                0x0000b590                sci_i2c_txi_isr
 .text.sci_i2c_tei_isr
                0x0000b728       0xf0 C:\Users\LEGION\.platformio\packages\framework-arduinorenesas-uno\variants\UNOWIFIR4\libs\libfsp.a(r_sci_i2c.o)
                0x0000b728                sci_i2c_tei_isr
 .text.rtc_alarm_periodic_isr
                0x0000b818       0x68 C:\Users\LEGION\.platformio\packages\framework-arduinorenesas-uno\variants\UNOWIFIR4\libs\libfsp.a(r_rtc.o)
                0x0000b818                rtc_alarm_periodic_isr
 .text.rtc_carry_isr
                0x0000b880       0x2c C:\Users\LEGION\.platformio\packages\framework-arduinorenesas-uno\variants\UNOWIFIR4\libs\libfsp.a(r_rtc.o)
                0x0000b880                rtc_carry_isr
 .text.R_IOPORT_PinWrite
                0x0000b8ac       0x20 C:\Users\LEGION\.platformio\packages\framework-arduinorenesas-uno\variants\UNOWIFIR4\libs\libfsp.a(r_ioport.o)
                0x0000b8ac                R_IOPORT_PinWrite
 .text.bsp_vbatt_init
                0x0000b8cc       0xac C:\Users\LEGION\.platformio\packages\framework-arduinorenesas-uno\variants\UNOWIFIR4\libs\libfsp.a(r_ioport.o)
 .text.R_IOPORT_PinCfg
                0x0000b978       0xa8 C:\Users\LEGION\.platformio\packages\framework-arduinorenesas-uno\variants\UNOWIFIR4\libs\libfsp.a(r_ioport.o)
                0x0000b978                R_IOPORT_PinCfg
 .text.R_IIC_SLAVE_Read
                0x0000ba20       0x38 C:\Users\LEGION\.platformio\packages\framework-arduinorenesas-uno\variants\UNOWIFIR4\libs\libfsp.a(r_iic_slave.o)
                0x0000ba20                R_IIC_SLAVE_Read
 .text.R_IIC_SLAVE_Write
                0x0000ba58       0x34 C:\Users\LEGION\.platformio\packages\framework-arduinorenesas-uno\variants\UNOWIFIR4\libs\libfsp.a(r_iic_slave.o)
                0x0000ba58                R_IIC_SLAVE_Write
 .text.R_IIC_SLAVE_CallbackSet
                0x0000ba8c        0xc C:\Users\LEGION\.platformio\packages\framework-arduinorenesas-uno\variants\UNOWIFIR4\libs\libfsp.a(r_iic_slave.o)
                0x0000ba8c                R_IIC_SLAVE_CallbackSet
 .text.R_IIC_SLAVE_Close
                0x0000ba98       0xcc C:\Users\LEGION\.platformio\packages\framework-arduinorenesas-uno\variants\UNOWIFIR4\libs\libfsp.a(r_iic_slave.o)
                0x0000ba98                R_IIC_SLAVE_Close
 .text.r_iic_slave_call_callback
                0x0000bb64       0x3c C:\Users\LEGION\.platformio\packages\framework-arduinorenesas-uno\variants\UNOWIFIR4\libs\libfsp.a(r_iic_slave.o)
 .text.iic_slave_initiate_transaction
                0x0000bba0       0x74 C:\Users\LEGION\.platformio\packages\framework-arduinorenesas-uno\variants\UNOWIFIR4\libs\libfsp.a(r_iic_slave.o)
 .text.R_IIC_SLAVE_Open
                0x0000bc14      0x228 C:\Users\LEGION\.platformio\packages\framework-arduinorenesas-uno\variants\UNOWIFIR4\libs\libfsp.a(r_iic_slave.o)
                0x0000bc14                R_IIC_SLAVE_Open
 .text.iic_slave_rxi_isr
                0x0000be3c      0x12c C:\Users\LEGION\.platformio\packages\framework-arduinorenesas-uno\variants\UNOWIFIR4\libs\libfsp.a(r_iic_slave.o)
                0x0000be3c                iic_slave_rxi_isr
 .text.iic_slave_txi_isr
                0x0000bf68       0xa8 C:\Users\LEGION\.platformio\packages\framework-arduinorenesas-uno\variants\UNOWIFIR4\libs\libfsp.a(r_iic_slave.o)
                0x0000bf68                iic_slave_txi_isr
 .text.iic_slave_tei_isr
                0x0000c010       0x94 C:\Users\LEGION\.platformio\packages\framework-arduinorenesas-uno\variants\UNOWIFIR4\libs\libfsp.a(r_iic_slave.o)
                0x0000c010                iic_slave_tei_isr
 .text.iic_slave_eri_isr
                0x0000c0a4      0x10c C:\Users\LEGION\.platformio\packages\framework-arduinorenesas-uno\variants\UNOWIFIR4\libs\libfsp.a(r_iic_slave.o)
                0x0000c0a4                iic_slave_eri_isr
 .text.R_IIC_MASTER_SlaveAddressSet
                0x0000c1b0        0x8 C:\Users\LEGION\.platformio\packages\framework-arduinorenesas-uno\variants\UNOWIFIR4\libs\libfsp.a(r_iic_master.o)
                0x0000c1b0                R_IIC_MASTER_SlaveAddressSet
 .text.R_IIC_MASTER_CallbackSet
                0x0000c1b8        0xc C:\Users\LEGION\.platformio\packages\framework-arduinorenesas-uno\variants\UNOWIFIR4\libs\libfsp.a(r_iic_master.o)
                0x0000c1b8                R_IIC_MASTER_CallbackSet
 .text.R_IIC_MASTER_StatusGet
                0x0000c1c4       0x18 C:\Users\LEGION\.platformio\packages\framework-arduinorenesas-uno\variants\UNOWIFIR4\libs\libfsp.a(r_iic_master.o)
                0x0000c1c4                R_IIC_MASTER_StatusGet
 .text.iic_master_notify
                0x0000c1dc       0x3c C:\Users\LEGION\.platformio\packages\framework-arduinorenesas-uno\variants\UNOWIFIR4\libs\libfsp.a(r_iic_master.o)
 .text.iic_master_run_hw_master
                0x0000c218       0xd8 C:\Users\LEGION\.platformio\packages\framework-arduinorenesas-uno\variants\UNOWIFIR4\libs\libfsp.a(r_iic_master.o)
 .text.R_IIC_MASTER_Read
                0x0000c2f0       0x34 C:\Users\LEGION\.platformio\packages\framework-arduinorenesas-uno\variants\UNOWIFIR4\libs\libfsp.a(r_iic_master.o)
                0x0000c2f0                R_IIC_MASTER_Read
 .text.R_IIC_MASTER_Write
                0x0000c324       0x30 C:\Users\LEGION\.platformio\packages\framework-arduinorenesas-uno\variants\UNOWIFIR4\libs\libfsp.a(r_iic_master.o)
                0x0000c324                R_IIC_MASTER_Write
 .text.iic_master_open_hw_master
                0x0000c354      0x184 C:\Users\LEGION\.platformio\packages\framework-arduinorenesas-uno\variants\UNOWIFIR4\libs\libfsp.a(r_iic_master.o)
 .text.R_IIC_MASTER_Open
                0x0000c4d8       0x7c C:\Users\LEGION\.platformio\packages\framework-arduinorenesas-uno\variants\UNOWIFIR4\libs\libfsp.a(r_iic_master.o)
                0x0000c4d8                R_IIC_MASTER_Open
 .text.R_IIC_MASTER_Abort
                0x0000c554       0x4c C:\Users\LEGION\.platformio\packages\framework-arduinorenesas-uno\variants\UNOWIFIR4\libs\libfsp.a(r_iic_master.o)
                0x0000c554                R_IIC_MASTER_Abort
 .text.R_IIC_MASTER_Close
                0x0000c5a0      0x104 C:\Users\LEGION\.platformio\packages\framework-arduinorenesas-uno\variants\UNOWIFIR4\libs\libfsp.a(r_iic_master.o)
                0x0000c5a0                R_IIC_MASTER_Close
 .text.iic_master_rxi_isr
                0x0000c6a4      0x13c C:\Users\LEGION\.platformio\packages\framework-arduinorenesas-uno\variants\UNOWIFIR4\libs\libfsp.a(r_iic_master.o)
                0x0000c6a4                iic_master_rxi_isr
 .text.iic_master_txi_isr
                0x0000c7e0       0xec C:\Users\LEGION\.platformio\packages\framework-arduinorenesas-uno\variants\UNOWIFIR4\libs\libfsp.a(r_iic_master.o)
                0x0000c7e0                iic_master_txi_isr
 .text.iic_master_tei_isr
                0x0000c8cc       0xc4 C:\Users\LEGION\.platformio\packages\framework-arduinorenesas-uno\variants\UNOWIFIR4\libs\libfsp.a(r_iic_master.o)
                0x0000c8cc                iic_master_tei_isr
 .text.iic_master_eri_isr
                0x0000c990      0x140 C:\Users\LEGION\.platformio\packages\framework-arduinorenesas-uno\variants\UNOWIFIR4\libs\libfsp.a(r_iic_master.o)
                0x0000c990                iic_master_eri_isr
 .text.R_ICU_ExternalIrqOpen
                0x0000cad0       0x80 C:\Users\LEGION\.platformio\packages\framework-arduinorenesas-uno\variants\UNOWIFIR4\libs\libfsp.a(r_icu.o)
                0x0000cad0                R_ICU_ExternalIrqOpen
 .text.R_ICU_ExternalIrqEnable
                0x0000cb50       0x40 C:\Users\LEGION\.platformio\packages\framework-arduinorenesas-uno\variants\UNOWIFIR4\libs\libfsp.a(r_icu.o)
                0x0000cb50                R_ICU_ExternalIrqEnable
 .text.r_icu_isr
                0x0000cb90       0x6c C:\Users\LEGION\.platformio\packages\framework-arduinorenesas-uno\variants\UNOWIFIR4\libs\libfsp.a(r_icu.o)
                0x0000cb90                r_icu_isr
 .text.R_GPT_Stop
                0x0000cbfc        0xc C:\Users\LEGION\.platformio\packages\framework-arduinorenesas-uno\variants\UNOWIFIR4\libs\libfsp.a(r_gpt.o)
                0x0000cbfc                R_GPT_Stop
 .text.R_GPT_Start
                0x0000cc08        0xc C:\Users\LEGION\.platformio\packages\framework-arduinorenesas-uno\variants\UNOWIFIR4\libs\libfsp.a(r_gpt.o)
                0x0000cc08                R_GPT_Start
 .text.R_GPT_Reset
                0x0000cc14        0xc C:\Users\LEGION\.platformio\packages\framework-arduinorenesas-uno\variants\UNOWIFIR4\libs\libfsp.a(r_gpt.o)
                0x0000cc14                R_GPT_Reset
 .text.R_GPT_Enable
                0x0000cc20       0x30 C:\Users\LEGION\.platformio\packages\framework-arduinorenesas-uno\variants\UNOWIFIR4\libs\libfsp.a(r_gpt.o)
                0x0000cc20                R_GPT_Enable
 .text.r_gpt_enable_irq
                0x0000cc50       0x5c C:\Users\LEGION\.platformio\packages\framework-arduinorenesas-uno\variants\UNOWIFIR4\libs\libfsp.a(r_gpt.o)
 .text.r_gpt_call_callback
                0x0000ccac       0x3c C:\Users\LEGION\.platformio\packages\framework-arduinorenesas-uno\variants\UNOWIFIR4\libs\libfsp.a(r_gpt.o)
 .text.gpt_calculate_duty_cycle.isra.0
                0x0000cce8       0x78 C:\Users\LEGION\.platformio\packages\framework-arduinorenesas-uno\variants\UNOWIFIR4\libs\libfsp.a(r_gpt.o)
 .text.R_GPT_Open
                0x0000cd60      0x264 C:\Users\LEGION\.platformio\packages\framework-arduinorenesas-uno\variants\UNOWIFIR4\libs\libfsp.a(r_gpt.o)
                0x0000cd60                R_GPT_Open
 .text.R_GPT_Close
                0x0000cfc4       0xd4 C:\Users\LEGION\.platformio\packages\framework-arduinorenesas-uno\variants\UNOWIFIR4\libs\libfsp.a(r_gpt.o)
                0x0000cfc4                R_GPT_Close
 .text.gpt_counter_overflow_isr
                0x0000d098       0x78 C:\Users\LEGION\.platformio\packages\framework-arduinorenesas-uno\variants\UNOWIFIR4\libs\libfsp.a(r_gpt.o)
                0x0000d098                gpt_counter_overflow_isr
 .text.R_ELC_Open
                0x0000d110       0x5c C:\Users\LEGION\.platformio\packages\framework-arduinorenesas-uno\variants\UNOWIFIR4\libs\libfsp.a(r_elc.o)
                0x0000d110                R_ELC_Open
 .text.R_ELC_Close
                0x0000d16c       0x10 C:\Users\LEGION\.platformio\packages\framework-arduinorenesas-uno\variants\UNOWIFIR4\libs\libfsp.a(r_elc.o)
                0x0000d16c                R_ELC_Close
 .text.R_ELC_LinkSet
                0x0000d17c       0x10 C:\Users\LEGION\.platformio\packages\framework-arduinorenesas-uno\variants\UNOWIFIR4\libs\libfsp.a(r_elc.o)
                0x0000d17c                R_ELC_LinkSet
 .text.R_ELC_Enable
                0x0000d18c       0x10 C:\Users\LEGION\.platformio\packages\framework-arduinorenesas-uno\variants\UNOWIFIR4\libs\libfsp.a(r_elc.o)
                0x0000d18c                R_ELC_Enable
 .text.R_ELC_Disable
                0x0000d19c        0xc C:\Users\LEGION\.platformio\packages\framework-arduinorenesas-uno\variants\UNOWIFIR4\libs\libfsp.a(r_elc.o)
                0x0000d19c                R_ELC_Disable
 .text.R_DMAC_SoftwareStart
                0x0000d1a8       0x10 C:\Users\LEGION\.platformio\packages\framework-arduinorenesas-uno\variants\UNOWIFIR4\libs\libfsp.a(r_dmac.o)
                0x0000d1a8                R_DMAC_SoftwareStart
 .text.R_DMAC_SoftwareStop
                0x0000d1b8        0xc C:\Users\LEGION\.platformio\packages\framework-arduinorenesas-uno\variants\UNOWIFIR4\libs\libfsp.a(r_dmac.o)
                0x0000d1b8                R_DMAC_SoftwareStop
 .text.R_DMAC_Enable
                0x0000d1c4        0xc C:\Users\LEGION\.platformio\packages\framework-arduinorenesas-uno\variants\UNOWIFIR4\libs\libfsp.a(r_dmac.o)
                0x0000d1c4                R_DMAC_Enable
 .text.R_DMAC_InfoGet
                0x0000d1d0       0x2c C:\Users\LEGION\.platformio\packages\framework-arduinorenesas-uno\variants\UNOWIFIR4\libs\libfsp.a(r_dmac.o)
                0x0000d1d0                R_DMAC_InfoGet
 .text.R_DMAC_Close
                0x0000d1fc       0x60 C:\Users\LEGION\.platformio\packages\framework-arduinorenesas-uno\variants\UNOWIFIR4\libs\libfsp.a(r_dmac.o)
                0x0000d1fc                R_DMAC_Close
 .text.r_dmac_config_transfer_info
                0x0000d25c      0x138 C:\Users\LEGION\.platformio\packages\framework-arduinorenesas-uno\variants\UNOWIFIR4\libs\libfsp.a(r_dmac.o)
 .text.R_DMAC_Open
                0x0000d394       0x50 C:\Users\LEGION\.platformio\packages\framework-arduinorenesas-uno\variants\UNOWIFIR4\libs\libfsp.a(r_dmac.o)
                0x0000d394                R_DMAC_Open
 .text.R_DMAC_Reconfigure
                0x0000d3e4       0x14 C:\Users\LEGION\.platformio\packages\framework-arduinorenesas-uno\variants\UNOWIFIR4\libs\libfsp.a(r_dmac.o)
                0x0000d3e4                R_DMAC_Reconfigure
 .text.R_DMAC_Disable
                0x0000d3f8       0x2c C:\Users\LEGION\.platformio\packages\framework-arduinorenesas-uno\variants\UNOWIFIR4\libs\libfsp.a(r_dmac.o)
                0x0000d3f8                R_DMAC_Disable
 .text.R_DMAC_Reset
                0x0000d424       0x54 C:\Users\LEGION\.platformio\packages\framework-arduinorenesas-uno\variants\UNOWIFIR4\libs\libfsp.a(r_dmac.o)
                0x0000d424                R_DMAC_Reset
 .text.dmac_int_isr
                0x0000d478       0x48 C:\Users\LEGION\.platformio\packages\framework-arduinorenesas-uno\variants\UNOWIFIR4\libs\libfsp.a(r_dmac.o)
                0x0000d478                dmac_int_isr
 .text.R_DAC_Open
                0x0000d4c0       0x88 C:\Users\LEGION\.platformio\packages\framework-arduinorenesas-uno\variants\UNOWIFIR4\libs\libfsp.a(r_dac.o)
                0x0000d4c0                R_DAC_Open
 .text.R_DAC_Write
                0x0000d548        0xc C:\Users\LEGION\.platformio\packages\framework-arduinorenesas-uno\variants\UNOWIFIR4\libs\libfsp.a(r_dac.o)
                0x0000d548                R_DAC_Write
 .text.R_DAC_Start
                0x0000d554       0x30 C:\Users\LEGION\.platformio\packages\framework-arduinorenesas-uno\variants\UNOWIFIR4\libs\libfsp.a(r_dac.o)
                0x0000d554                R_DAC_Start
 .text.R_DAC_Stop
                0x0000d584       0x34 C:\Users\LEGION\.platformio\packages\framework-arduinorenesas-uno\variants\UNOWIFIR4\libs\libfsp.a(r_dac.o)
                0x0000d584                R_DAC_Stop
 .text.R_DAC_Close
                0x0000d5b8       0x40 C:\Users\LEGION\.platformio\packages\framework-arduinorenesas-uno\variants\UNOWIFIR4\libs\libfsp.a(r_dac.o)
                0x0000d5b8                R_DAC_Close
 .text.r_can_call_callback
                0x0000d5f8       0x68 C:\Users\LEGION\.platformio\packages\framework-arduinorenesas-uno\variants\UNOWIFIR4\libs\libfsp.a(r_can.o)
 .text.can_error_isr
                0x0000d660       0xd4 C:\Users\LEGION\.platformio\packages\framework-arduinorenesas-uno\variants\UNOWIFIR4\libs\libfsp.a(r_can.o)
                0x0000d660                can_error_isr
 .text.can_rx_isr
                0x0000d734      0x118 C:\Users\LEGION\.platformio\packages\framework-arduinorenesas-uno\variants\UNOWIFIR4\libs\libfsp.a(r_can.o)
                0x0000d734                can_rx_isr
 .text.can_tx_isr
                0x0000d84c       0xa0 C:\Users\LEGION\.platformio\packages\framework-arduinorenesas-uno\variants\UNOWIFIR4\libs\libfsp.a(r_can.o)
                0x0000d84c                can_tx_isr
 .text.R_AGT_Start
                0x0000d8ec       0x38 C:\Users\LEGION\.platformio\packages\framework-arduinorenesas-uno\variants\UNOWIFIR4\libs\libfsp.a(r_agt.o)
                0x0000d8ec                R_AGT_Start
 .text.R_AGT_Stop
                0x0000d924       0x1c C:\Users\LEGION\.platformio\packages\framework-arduinorenesas-uno\variants\UNOWIFIR4\libs\libfsp.a(r_agt.o)
                0x0000d924                R_AGT_Stop
 .text.R_AGT_Reset
                0x0000d940       0x20 C:\Users\LEGION\.platformio\packages\framework-arduinorenesas-uno\variants\UNOWIFIR4\libs\libfsp.a(r_agt.o)
                0x0000d940                R_AGT_Reset
 .text.R_AGT_Enable
                0x0000d960       0x14 C:\Users\LEGION\.platformio\packages\framework-arduinorenesas-uno\variants\UNOWIFIR4\libs\libfsp.a(r_agt.o)
                0x0000d960                R_AGT_Enable
 .text.R_AGT_Close
                0x0000d974       0x84 C:\Users\LEGION\.platformio\packages\framework-arduinorenesas-uno\variants\UNOWIFIR4\libs\libfsp.a(r_agt.o)
                0x0000d974                R_AGT_Close
 .text.R_AGT_Open
                0x0000d9f8      0x118 C:\Users\LEGION\.platformio\packages\framework-arduinorenesas-uno\variants\UNOWIFIR4\libs\libfsp.a(r_agt.o)
                0x0000d9f8                R_AGT_Open
 .text.agt_int_isr
                0x0000db10       0x88 C:\Users\LEGION\.platformio\packages\framework-arduinorenesas-uno\variants\UNOWIFIR4\libs\libfsp.a(r_agt.o)
                0x0000db10                agt_int_isr
 .text.R_ADC_ScanStart
                0x0000db98        0xc C:\Users\LEGION\.platformio\packages\framework-arduinorenesas-uno\variants\UNOWIFIR4\libs\libfsp.a(r_adc.o)
                0x0000db98                R_ADC_ScanStart
 .text.R_ADC_StatusGet
                0x0000dba4       0x10 C:\Users\LEGION\.platformio\packages\framework-arduinorenesas-uno\variants\UNOWIFIR4\libs\libfsp.a(r_adc.o)
                0x0000dba4                R_ADC_StatusGet
 .text.R_ADC_Read
                0x0000dbb4       0x10 C:\Users\LEGION\.platformio\packages\framework-arduinorenesas-uno\variants\UNOWIFIR4\libs\libfsp.a(r_adc.o)
                0x0000dbb4                R_ADC_Read
 .text.R_ADC_ScanCfg
                0x0000dbc4      0x1a0 C:\Users\LEGION\.platformio\packages\framework-arduinorenesas-uno\variants\UNOWIFIR4\libs\libfsp.a(r_adc.o)
                0x0000dbc4                R_ADC_ScanCfg
 .text.R_ADC_Open
                0x0000dd64      0x240 C:\Users\LEGION\.platformio\packages\framework-arduinorenesas-uno\variants\UNOWIFIR4\libs\libfsp.a(r_adc.o)
                0x0000dd64                R_ADC_Open
 .text.R_ADC_Close
                0x0000dfa4       0xfc C:\Users\LEGION\.platformio\packages\framework-arduinorenesas-uno\variants\UNOWIFIR4\libs\libfsp.a(r_adc.o)
                0x0000dfa4                R_ADC_Close
 .text.SystemCoreClockUpdate
                0x0000e0a0       0x28 C:\Users\LEGION\.platformio\packages\framework-arduinorenesas-uno\variants\UNOWIFIR4\libs\libfsp.a(bsp_clocks.o)
                0x0000e0a0                SystemCoreClockUpdate
 .text.bsp_clock_init
                0x0000e0c8      0x12c C:\Users\LEGION\.platformio\packages\framework-arduinorenesas-uno\variants\UNOWIFIR4\libs\libfsp.a(bsp_clocks.o)
                0x0000e0c8                bsp_clock_init
 .text.bsp_init_internal
                0x0000e1f4        0x4 C:\Users\LEGION\.platformio\packages\framework-arduinorenesas-uno\variants\UNOWIFIR4\libs\libfsp.a(bsp_common.o)
                0x0000e1f4                bsp_init_internal
                0x0000e1f4                bsp_init
 .text.__assert_func
                0x0000e1f8        0x4 C:\Users\LEGION\.platformio\packages\framework-arduinorenesas-uno\variants\UNOWIFIR4\libs\libfsp.a(bsp_common.o)
                0x0000e1f8                __assert_func
 .text.bsp_prv_software_delay_loop
                0x0000e1fc        0xc C:\Users\LEGION\.platformio\packages\framework-arduinorenesas-uno\variants\UNOWIFIR4\libs\libfsp.a(bsp_delay.o)
                0x0000e1fc                bsp_prv_software_delay_loop
 .text.R_BSP_SoftwareDelay
                0x0000e208       0x5c C:\Users\LEGION\.platformio\packages\framework-arduinorenesas-uno\variants\UNOWIFIR4\libs\libfsp.a(bsp_delay.o)
                0x0000e208                R_BSP_SoftwareDelay
 .text.NMI_Handler
                0x0000e264       0x38 C:\Users\LEGION\.platformio\packages\framework-arduinorenesas-uno\variants\UNOWIFIR4\libs\libfsp.a(bsp_group_irq.o)
                0x0000e264                NMI_Handler
 .text.bsp_irq_cfg
                0x0000e29c       0x2c C:\Users\LEGION\.platformio\packages\framework-arduinorenesas-uno\variants\UNOWIFIR4\libs\libfsp.a(bsp_irq.o)
                0x0000e29c                bsp_irq_cfg
 .text.R_BSP_RegisterProtectEnable
                0x0000e2c8       0x60 C:\Users\LEGION\.platformio\packages\framework-arduinorenesas-uno\variants\UNOWIFIR4\libs\libfsp.a(bsp_register_protection.o)
                0x0000e2c8                R_BSP_RegisterProtectEnable
 .text.R_BSP_RegisterProtectDisable
                0x0000e328       0x54 C:\Users\LEGION\.platformio\packages\framework-arduinorenesas-uno\variants\UNOWIFIR4\libs\libfsp.a(bsp_register_protection.o)
                0x0000e328                R_BSP_RegisterProtectDisable
 .text.Default_Handler
                0x0000e37c        0x4 C:\Users\LEGION\.platformio\packages\framework-arduinorenesas-uno\variants\UNOWIFIR4\libs\libfsp.a(startup.o)
                0x0000e37c                DebugMon_Handler
                0x0000e37c                HardFault_Handler
                0x0000e37c                SysTick_Handler
                0x0000e37c                PendSV_Handler
                0x0000e37c                UsageFault_Handler
                0x0000e37c                SecureFault_Handler
                0x0000e37c                Default_Handler
                0x0000e37c                MemManage_Handler
                0x0000e37c                SVC_Handler
                0x0000e37c                BusFault_Handler
 .text.Reset_Handler
                0x0000e380        0xc C:\Users\LEGION\.platformio\packages\framework-arduinorenesas-uno\variants\UNOWIFIR4\libs\libfsp.a(startup.o)
                0x0000e380                Reset_Handler
 .text.R_BSP_WarmStart
                0x0000e38c        0x4 C:\Users\LEGION\.platformio\packages\framework-arduinorenesas-uno\variants\UNOWIFIR4\libs\libfsp.a(system.o)
                0x0000e38c                R_BSP_WarmStart
 .text.SystemInit
                0x0000e390      0x15c C:\Users\LEGION\.platformio\packages\framework-arduinorenesas-uno\variants\UNOWIFIR4\libs\libfsp.a(system.o)
                0x0000e390                SystemInit
 .text._Znwj    0x0000e4ec       0x22 c:/users/legion/.platformio/packages/toolchain-gccarmnoneeabi/bin/../lib/gcc/arm-none-eabi/7.2.1/../../../../arm-none-eabi/lib/thumb/v7e-m/fpv4-sp/hard\libstdc++_nano.a(new_op.o)
                0x0000e4ec                operator new(unsigned int)
 .text.__cxa_guard_acquire
                0x0000e50e       0x18 c:/users/legion/.platformio/packages/toolchain-gccarmnoneeabi/bin/../lib/gcc/arm-none-eabi/7.2.1/../../../../arm-none-eabi/lib/thumb/v7e-m/fpv4-sp/hard\libstdc++_nano.a(guard.o)
                0x0000e50e                __cxa_guard_acquire
 .text.__cxa_guard_release
                0x0000e526        0x6 c:/users/legion/.platformio/packages/toolchain-gccarmnoneeabi/bin/../lib/gcc/arm-none-eabi/7.2.1/../../../../arm-none-eabi/lib/thumb/v7e-m/fpv4-sp/hard\libstdc++_nano.a(guard.o)
                0x0000e526                __cxa_guard_release
 .text._ZdaPv   0x0000e52c        0x4 c:/users/legion/.platformio/packages/toolchain-gccarmnoneeabi/bin/../lib/gcc/arm-none-eabi/7.2.1/../../../../arm-none-eabi/lib/thumb/v7e-m/fpv4-sp/hard\libstdc++_nano.a(del_opv.o)
                0x0000e52c                operator delete[](void*)
 .text._ZSt15get_new_handlerv
                0x0000e530       0x10 c:/users/legion/.platformio/packages/toolchain-gccarmnoneeabi/bin/../lib/gcc/arm-none-eabi/7.2.1/../../../../arm-none-eabi/lib/thumb/v7e-m/fpv4-sp/hard\libstdc++_nano.a(new_handler.o)
                0x0000e530                std::get_new_handler()
 .text._ZdlPvj  0x0000e540        0x4 c:/users/legion/.platformio/packages/toolchain-gccarmnoneeabi/bin/../lib/gcc/arm-none-eabi/7.2.1/../../../../arm-none-eabi/lib/thumb/v7e-m/fpv4-sp/hard\libstdc++_nano.a(del_ops.o)
                0x0000e540                operator delete(void*, unsigned int)
 .text._Znaj    0x0000e544        0x4 c:/users/legion/.platformio/packages/toolchain-gccarmnoneeabi/bin/../lib/gcc/arm-none-eabi/7.2.1/../../../../arm-none-eabi/lib/thumb/v7e-m/fpv4-sp/hard\libstdc++_nano.a(new_opv.o)
                0x0000e544                operator new[](unsigned int)
 .text._ZdlPv   0x0000e548        0x4 c:/users/legion/.platformio/packages/toolchain-gccarmnoneeabi/bin/../lib/gcc/arm-none-eabi/7.2.1/../../../../arm-none-eabi/lib/thumb/v7e-m/fpv4-sp/hard\libstdc++_nano.a(del_op.o)
                0x0000e548                operator delete(void*)
 .text          0x0000e54c      0x378 c:/users/legion/.platformio/packages/toolchain-gccarmnoneeabi/bin/../lib/gcc/arm-none-eabi/7.2.1/thumb/v7e-m/fpv4-sp/hard\libgcc.a(_arm_addsubdf3.o)
                0x0000e54c                __aeabi_drsub
                0x0000e554                __aeabi_dsub
                0x0000e554                __subdf3
                0x0000e558                __aeabi_dadd
                0x0000e558                __adddf3
                0x0000e7d0                __floatunsidf
                0x0000e7d0                __aeabi_ui2d
                0x0000e7f0                __floatsidf
                0x0000e7f0                __aeabi_i2d
                0x0000e814                __aeabi_f2d
                0x0000e814                __extendsfdf2
                0x0000e858                __floatundidf
                0x0000e858                __aeabi_ul2d
                0x0000e868                __floatdidf
                0x0000e868                __aeabi_l2d
 .text          0x0000e8c4      0x424 c:/users/legion/.platformio/packages/toolchain-gccarmnoneeabi/bin/../lib/gcc/arm-none-eabi/7.2.1/thumb/v7e-m/fpv4-sp/hard\libgcc.a(_arm_muldivdf3.o)
                0x0000e8c4                __aeabi_dmul
                0x0000e8c4                __muldf3
                0x0000eb18                __divdf3
                0x0000eb18                __aeabi_ddiv
 .text          0x0000ece8      0x110 c:/users/legion/.platformio/packages/toolchain-gccarmnoneeabi/bin/../lib/gcc/arm-none-eabi/7.2.1/thumb/v7e-m/fpv4-sp/hard\libgcc.a(_arm_cmpdf2.o)
                0x0000ece8                __gtdf2
                0x0000ece8                __gedf2
                0x0000ecf0                __ltdf2
                0x0000ecf0                __ledf2
                0x0000ecf8                __nedf2
                0x0000ecf8                __eqdf2
                0x0000ecf8                __cmpdf2
                0x0000ed74                __aeabi_cdrcmple
                0x0000ed84                __aeabi_cdcmpeq
                0x0000ed84                __aeabi_cdcmple
                0x0000ed94                __aeabi_dcmpeq
                0x0000eda8                __aeabi_dcmplt
                0x0000edbc                __aeabi_dcmple
                0x0000edd0                __aeabi_dcmpge
                0x0000ede4                __aeabi_dcmpgt
 .text          0x0000edf8       0x40 c:/users/legion/.platformio/packages/toolchain-gccarmnoneeabi/bin/../lib/gcc/arm-none-eabi/7.2.1/thumb/v7e-m/fpv4-sp/hard\libgcc.a(_arm_fixunsdfsi.o)
                0x0000edf8                __aeabi_d2uiz
                0x0000edf8                __fixunsdfsi
 .text          0x0000ee38       0xa0 c:/users/legion/.platformio/packages/toolchain-gccarmnoneeabi/bin/../lib/gcc/arm-none-eabi/7.2.1/thumb/v7e-m/fpv4-sp/hard\libgcc.a(_arm_truncdfsf2.o)
                0x0000ee38                __truncdfsf2
                0x0000ee38                __aeabi_d2f
 .text          0x0000eed8       0xa0 c:/users/legion/.platformio/packages/toolchain-gccarmnoneeabi/bin/../lib/gcc/arm-none-eabi/7.2.1/thumb/v7e-m/fpv4-sp/hard\libgcc.a(_aeabi_ldivmod.o)
                0x0000eed8                __aeabi_ldivmod
 .text          0x0000ef78      0x2cc c:/users/legion/.platformio/packages/toolchain-gccarmnoneeabi/bin/../lib/gcc/arm-none-eabi/7.2.1/thumb/v7e-m/fpv4-sp/hard\libgcc.a(_udivmoddi4.o)
                0x0000ef78                __udivmoddi4
 .text          0x0000f244        0x4 c:/users/legion/.platformio/packages/toolchain-gccarmnoneeabi/bin/../lib/gcc/arm-none-eabi/7.2.1/thumb/v7e-m/fpv4-sp/hard\libgcc.a(_dvmd_tls.o)
                0x0000f244                __aeabi_idiv0
                0x0000f244                __aeabi_ldiv0
 .text._ZN7arduino10ArduinoSPI14usingInterruptEi
                0x0000f248        0x2 .pio\build\uno_r4_wifi\lib066\libSPI.a(SPI.cpp.o)